commit=1410e42aaeac32704696d1ea8522f6d1b37102c9
baseline_commit=617aa6870d5482c284d25282adc8c2ab3476d263
job=11896
trials=10 warmup=100 iterations=500
num_heads=64 num_kv_heads=4 scale_modes=scalar per_token_head batches=1 8 16
name, uuid, driver_version, temperature.gpu, clocks.current.sm [MHz], power.draw [W]
NVIDIA B300 SXM6 AC, GPU-3924bd78-8b2f-8e85-3f20-8b0687d0bb0a, 580.126.09, 32, 120 MHz, 184.04 W
trial=01 batch=1 scale_mode=scalar modes=partial full merge
{'gpu': 'NVIDIA B300 SXM6 AC', 'batch': 1, 'num_heads': 64, 'num_kv_heads': 4, 'dtype': 'torch.float8_e4m3fn', 'scale_mode': 'scalar', 'num_chunks': 16, 'mode': 'partial', 'median_us': 8.736000396311283, 'p95_us': 10.048000141978264, 'stdev_us': 0.9307301835736803, 'iterations': 500, 'max_abs_error': 0.000244140625, 'cosine_similarity': 0.9999952912330627, 'seed': 20260829}
{'gpu': 'NVIDIA B300 SXM6 AC', 'batch': 1, 'num_heads': 64, 'num_kv_heads': 4, 'dtype': 'torch.float8_e4m3fn', 'scale_mode': 'scalar', 'num_chunks': 16, 'mode': 'full', 'median_us': 10.239999741315842, 'p95_us': 12.128000147640705, 'stdev_us': 0.912033572689982, 'iterations': 500, 'max_abs_error': 0.000244140625, 'cosine_similarity': 0.9999952912330627, 'seed': 20260829}
{'gpu': 'NVIDIA B300 SXM6 AC', 'batch': 1, 'num_heads': 64, 'num_kv_heads': 4, 'dtype': 'torch.float8_e4m3fn', 'scale_mode': 'scalar', 'num_chunks': 16, 'mode': 'merge', 'median_us': 6.719999946653843, 'p95_us': 7.104000076651573, 'stdev_us': 0.7399512980527896, 'iterations': 500, 'max_abs_error': 0.000244140625, 'cosine_similarity': 0.9999952912330627, 'seed': 20260829}
trial=01 batch=8 scale_mode=scalar modes=partial full merge
{'gpu': 'NVIDIA B300 SXM6 AC', 'batch': 8, 'num_heads': 64, 'num_kv_heads': 4, 'dtype': 'torch.float8_e4m3fn', 'scale_mode': 'scalar', 'num_chunks': 8, 'mode': 'partial', 'median_us': 16.1920003592968, 'p95_us': 16.416000202298164, 'stdev_us': 0.21228989350474278, 'iterations': 500, 'max_abs_error': 0.00048828125, 'cosine_similarity': 0.9999952912330627, 'seed': 20260829}
{'gpu': 'NVIDIA B300 SXM6 AC', 'batch': 8, 'num_heads': 64, 'num_kv_heads': 4, 'dtype': 'torch.float8_e4m3fn', 'scale_mode': 'scalar', 'num_chunks': 8, 'mode': 'full', 'median_us': 20.287999883294106, 'p95_us': 20.479999482631683, 'stdev_us': 0.1982576530994236, 'iterations': 500, 'max_abs_error': 0.00048828125, 'cosine_similarity': 0.9999952912330627, 'seed': 20260829}
{'gpu': 'NVIDIA B300 SXM6 AC', 'batch': 8, 'num_heads': 64, 'num_kv_heads': 4, 'dtype': 'torch.float8_e4m3fn', 'scale_mode': 'scalar', 'num_chunks': 8, 'mode': 'merge', 'median_us': 6.943999789655209, 'p95_us': 7.296000141650438, 'stdev_us': 0.6623731709800891, 'iterations': 500, 'max_abs_error': 0.00048828125, 'cosine_similarity': 0.9999952912330627, 'seed': 20260829}
trial=01 batch=16 scale_mode=scalar modes=partial full merge
{'gpu': 'NVIDIA B300 SXM6 AC', 'batch': 16, 'num_heads': 64, 'num_kv_heads': 4, 'dtype': 'torch.float8_e4m3fn', 'scale_mode': 'scalar', 'num_chunks': 4, 'mode': 'partial', 'median_us': 24.4159996509552, 'p95_us': 26.30399912595749, 'stdev_us': 0.6324941839397582, 'iterations': 500, 'max_abs_error': 0.00048828125, 'cosine_similarity': 0.999995231628418, 'seed': 20260829}
{'gpu': 'NVIDIA B300 SXM6 AC', 'batch': 16, 'num_heads': 64, 'num_kv_heads': 4, 'dtype': 'torch.float8_e4m3fn', 'scale_mode': 'scalar', 'num_chunks': 4, 'mode': 'full', 'median_us': 28.48000079393387, 'p95_us': 28.704000636935234, 'stdev_us': 0.24700601808236458, 'iterations': 500, 'max_abs_error': 0.00048828125, 'cosine_similarity': 0.999995231628418, 'seed': 20260829}
{'gpu': 'NVIDIA B300 SXM6 AC', 'batch': 16, 'num_heads': 64, 'num_kv_heads': 4, 'dtype': 'torch.float8_e4m3fn', 'scale_mode': 'scalar', 'num_chunks': 4, 'mode': 'merge', 'median_us': 6.943999789655209, 'p95_us': 9.119999594986439, 'stdev_us': 1.1253124391014973, 'iterations': 500, 'max_abs_error': 0.00048828125, 'cosine_similarity': 0.999995231628418, 'seed': 20260829}
trial=01 batch=1 scale_mode=per_token_head modes=partial full merge
{'gpu': 'NVIDIA B300 SXM6 AC', 'batch': 1, 'num_heads': 64, 'num_kv_heads': 4, 'dtype': 'torch.float8_e4m3fn', 'scale_mode': 'per_token_head', 'num_chunks': 16, 'mode': 'partial', 'median_us': 10.048000141978264, 'p95_us': 10.304000228643417, 'stdev_us': 0.2565482440711152, 'iterations': 500, 'max_abs_error': 0.000244140625, 'cosine_similarity': 0.9999938011169434, 'seed': 20260829}
{'gpu': 'NVIDIA B300 SXM6 AC', 'batch': 1, 'num_heads': 64, 'num_kv_heads': 4, 'dtype': 'torch.float8_e4m3fn', 'scale_mode': 'per_token_head', 'num_chunks': 16, 'mode': 'full', 'median_us': 12.095999903976917, 'p95_us': 12.319999746978283, 'stdev_us': 0.18077363850850714, 'iterations': 500, 'max_abs_error': 0.000244140625, 'cosine_similarity': 0.9999938011169434, 'seed': 20260829}
{'gpu': 'NVIDIA B300 SXM6 AC', 'batch': 1, 'num_heads': 64, 'num_kv_heads': 4, 'dtype': 'torch.float8_e4m3fn', 'scale_mode': 'per_token_head', 'num_chunks': 16, 'mode': 'merge', 'median_us': 6.816000211983919, 'p95_us': 7.071999832987785, 'stdev_us': 1.7974561717323219, 'iterations': 500, 'max_abs_error': 0.000244140625, 'cosine_similarity': 0.9999938011169434, 'seed': 20260829}
trial=01 batch=8 scale_mode=per_token_head modes=partial full merge
{'gpu': 'NVIDIA B300 SXM6 AC', 'batch': 8, 'num_heads': 64, 'num_kv_heads': 4, 'dtype': 'torch.float8_e4m3fn', 'scale_mode': 'per_token_head', 'num_chunks': 8, 'mode': 'partial', 'median_us': 14.175999909639359, 'p95_us': 16.03199914097786, 'stdev_us': 0.701407972755137, 'iterations': 500, 'max_abs_error': 0.00048828125, 'cosine_similarity': 0.9999936819076538, 'seed': 20260829}
{'gpu': 'NVIDIA B300 SXM6 AC', 'batch': 8, 'num_heads': 64, 'num_kv_heads': 4, 'dtype': 'torch.float8_e4m3fn', 'scale_mode': 'per_token_head', 'num_chunks': 8, 'mode': 'full', 'median_us': 18.239999189972878, 'p95_us': 20.031999796628952, 'stdev_us': 0.5983124420011047, 'iterations': 500, 'max_abs_error': 0.00048828125, 'cosine_similarity': 0.9999936819076538, 'seed': 20260829}
{'gpu': 'NVIDIA B300 SXM6 AC', 'batch': 8, 'num_heads': 64, 'num_kv_heads': 4, 'dtype': 'torch.float8_e4m3fn', 'scale_mode': 'per_token_head', 'num_chunks': 8, 'mode': 'merge', 'median_us': 6.976000033318996, 'p95_us': 8.63999966531992, 'stdev_us': 0.8120977509194726, 'iterations': 500, 'max_abs_error': 0.00048828125, 'cosine_similarity': 0.9999936819076538, 'seed': 20260829}
trial=01 batch=16 scale_mode=per_token_head modes=partial full merge
{'gpu': 'NVIDIA B300 SXM6 AC', 'batch': 16, 'num_heads': 64, 'num_kv_heads': 4, 'dtype': 'torch.float8_e4m3fn', 'scale_mode': 'per_token_head', 'num_chunks': 4, 'mode': 'partial', 'median_us': 22.36800082027912, 'p95_us': 22.6879995316267, 'stdev_us': 0.3764589697225148, 'iterations': 500, 'max_abs_error': 0.00048828125, 'cosine_similarity': 0.9999935626983643, 'seed': 20260829}
{'gpu': 'NVIDIA B300 SXM6 AC', 'batch': 16, 'num_heads': 64, 'num_kv_heads': 4, 'dtype': 'torch.float8_e4m3fn', 'scale_mode': 'per_token_head', 'num_chunks': 4, 'mode': 'full', 'median_us': 26.43200010061264, 'p95_us': 26.688000187277794, 'stdev_us': 0.33691048223300474, 'iterations': 500, 'max_abs_error': 0.00048828125, 'cosine_similarity': 0.9999935626983643, 'seed': 20260829}
{'gpu': 'NVIDIA B300 SXM6 AC', 'batch': 16, 'num_heads': 64, 'num_kv_heads': 4, 'dtype': 'torch.float8_e4m3fn', 'scale_mode': 'per_token_head', 'num_chunks': 4, 'mode': 'merge', 'median_us': 6.943999789655209, 'p95_us': 7.455999962985516, 'stdev_us': 0.6278887661421324, 'iterations': 500, 'max_abs_error': 0.00048828125, 'cosine_similarity': 0.9999935626983643, 'seed': 20260829}
trial=02 batch=16 scale_mode=per_token_head modes=full merge partial
{'gpu': 'NVIDIA B300 SXM6 AC', 'batch': 16, 'num_heads': 64, 'num_kv_heads': 4, 'dtype': 'torch.float8_e4m3fn', 'scale_mode': 'per_token_head', 'num_chunks': 4, 'mode': 'full', 'median_us': 26.464000344276428, 'p95_us': 26.623999699950218, 'stdev_us': 0.17509289746456977, 'iterations': 500, 'max_abs_error': 0.00048828125, 'cosine_similarity': 0.9999935626983643, 'seed': 20260829}
{'gpu': 'NVIDIA B300 SXM6 AC', 'batch': 16, 'num_heads': 64, 'num_kv_heads': 4, 'dtype': 'torch.float8_e4m3fn', 'scale_mode': 'per_token_head', 'num_chunks': 4, 'mode': 'merge', 'median_us': 6.912000011652708, 'p95_us': 7.552000228315592, 'stdev_us': 0.7832779422453161, 'iterations': 500, 'max_abs_error': 0.00048828125, 'cosine_similarity': 0.9999935626983643, 'seed': 20260829}
{'gpu': 'NVIDIA B300 SXM6 AC', 'batch': 16, 'num_heads': 64, 'num_kv_heads': 4, 'dtype': 'torch.float8_e4m3fn', 'scale_mode': 'per_token_head', 'num_chunks': 4, 'mode': 'partial', 'median_us': 22.36800082027912, 'p95_us': 22.5600004196167, 'stdev_us': 0.31967253920204536, 'iterations': 500, 'max_abs_error': 0.00048828125, 'cosine_similarity': 0.9999935626983643, 'seed': 20260829}
trial=02 batch=8 scale_mode=per_token_head modes=full merge partial
{'gpu': 'NVIDIA B300 SXM6 AC', 'batch': 8, 'num_heads': 64, 'num_kv_heads': 4, 'dtype': 'torch.float8_e4m3fn', 'scale_mode': 'per_token_head', 'num_chunks': 8, 'mode': 'full', 'median_us': 18.271999433636665, 'p95_us': 19.90400068461895, 'stdev_us': 0.5093375380093718, 'iterations': 500, 'max_abs_error': 0.00048828125, 'cosine_similarity': 0.9999936819076538, 'seed': 20260829}
{'gpu': 'NVIDIA B300 SXM6 AC', 'batch': 8, 'num_heads': 64, 'num_kv_heads': 4, 'dtype': 'torch.float8_e4m3fn', 'scale_mode': 'per_token_head', 'num_chunks': 8, 'mode': 'merge', 'median_us': 6.943999789655209, 'p95_us': 7.840000092983246, 'stdev_us': 0.9394198380396359, 'iterations': 500, 'max_abs_error': 0.00048828125, 'cosine_similarity': 0.9999936819076538, 'seed': 20260829}
{'gpu': 'NVIDIA B300 SXM6 AC', 'batch': 8, 'num_heads': 64, 'num_kv_heads': 4, 'dtype': 'torch.float8_e4m3fn', 'scale_mode': 'per_token_head', 'num_chunks': 8, 'mode': 'partial', 'median_us': 14.175999909639359, 'p95_us': 16.063999384641647, 'stdev_us': 0.6701124662531464, 'iterations': 500, 'max_abs_error': 0.00048828125, 'cosine_similarity': 0.9999936819076538, 'seed': 20260829}
trial=02 batch=1 scale_mode=per_token_head modes=full merge partial
{'gpu': 'NVIDIA B300 SXM6 AC', 'batch': 1, 'num_heads': 64, 'num_kv_heads': 4, 'dtype': 'torch.float8_e4m3fn', 'scale_mode': 'per_token_head', 'num_chunks': 16, 'mode': 'full', 'median_us': 12.095999903976917, 'p95_us': 12.28800043463707, 'stdev_us': 0.192760919013307, 'iterations': 500, 'max_abs_error': 0.000244140625, 'cosine_similarity': 0.9999938011169434, 'seed': 20260829}
{'gpu': 'NVIDIA B300 SXM6 AC', 'batch': 1, 'num_heads': 64, 'num_kv_heads': 4, 'dtype': 'torch.float8_e4m3fn', 'scale_mode': 'per_token_head', 'num_chunks': 16, 'mode': 'merge', 'median_us': 6.783999968320131, 'p95_us': 8.799999952316284, 'stdev_us': 1.0984849754391455, 'iterations': 500, 'max_abs_error': 0.000244140625, 'cosine_similarity': 0.9999938011169434, 'seed': 20260829}
{'gpu': 'NVIDIA B300 SXM6 AC', 'batch': 1, 'num_heads': 64, 'num_kv_heads': 4, 'dtype': 'torch.float8_e4m3fn', 'scale_mode': 'per_token_head', 'num_chunks': 16, 'mode': 'partial', 'median_us': 10.015999898314476, 'p95_us': 10.27199998497963, 'stdev_us': 0.205448795076235, 'iterations': 500, 'max_abs_error': 0.000244140625, 'cosine_similarity': 0.9999938011169434, 'seed': 20260829}
trial=02 batch=16 scale_mode=scalar modes=full merge partial
{'gpu': 'NVIDIA B300 SXM6 AC', 'batch': 16, 'num_heads': 64, 'num_kv_heads': 4, 'dtype': 'torch.float8_e4m3fn', 'scale_mode': 'scalar', 'num_chunks': 4, 'mode': 'full', 'median_us': 28.511999174952507, 'p95_us': 28.704000636935234, 'stdev_us': 0.2567139399034913, 'iterations': 500, 'max_abs_error': 0.00048828125, 'cosine_similarity': 0.999995231628418, 'seed': 20260829}
{'gpu': 'NVIDIA B300 SXM6 AC', 'batch': 16, 'num_heads': 64, 'num_kv_heads': 4, 'dtype': 'torch.float8_e4m3fn', 'scale_mode': 'scalar', 'num_chunks': 4, 'mode': 'merge', 'median_us': 6.87999976798892, 'p95_us': 7.23200011998415, 'stdev_us': 0.6923439959832273, 'iterations': 500, 'max_abs_error': 0.00048828125, 'cosine_similarity': 0.999995231628418, 'seed': 20260829}
{'gpu': 'NVIDIA B300 SXM6 AC', 'batch': 16, 'num_heads': 64, 'num_kv_heads': 4, 'dtype': 'torch.float8_e4m3fn', 'scale_mode': 'scalar', 'num_chunks': 4, 'mode': 'partial', 'median_us': 24.4159996509552, 'p95_us': 26.367999613285065, 'stdev_us': 0.6570760876783691, 'iterations': 500, 'max_abs_error': 0.00048828125, 'cosine_similarity': 0.999995231628418, 'seed': 20260829}
trial=02 batch=8 scale_mode=scalar modes=full merge partial
{'gpu': 'NVIDIA B300 SXM6 AC', 'batch': 8, 'num_heads': 64, 'num_kv_heads': 4, 'dtype': 'torch.float8_e4m3fn', 'scale_mode': 'scalar', 'num_chunks': 8, 'mode': 'full', 'median_us': 20.287999883294106, 'p95_us': 20.447999238967896, 'stdev_us': 0.15923745053677493, 'iterations': 500, 'max_abs_error': 0.00048828125, 'cosine_similarity': 0.9999952912330627, 'seed': 20260829}
{'gpu': 'NVIDIA B300 SXM6 AC', 'batch': 8, 'num_heads': 64, 'num_kv_heads': 4, 'dtype': 'torch.float8_e4m3fn', 'scale_mode': 'scalar', 'num_chunks': 8, 'mode': 'merge', 'median_us': 6.84799998998642, 'p95_us': 7.935999892652035, 'stdev_us': 0.6887834484045203, 'iterations': 500, 'max_abs_error': 0.00048828125, 'cosine_similarity': 0.9999952912330627, 'seed': 20260829}
{'gpu': 'NVIDIA B300 SXM6 AC', 'batch': 8, 'num_heads': 64, 'num_kv_heads': 4, 'dtype': 'torch.float8_e4m3fn', 'scale_mode': 'scalar', 'num_chunks': 8, 'mode': 'partial', 'median_us': 16.1920003592968, 'p95_us': 16.383999958634377, 'stdev_us': 0.18666312468374033, 'iterations': 500, 'max_abs_error': 0.00048828125, 'cosine_similarity': 0.9999952912330627, 'seed': 20260829}
trial=02 batch=1 scale_mode=scalar modes=full merge partial
{'gpu': 'NVIDIA B300 SXM6 AC', 'batch': 1, 'num_heads': 64, 'num_kv_heads': 4, 'dtype': 'torch.float8_e4m3fn', 'scale_mode': 'scalar', 'num_chunks': 16, 'mode': 'full', 'median_us': 10.208000428974628, 'p95_us': 12.095999903976917, 'stdev_us': 0.9074109193533307, 'iterations': 500, 'max_abs_error': 0.000244140625, 'cosine_similarity': 0.9999952912330627, 'seed': 20260829}
{'gpu': 'NVIDIA B300 SXM6 AC', 'batch': 1, 'num_heads': 64, 'num_kv_heads': 4, 'dtype': 'torch.float8_e4m3fn', 'scale_mode': 'scalar', 'num_chunks': 16, 'mode': 'merge', 'median_us': 6.84799998998642, 'p95_us': 8.736000396311283, 'stdev_us': 1.187032278223189, 'iterations': 500, 'max_abs_error': 0.000244140625, 'cosine_similarity': 0.9999952912330627, 'seed': 20260829}
{'gpu': 'NVIDIA B300 SXM6 AC', 'batch': 1, 'num_heads': 64, 'num_kv_heads': 4, 'dtype': 'torch.float8_e4m3fn', 'scale_mode': 'scalar', 'num_chunks': 16, 'mode': 'partial', 'median_us': 8.799999952316284, 'p95_us': 10.080000385642052, 'stdev_us': 1.01234142917103, 'iterations': 500, 'max_abs_error': 0.000244140625, 'cosine_similarity': 0.9999952912330627, 'seed': 20260829}
trial=03 batch=1 scale_mode=scalar modes=merge partial full
{'gpu': 'NVIDIA B300 SXM6 AC', 'batch': 1, 'num_heads': 64, 'num_kv_heads': 4, 'dtype': 'torch.float8_e4m3fn', 'scale_mode': 'scalar', 'num_chunks': 16, 'mode': 'merge', 'median_us': 6.943999789655209, 'p95_us': 7.519999984651804, 'stdev_us': 0.9761646704632978, 'iterations': 500, 'max_abs_error': 0.000244140625, 'cosine_similarity': 0.9999952912330627, 'seed': 20260829}
{'gpu': 'NVIDIA B300 SXM6 AC', 'batch': 1, 'num_heads': 64, 'num_kv_heads': 4, 'dtype': 'torch.float8_e4m3fn', 'scale_mode': 'scalar', 'num_chunks': 16, 'mode': 'partial', 'median_us': 8.191999979317188, 'p95_us': 10.080000385642052, 'stdev_us': 1.0078437492629382, 'iterations': 500, 'max_abs_error': 0.000244140625, 'cosine_similarity': 0.9999952912330627, 'seed': 20260829}
{'gpu': 'NVIDIA B300 SXM6 AC', 'batch': 1, 'num_heads': 64, 'num_kv_heads': 4, 'dtype': 'torch.float8_e4m3fn', 'scale_mode': 'scalar', 'num_chunks': 16, 'mode': 'full', 'median_us': 10.639999993145466, 'p95_us': 12.128000147640705, 'stdev_us': 0.9233952710705591, 'iterations': 500, 'max_abs_error': 0.000244140625, 'cosine_similarity': 0.9999952912330627, 'seed': 20260829}
trial=03 batch=8 scale_mode=scalar modes=merge partial full
{'gpu': 'NVIDIA B300 SXM6 AC', 'batch': 8, 'num_heads': 64, 'num_kv_heads': 4, 'dtype': 'torch.float8_e4m3fn', 'scale_mode': 'scalar', 'num_chunks': 8, 'mode': 'merge', 'median_us': 7.071999832987785, 'p95_us': 7.679999805986881, 'stdev_us': 0.9364850571428542, 'iterations': 500, 'max_abs_error': 0.00048828125, 'cosine_similarity': 0.9999952912330627, 'seed': 20260829}
{'gpu': 'NVIDIA B300 SXM6 AC', 'batch': 8, 'num_heads': 64, 'num_kv_heads': 4, 'dtype': 'torch.float8_e4m3fn', 'scale_mode': 'scalar', 'num_chunks': 8, 'mode': 'partial', 'median_us': 16.1920003592968, 'p95_us': 16.416000202298164, 'stdev_us': 0.15505815170748624, 'iterations': 500, 'max_abs_error': 0.00048828125, 'cosine_similarity': 0.9999952912330627, 'seed': 20260829}
{'gpu': 'NVIDIA B300 SXM6 AC', 'batch': 8, 'num_heads': 64, 'num_kv_heads': 4, 'dtype': 'torch.float8_e4m3fn', 'scale_mode': 'scalar', 'num_chunks': 8, 'mode': 'full', 'median_us': 20.320000126957893, 'p95_us': 20.38400061428547, 'stdev_us': 0.14873713545069006, 'iterations': 500, 'max_abs_error': 0.00048828125, 'cosine_similarity': 0.9999952912330627, 'seed': 20260829}
trial=03 batch=16 scale_mode=scalar modes=merge partial full
{'gpu': 'NVIDIA B300 SXM6 AC', 'batch': 16, 'num_heads': 64, 'num_kv_heads': 4, 'dtype': 'torch.float8_e4m3fn', 'scale_mode': 'scalar', 'num_chunks': 4, 'mode': 'merge', 'median_us': 6.976000033318996, 'p95_us': 7.679999805986881, 'stdev_us': 0.7440759359806093, 'iterations': 500, 'max_abs_error': 0.00048828125, 'cosine_similarity': 0.999995231628418, 'seed': 20260829}
{'gpu': 'NVIDIA B300 SXM6 AC', 'batch': 16, 'num_heads': 64, 'num_kv_heads': 4, 'dtype': 'torch.float8_e4m3fn', 'scale_mode': 'scalar', 'num_chunks': 4, 'mode': 'partial', 'median_us': 24.4159996509552, 'p95_us': 24.70399998128414, 'stdev_us': 0.3575778765831455, 'iterations': 500, 'max_abs_error': 0.00048828125, 'cosine_similarity': 0.999995231628418, 'seed': 20260829}
{'gpu': 'NVIDIA B300 SXM6 AC', 'batch': 16, 'num_heads': 64, 'num_kv_heads': 4, 'dtype': 'torch.float8_e4m3fn', 'scale_mode': 'scalar', 'num_chunks': 4, 'mode': 'full', 'median_us': 28.48000079393387, 'p95_us': 28.736000880599022, 'stdev_us': 0.2133140081563947, 'iterations': 500, 'max_abs_error': 0.00048828125, 'cosine_similarity': 0.999995231628418, 'seed': 20260829}
trial=03 batch=1 scale_mode=per_token_head modes=merge partial full
{'gpu': 'NVIDIA B300 SXM6 AC', 'batch': 1, 'num_heads': 64, 'num_kv_heads': 4, 'dtype': 'torch.float8_e4m3fn', 'scale_mode': 'per_token_head', 'num_chunks': 16, 'mode': 'merge', 'median_us': 6.84799998998642, 'p95_us': 7.327999919652939, 'stdev_us': 0.6888613466274495, 'iterations': 500, 'max_abs_error': 0.000244140625, 'cosine_similarity': 0.9999938011169434, 'seed': 20260829}
{'gpu': 'NVIDIA B300 SXM6 AC', 'batch': 1, 'num_heads': 64, 'num_kv_heads': 4, 'dtype': 'torch.float8_e4m3fn', 'scale_mode': 'per_token_head', 'num_chunks': 16, 'mode': 'partial', 'median_us': 10.048000141978264, 'p95_us': 10.27199998497963, 'stdev_us': 0.2053868601964586, 'iterations': 500, 'max_abs_error': 0.000244140625, 'cosine_similarity': 0.9999938011169434, 'seed': 20260829}
{'gpu': 'NVIDIA B300 SXM6 AC', 'batch': 1, 'num_heads': 64, 'num_kv_heads': 4, 'dtype': 'torch.float8_e4m3fn', 'scale_mode': 'per_token_head', 'num_chunks': 16, 'mode': 'full', 'median_us': 12.06399966031313, 'p95_us': 12.28800043463707, 'stdev_us': 0.18426183304225166, 'iterations': 500, 'max_abs_error': 0.000244140625, 'cosine_similarity': 0.9999938011169434, 'seed': 20260829}
trial=03 batch=8 scale_mode=per_token_head modes=merge partial full
{'gpu': 'NVIDIA B300 SXM6 AC', 'batch': 8, 'num_heads': 64, 'num_kv_heads': 4, 'dtype': 'torch.float8_e4m3fn', 'scale_mode': 'per_token_head', 'num_chunks': 8, 'mode': 'merge', 'median_us': 7.040000054985285, 'p95_us': 9.312000125646591, 'stdev_us': 1.165856962115647, 'iterations': 500, 'max_abs_error': 0.00048828125, 'cosine_similarity': 0.9999936819076538, 'seed': 20260829}
{'gpu': 'NVIDIA B300 SXM6 AC', 'batch': 8, 'num_heads': 64, 'num_kv_heads': 4, 'dtype': 'torch.float8_e4m3fn', 'scale_mode': 'per_token_head', 'num_chunks': 8, 'mode': 'partial', 'median_us': 14.175999909639359, 'p95_us': 16.127999871969223, 'stdev_us': 0.7201506628009514, 'iterations': 500, 'max_abs_error': 0.00048828125, 'cosine_similarity': 0.9999936819076538, 'seed': 20260829}
{'gpu': 'NVIDIA B300 SXM6 AC', 'batch': 8, 'num_heads': 64, 'num_kv_heads': 4, 'dtype': 'torch.float8_e4m3fn', 'scale_mode': 'per_token_head', 'num_chunks': 8, 'mode': 'full', 'median_us': 18.271999433636665, 'p95_us': 19.999999552965164, 'stdev_us': 0.5161438753123172, 'iterations': 500, 'max_abs_error': 0.00048828125, 'cosine_similarity': 0.9999936819076538, 'seed': 20260829}
trial=03 batch=16 scale_mode=per_token_head modes=merge partial full
{'gpu': 'NVIDIA B300 SXM6 AC', 'batch': 16, 'num_heads': 64, 'num_kv_heads': 4, 'dtype': 'torch.float8_e4m3fn', 'scale_mode': 'per_token_head', 'num_chunks': 4, 'mode': 'merge', 'median_us': 6.87999976798892, 'p95_us': 7.327999919652939, 'stdev_us': 1.5323511708273374, 'iterations': 500, 'max_abs_error': 0.00048828125, 'cosine_similarity': 0.9999935626983643, 'seed': 20260829}
{'gpu': 'NVIDIA B300 SXM6 AC', 'batch': 16, 'num_heads': 64, 'num_kv_heads': 4, 'dtype': 'torch.float8_e4m3fn', 'scale_mode': 'per_token_head', 'num_chunks': 4, 'mode': 'partial', 'median_us': 22.336000576615334, 'p95_us': 22.624000906944275, 'stdev_us': 0.36096346794344164, 'iterations': 500, 'max_abs_error': 0.00048828125, 'cosine_similarity': 0.9999935626983643, 'seed': 20260829}
{'gpu': 'NVIDIA B300 SXM6 AC', 'batch': 16, 'num_heads': 64, 'num_kv_heads': 4, 'dtype': 'torch.float8_e4m3fn', 'scale_mode': 'per_token_head', 'num_chunks': 4, 'mode': 'full', 'median_us': 26.43200010061264, 'p95_us': 26.623999699950218, 'stdev_us': 0.16243203689823005, 'iterations': 500, 'max_abs_error': 0.00048828125, 'cosine_similarity': 0.9999935626983643, 'seed': 20260829}
trial=04 batch=16 scale_mode=per_token_head modes=partial full merge
{'gpu': 'NVIDIA B300 SXM6 AC', 'batch': 16, 'num_heads': 64, 'num_kv_heads': 4, 'dtype': 'torch.float8_e4m3fn', 'scale_mode': 'per_token_head', 'num_chunks': 4, 'mode': 'partial', 'median_us': 22.336000576615334, 'p95_us': 22.592000663280487, 'stdev_us': 0.24931763499640167, 'iterations': 500, 'max_abs_error': 0.00048828125, 'cosine_similarity': 0.9999935626983643, 'seed': 20260829}
{'gpu': 'NVIDIA B300 SXM6 AC', 'batch': 16, 'num_heads': 64, 'num_kv_heads': 4, 'dtype': 'torch.float8_e4m3fn', 'scale_mode': 'per_token_head', 'num_chunks': 4, 'mode': 'full', 'median_us': 26.464000344276428, 'p95_us': 26.688000187277794, 'stdev_us': 0.20887350043650343, 'iterations': 500, 'max_abs_error': 0.00048828125, 'cosine_similarity': 0.9999935626983643, 'seed': 20260829}
{'gpu': 'NVIDIA B300 SXM6 AC', 'batch': 16, 'num_heads': 64, 'num_kv_heads': 4, 'dtype': 'torch.float8_e4m3fn', 'scale_mode': 'per_token_head', 'num_chunks': 4, 'mode': 'merge', 'median_us': 6.816000211983919, 'p95_us': 8.00000037997961, 'stdev_us': 0.8908278850059773, 'iterations': 500, 'max_abs_error': 0.00048828125, 'cosine_similarity': 0.9999935626983643, 'seed': 20260829}
trial=04 batch=8 scale_mode=per_token_head modes=partial full merge
{'gpu': 'NVIDIA B300 SXM6 AC', 'batch': 8, 'num_heads': 64, 'num_kv_heads': 4, 'dtype': 'torch.float8_e4m3fn', 'scale_mode': 'per_token_head', 'num_chunks': 8, 'mode': 'partial', 'median_us': 14.175999909639359, 'p95_us': 16.095999628305435, 'stdev_us': 0.7557384699202832, 'iterations': 500, 'max_abs_error': 0.00048828125, 'cosine_similarity': 0.9999936819076538, 'seed': 20260829}
{'gpu': 'NVIDIA B300 SXM6 AC', 'batch': 8, 'num_heads': 64, 'num_kv_heads': 4, 'dtype': 'torch.float8_e4m3fn', 'scale_mode': 'per_token_head', 'num_chunks': 8, 'mode': 'full', 'median_us': 18.271999433636665, 'p95_us': 20.06400004029274, 'stdev_us': 0.5019541764152158, 'iterations': 500, 'max_abs_error': 0.00048828125, 'cosine_similarity': 0.9999936819076538, 'seed': 20260829}
{'gpu': 'NVIDIA B300 SXM6 AC', 'batch': 8, 'num_heads': 64, 'num_kv_heads': 4, 'dtype': 'torch.float8_e4m3fn', 'scale_mode': 'per_token_head', 'num_chunks': 8, 'mode': 'merge', 'median_us': 6.976000033318996, 'p95_us': 9.056000038981438, 'stdev_us': 1.2178186136081879, 'iterations': 500, 'max_abs_error': 0.00048828125, 'cosine_similarity': 0.9999936819076538, 'seed': 20260829}
trial=04 batch=1 scale_mode=per_token_head modes=partial full merge
{'gpu': 'NVIDIA B300 SXM6 AC', 'batch': 1, 'num_heads': 64, 'num_kv_heads': 4, 'dtype': 'torch.float8_e4m3fn', 'scale_mode': 'per_token_head', 'num_chunks': 16, 'mode': 'partial', 'median_us': 10.015999898314476, 'p95_us': 10.367999784648418, 'stdev_us': 0.27283824840671644, 'iterations': 500, 'max_abs_error': 0.000244140625, 'cosine_similarity': 0.9999938011169434, 'seed': 20260829}
{'gpu': 'NVIDIA B300 SXM6 AC', 'batch': 1, 'num_heads': 64, 'num_kv_heads': 4, 'dtype': 'torch.float8_e4m3fn', 'scale_mode': 'per_token_head', 'num_chunks': 16, 'mode': 'full', 'median_us': 12.06399966031313, 'p95_us': 12.35199999064207, 'stdev_us': 0.2082103561035698, 'iterations': 500, 'max_abs_error': 0.000244140625, 'cosine_similarity': 0.9999938011169434, 'seed': 20260829}
{'gpu': 'NVIDIA B300 SXM6 AC', 'batch': 1, 'num_heads': 64, 'num_kv_heads': 4, 'dtype': 'torch.float8_e4m3fn', 'scale_mode': 'per_token_head', 'num_chunks': 16, 'mode': 'merge', 'median_us': 6.688000168651342, 'p95_us': 7.168000098317862, 'stdev_us': 0.8162956940729031, 'iterations': 500, 'max_abs_error': 0.000244140625, 'cosine_similarity': 0.9999938011169434, 'seed': 20260829}
trial=04 batch=16 scale_mode=scalar modes=partial full merge
{'gpu': 'NVIDIA B300 SXM6 AC', 'batch': 16, 'num_heads': 64, 'num_kv_heads': 4, 'dtype': 'torch.float8_e4m3fn', 'scale_mode': 'scalar', 'num_chunks': 4, 'mode': 'partial', 'median_us': 24.4159996509552, 'p95_us': 26.1439997702837, 'stdev_us': 0.5057705203840775, 'iterations': 500, 'max_abs_error': 0.00048828125, 'cosine_similarity': 0.999995231628418, 'seed': 20260829}
{'gpu': 'NVIDIA B300 SXM6 AC', 'batch': 16, 'num_heads': 64, 'num_kv_heads': 4, 'dtype': 'torch.float8_e4m3fn', 'scale_mode': 'scalar', 'num_chunks': 4, 'mode': 'full', 'median_us': 28.511999174952507, 'p95_us': 28.704000636935234, 'stdev_us': 0.16347290834170983, 'iterations': 500, 'max_abs_error': 0.00048828125, 'cosine_similarity': 0.999995231628418, 'seed': 20260829}
{'gpu': 'NVIDIA B300 SXM6 AC', 'batch': 16, 'num_heads': 64, 'num_kv_heads': 4, 'dtype': 'torch.float8_e4m3fn', 'scale_mode': 'scalar', 'num_chunks': 4, 'mode': 'merge', 'median_us': 6.783999968320131, 'p95_us': 7.135999854654074, 'stdev_us': 0.8388215386035563, 'iterations': 500, 'max_abs_error': 0.00048828125, 'cosine_similarity': 0.999995231628418, 'seed': 20260829}
trial=04 batch=8 scale_mode=scalar modes=partial full merge
{'gpu': 'NVIDIA B300 SXM6 AC', 'batch': 8, 'num_heads': 64, 'num_kv_heads': 4, 'dtype': 'torch.float8_e4m3fn', 'scale_mode': 'scalar', 'num_chunks': 8, 'mode': 'partial', 'median_us': 16.224000602960587, 'p95_us': 16.448000445961952, 'stdev_us': 0.22004742444056807, 'iterations': 500, 'max_abs_error': 0.00048828125, 'cosine_similarity': 0.9999952912330627, 'seed': 20260829}
{'gpu': 'NVIDIA B300 SXM6 AC', 'batch': 8, 'num_heads': 64, 'num_kv_heads': 4, 'dtype': 'torch.float8_e4m3fn', 'scale_mode': 'scalar', 'num_chunks': 8, 'mode': 'full', 'median_us': 20.287999883294106, 'p95_us': 20.51199972629547, 'stdev_us': 0.26893449950231807, 'iterations': 500, 'max_abs_error': 0.00048828125, 'cosine_similarity': 0.9999952912330627, 'seed': 20260829}
{'gpu': 'NVIDIA B300 SXM6 AC', 'batch': 8, 'num_heads': 64, 'num_kv_heads': 4, 'dtype': 'torch.float8_e4m3fn', 'scale_mode': 'scalar', 'num_chunks': 8, 'mode': 'merge', 'median_us': 8.960000239312649, 'p95_us': 9.503999724984169, 'stdev_us': 1.2555959690494518, 'iterations': 500, 'max_abs_error': 0.00048828125, 'cosine_similarity': 0.9999952912330627, 'seed': 20260829}
trial=04 batch=1 scale_mode=scalar modes=partial full merge
{'gpu': 'NVIDIA B300 SXM6 AC', 'batch': 1, 'num_heads': 64, 'num_kv_heads': 4, 'dtype': 'torch.float8_e4m3fn', 'scale_mode': 'scalar', 'num_chunks': 16, 'mode': 'partial', 'median_us': 8.224000222980976, 'p95_us': 10.015999898314476, 'stdev_us': 0.8350650695788354, 'iterations': 500, 'max_abs_error': 0.000244140625, 'cosine_similarity': 0.9999952912330627, 'seed': 20260829}
{'gpu': 'NVIDIA B300 SXM6 AC', 'batch': 1, 'num_heads': 64, 'num_kv_heads': 4, 'dtype': 'torch.float8_e4m3fn', 'scale_mode': 'scalar', 'num_chunks': 16, 'mode': 'full', 'median_us': 10.208000428974628, 'p95_us': 12.06399966031313, 'stdev_us': 0.8622765315907998, 'iterations': 500, 'max_abs_error': 0.000244140625, 'cosine_similarity': 0.9999952912330627, 'seed': 20260829}
{'gpu': 'NVIDIA B300 SXM6 AC', 'batch': 1, 'num_heads': 64, 'num_kv_heads': 4, 'dtype': 'torch.float8_e4m3fn', 'scale_mode': 'scalar', 'num_chunks': 16, 'mode': 'merge', 'median_us': 6.943999789655209, 'p95_us': 8.927999995648861, 'stdev_us': 1.125464585505742, 'iterations': 500, 'max_abs_error': 0.000244140625, 'cosine_similarity': 0.9999952912330627, 'seed': 20260829}
trial=05 batch=1 scale_mode=scalar modes=full merge partial
{'gpu': 'NVIDIA B300 SXM6 AC', 'batch': 1, 'num_heads': 64, 'num_kv_heads': 4, 'dtype': 'torch.float8_e4m3fn', 'scale_mode': 'scalar', 'num_chunks': 16, 'mode': 'full', 'median_us': 10.17600018531084, 'p95_us': 12.128000147640705, 'stdev_us': 0.9252027786018563, 'iterations': 500, 'max_abs_error': 0.000244140625, 'cosine_similarity': 0.9999952912330627, 'seed': 20260829}
{'gpu': 'NVIDIA B300 SXM6 AC', 'batch': 1, 'num_heads': 64, 'num_kv_heads': 4, 'dtype': 'torch.float8_e4m3fn', 'scale_mode': 'scalar', 'num_chunks': 16, 'mode': 'merge', 'median_us': 6.912000011652708, 'p95_us': 7.584000006318092, 'stdev_us': 0.7643402462754496, 'iterations': 500, 'max_abs_error': 0.000244140625, 'cosine_similarity': 0.9999952912330627, 'seed': 20260829}
{'gpu': 'NVIDIA B300 SXM6 AC', 'batch': 1, 'num_heads': 64, 'num_kv_heads': 4, 'dtype': 'torch.float8_e4m3fn', 'scale_mode': 'scalar', 'num_chunks': 16, 'mode': 'partial', 'median_us': 8.383999578654766, 'p95_us': 10.080000385642052, 'stdev_us': 0.9048987382848722, 'iterations': 500, 'max_abs_error': 0.000244140625, 'cosine_similarity': 0.9999952912330627, 'seed': 20260829}
trial=05 batch=8 scale_mode=scalar modes=full merge partial
{'gpu': 'NVIDIA B300 SXM6 AC', 'batch': 8, 'num_heads': 64, 'num_kv_heads': 4, 'dtype': 'torch.float8_e4m3fn', 'scale_mode': 'scalar', 'num_chunks': 8, 'mode': 'full', 'median_us': 20.304000005126, 'p95_us': 20.447999238967896, 'stdev_us': 0.1780976899392034, 'iterations': 500, 'max_abs_error': 0.00048828125, 'cosine_similarity': 0.9999952912330627, 'seed': 20260829}
{'gpu': 'NVIDIA B300 SXM6 AC', 'batch': 8, 'num_heads': 64, 'num_kv_heads': 4, 'dtype': 'torch.float8_e4m3fn', 'scale_mode': 'scalar', 'num_chunks': 8, 'mode': 'merge', 'median_us': 6.87999976798892, 'p95_us': 8.54399986565113, 'stdev_us': 0.8284299503111845, 'iterations': 500, 'max_abs_error': 0.00048828125, 'cosine_similarity': 0.9999952912330627, 'seed': 20260829}
{'gpu': 'NVIDIA B300 SXM6 AC', 'batch': 8, 'num_heads': 64, 'num_kv_heads': 4, 'dtype': 'torch.float8_e4m3fn', 'scale_mode': 'scalar', 'num_chunks': 8, 'mode': 'partial', 'median_us': 16.224000602960587, 'p95_us': 16.416000202298164, 'stdev_us': 0.17025522953049566, 'iterations': 500, 'max_abs_error': 0.00048828125, 'cosine_similarity': 0.9999952912330627, 'seed': 20260829}
trial=05 batch=16 scale_mode=scalar modes=full merge partial
{'gpu': 'NVIDIA B300 SXM6 AC', 'batch': 16, 'num_heads': 64, 'num_kv_heads': 4, 'dtype': 'torch.float8_e4m3fn', 'scale_mode': 'scalar', 'num_chunks': 4, 'mode': 'full', 'median_us': 28.48000079393387, 'p95_us': 28.704000636935234, 'stdev_us': 0.23538032234155198, 'iterations': 500, 'max_abs_error': 0.00048828125, 'cosine_similarity': 0.999995231628418, 'seed': 20260829}
{'gpu': 'NVIDIA B300 SXM6 AC', 'batch': 16, 'num_heads': 64, 'num_kv_heads': 4, 'dtype': 'torch.float8_e4m3fn', 'scale_mode': 'scalar', 'num_chunks': 4, 'mode': 'merge', 'median_us': 6.84799998998642, 'p95_us': 7.327999919652939, 'stdev_us': 0.8459107267458381, 'iterations': 500, 'max_abs_error': 0.00048828125, 'cosine_similarity': 0.999995231628418, 'seed': 20260829}
{'gpu': 'NVIDIA B300 SXM6 AC', 'batch': 16, 'num_heads': 64, 'num_kv_heads': 4, 'dtype': 'torch.float8_e4m3fn', 'scale_mode': 'scalar', 'num_chunks': 4, 'mode': 'partial', 'median_us': 24.4159996509552, 'p95_us': 26.11199952661991, 'stdev_us': 0.4602515990178304, 'iterations': 500, 'max_abs_error': 0.00048828125, 'cosine_similarity': 0.999995231628418, 'seed': 20260829}
trial=05 batch=1 scale_mode=per_token_head modes=full merge partial
{'gpu': 'NVIDIA B300 SXM6 AC', 'batch': 1, 'num_heads': 64, 'num_kv_heads': 4, 'dtype': 'torch.float8_e4m3fn', 'scale_mode': 'per_token_head', 'num_chunks': 16, 'mode': 'full', 'median_us': 12.095999903976917, 'p95_us': 12.35199999064207, 'stdev_us': 0.22373305455933915, 'iterations': 500, 'max_abs_error': 0.000244140625, 'cosine_similarity': 0.9999938011169434, 'seed': 20260829}
{'gpu': 'NVIDIA B300 SXM6 AC', 'batch': 1, 'num_heads': 64, 'num_kv_heads': 4, 'dtype': 'torch.float8_e4m3fn', 'scale_mode': 'per_token_head', 'num_chunks': 16, 'mode': 'merge', 'median_us': 6.87999976798892, 'p95_us': 7.455999962985516, 'stdev_us': 0.7991155576661884, 'iterations': 500, 'max_abs_error': 0.000244140625, 'cosine_similarity': 0.9999938011169434, 'seed': 20260829}
{'gpu': 'NVIDIA B300 SXM6 AC', 'batch': 1, 'num_heads': 64, 'num_kv_heads': 4, 'dtype': 'torch.float8_e4m3fn', 'scale_mode': 'per_token_head', 'num_chunks': 16, 'mode': 'partial', 'median_us': 10.048000141978264, 'p95_us': 10.33599954098463, 'stdev_us': 0.5180017069485512, 'iterations': 500, 'max_abs_error': 0.000244140625, 'cosine_similarity': 0.9999938011169434, 'seed': 20260829}
trial=05 batch=8 scale_mode=per_token_head modes=full merge partial
{'gpu': 'NVIDIA B300 SXM6 AC', 'batch': 8, 'num_heads': 64, 'num_kv_heads': 4, 'dtype': 'torch.float8_e4m3fn', 'scale_mode': 'per_token_head', 'num_chunks': 8, 'mode': 'full', 'median_us': 18.271999433636665, 'p95_us': 19.999999552965164, 'stdev_us': 0.5279623834985676, 'iterations': 500, 'max_abs_error': 0.00048828125, 'cosine_similarity': 0.9999936819076538, 'seed': 20260829}
{'gpu': 'NVIDIA B300 SXM6 AC', 'batch': 8, 'num_heads': 64, 'num_kv_heads': 4, 'dtype': 'torch.float8_e4m3fn', 'scale_mode': 'per_token_head', 'num_chunks': 8, 'mode': 'merge', 'median_us': 6.816000211983919, 'p95_us': 8.1599997356534, 'stdev_us': 0.8031750385010388, 'iterations': 500, 'max_abs_error': 0.00048828125, 'cosine_similarity': 0.9999936819076538, 'seed': 20260829}
{'gpu': 'NVIDIA B300 SXM6 AC', 'batch': 8, 'num_heads': 64, 'num_kv_heads': 4, 'dtype': 'torch.float8_e4m3fn', 'scale_mode': 'per_token_head', 'num_chunks': 8, 'mode': 'partial', 'median_us': 14.175999909639359, 'p95_us': 16.063999384641647, 'stdev_us': 0.650654988095599, 'iterations': 500, 'max_abs_error': 0.00048828125, 'cosine_similarity': 0.9999936819076538, 'seed': 20260829}
trial=05 batch=16 scale_mode=per_token_head modes=full merge partial
{'gpu': 'NVIDIA B300 SXM6 AC', 'batch': 16, 'num_heads': 64, 'num_kv_heads': 4, 'dtype': 'torch.float8_e4m3fn', 'scale_mode': 'per_token_head', 'num_chunks': 4, 'mode': 'full', 'median_us': 26.464000344276428, 'p95_us': 26.623999699950218, 'stdev_us': 0.17348379390849214, 'iterations': 500, 'max_abs_error': 0.00048828125, 'cosine_similarity': 0.9999935626983643, 'seed': 20260829}
{'gpu': 'NVIDIA B300 SXM6 AC', 'batch': 16, 'num_heads': 64, 'num_kv_heads': 4, 'dtype': 'torch.float8_e4m3fn', 'scale_mode': 'per_token_head', 'num_chunks': 4, 'mode': 'merge', 'median_us': 6.84799998998642, 'p95_us': 8.608000352978706, 'stdev_us': 1.1086193637670663, 'iterations': 500, 'max_abs_error': 0.00048828125, 'cosine_similarity': 0.9999935626983643, 'seed': 20260829}
{'gpu': 'NVIDIA B300 SXM6 AC', 'batch': 16, 'num_heads': 64, 'num_kv_heads': 4, 'dtype': 'torch.float8_e4m3fn', 'scale_mode': 'per_token_head', 'num_chunks': 4, 'mode': 'partial', 'median_us': 22.36800082027912, 'p95_us': 22.5600004196167, 'stdev_us': 0.27541960429700446, 'iterations': 500, 'max_abs_error': 0.00048828125, 'cosine_similarity': 0.9999935626983643, 'seed': 20260829}
trial=06 batch=16 scale_mode=per_token_head modes=merge partial full
{'gpu': 'NVIDIA B300 SXM6 AC', 'batch': 16, 'num_heads': 64, 'num_kv_heads': 4, 'dtype': 'torch.float8_e4m3fn', 'scale_mode': 'per_token_head', 'num_chunks': 4, 'mode': 'merge', 'median_us': 6.976000033318996, 'p95_us': 7.552000228315592, 'stdev_us': 0.6511794172109212, 'iterations': 500, 'max_abs_error': 0.00048828125, 'cosine_similarity': 0.9999935626983643, 'seed': 20260829}
{'gpu': 'NVIDIA B300 SXM6 AC', 'batch': 16, 'num_heads': 64, 'num_kv_heads': 4, 'dtype': 'torch.float8_e4m3fn', 'scale_mode': 'per_token_head', 'num_chunks': 4, 'mode': 'partial', 'median_us': 22.36800082027912, 'p95_us': 22.592000663280487, 'stdev_us': 0.2210049176942154, 'iterations': 500, 'max_abs_error': 0.00048828125, 'cosine_similarity': 0.9999935626983643, 'seed': 20260829}
{'gpu': 'NVIDIA B300 SXM6 AC', 'batch': 16, 'num_heads': 64, 'num_kv_heads': 4, 'dtype': 'torch.float8_e4m3fn', 'scale_mode': 'per_token_head', 'num_chunks': 4, 'mode': 'full', 'median_us': 26.464000344276428, 'p95_us': 26.688000187277794, 'stdev_us': 0.193063282269967, 'iterations': 500, 'max_abs_error': 0.00048828125, 'cosine_similarity': 0.9999935626983643, 'seed': 20260829}
trial=06 batch=8 scale_mode=per_token_head modes=merge partial full
{'gpu': 'NVIDIA B300 SXM6 AC', 'batch': 8, 'num_heads': 64, 'num_kv_heads': 4, 'dtype': 'torch.float8_e4m3fn', 'scale_mode': 'per_token_head', 'num_chunks': 8, 'mode': 'merge', 'median_us': 6.976000033318996, 'p95_us': 7.615999784320593, 'stdev_us': 0.9186583959576451, 'iterations': 500, 'max_abs_error': 0.00048828125, 'cosine_similarity': 0.9999936819076538, 'seed': 20260829}
{'gpu': 'NVIDIA B300 SXM6 AC', 'batch': 8, 'num_heads': 64, 'num_kv_heads': 4, 'dtype': 'torch.float8_e4m3fn', 'scale_mode': 'per_token_head', 'num_chunks': 8, 'mode': 'partial', 'median_us': 14.175999909639359, 'p95_us': 16.095999628305435, 'stdev_us': 0.6701127184515006, 'iterations': 500, 'max_abs_error': 0.00048828125, 'cosine_similarity': 0.9999936819076538, 'seed': 20260829}
{'gpu': 'NVIDIA B300 SXM6 AC', 'batch': 8, 'num_heads': 64, 'num_kv_heads': 4, 'dtype': 'torch.float8_e4m3fn', 'scale_mode': 'per_token_head', 'num_chunks': 8, 'mode': 'full', 'median_us': 18.271999433636665, 'p95_us': 19.999999552965164, 'stdev_us': 0.5002935855237809, 'iterations': 500, 'max_abs_error': 0.00048828125, 'cosine_similarity': 0.9999936819076538, 'seed': 20260829}
trial=06 batch=1 scale_mode=per_token_head modes=merge partial full
{'gpu': 'NVIDIA B300 SXM6 AC', 'batch': 1, 'num_heads': 64, 'num_kv_heads': 4, 'dtype': 'torch.float8_e4m3fn', 'scale_mode': 'per_token_head', 'num_chunks': 16, 'mode': 'merge', 'median_us': 7.040000054985285, 'p95_us': 7.74399982765317, 'stdev_us': 1.1017425935451115, 'iterations': 500, 'max_abs_error': 0.000244140625, 'cosine_similarity': 0.9999938011169434, 'seed': 20260829}
{'gpu': 'NVIDIA B300 SXM6 AC', 'batch': 1, 'num_heads': 64, 'num_kv_heads': 4, 'dtype': 'torch.float8_e4m3fn', 'scale_mode': 'per_token_head', 'num_chunks': 16, 'mode': 'partial', 'median_us': 10.015999898314476, 'p95_us': 10.27199998497963, 'stdev_us': 0.4444125721854467, 'iterations': 500, 'max_abs_error': 0.000244140625, 'cosine_similarity': 0.9999938011169434, 'seed': 20260829}
{'gpu': 'NVIDIA B300 SXM6 AC', 'batch': 1, 'num_heads': 64, 'num_kv_heads': 4, 'dtype': 'torch.float8_e4m3fn', 'scale_mode': 'per_token_head', 'num_chunks': 16, 'mode': 'full', 'median_us': 12.095999903976917, 'p95_us': 12.28800043463707, 'stdev_us': 0.19002142165539326, 'iterations': 500, 'max_abs_error': 0.000244140625, 'cosine_similarity': 0.9999938011169434, 'seed': 20260829}
trial=06 batch=16 scale_mode=scalar modes=merge partial full
{'gpu': 'NVIDIA B300 SXM6 AC', 'batch': 16, 'num_heads': 64, 'num_kv_heads': 4, 'dtype': 'torch.float8_e4m3fn', 'scale_mode': 'scalar', 'num_chunks': 4, 'mode': 'merge', 'median_us': 6.976000033318996, 'p95_us': 7.615999784320593, 'stdev_us': 1.0081179170208956, 'iterations': 500, 'max_abs_error': 0.00048828125, 'cosine_similarity': 0.999995231628418, 'seed': 20260829}
{'gpu': 'NVIDIA B300 SXM6 AC', 'batch': 16, 'num_heads': 64, 'num_kv_heads': 4, 'dtype': 'torch.float8_e4m3fn', 'scale_mode': 'scalar', 'num_chunks': 4, 'mode': 'partial', 'median_us': 24.4159996509552, 'p95_us': 26.11199952661991, 'stdev_us': 0.46384595800810596, 'iterations': 500, 'max_abs_error': 0.00048828125, 'cosine_similarity': 0.999995231628418, 'seed': 20260829}
{'gpu': 'NVIDIA B300 SXM6 AC', 'batch': 16, 'num_heads': 64, 'num_kv_heads': 4, 'dtype': 'torch.float8_e4m3fn', 'scale_mode': 'scalar', 'num_chunks': 4, 'mode': 'full', 'median_us': 28.511999174952507, 'p95_us': 28.704000636935234, 'stdev_us': 0.25488413564267387, 'iterations': 500, 'max_abs_error': 0.00048828125, 'cosine_similarity': 0.999995231628418, 'seed': 20260829}
trial=06 batch=8 scale_mode=scalar modes=merge partial full
{'gpu': 'NVIDIA B300 SXM6 AC', 'batch': 8, 'num_heads': 64, 'num_kv_heads': 4, 'dtype': 'torch.float8_e4m3fn', 'scale_mode': 'scalar', 'num_chunks': 8, 'mode': 'merge', 'median_us': 7.007999811321497, 'p95_us': 8.1599997356534, 'stdev_us': 1.0314216615927558, 'iterations': 500, 'max_abs_error': 0.00048828125, 'cosine_similarity': 0.9999952912330627, 'seed': 20260829}
{'gpu': 'NVIDIA B300 SXM6 AC', 'batch': 8, 'num_heads': 64, 'num_kv_heads': 4, 'dtype': 'torch.float8_e4m3fn', 'scale_mode': 'scalar', 'num_chunks': 8, 'mode': 'partial', 'median_us': 16.1920003592968, 'p95_us': 16.416000202298164, 'stdev_us': 0.18336257777228146, 'iterations': 500, 'max_abs_error': 0.00048828125, 'cosine_similarity': 0.9999952912330627, 'seed': 20260829}
{'gpu': 'NVIDIA B300 SXM6 AC', 'batch': 8, 'num_heads': 64, 'num_kv_heads': 4, 'dtype': 'torch.float8_e4m3fn', 'scale_mode': 'scalar', 'num_chunks': 8, 'mode': 'full', 'median_us': 20.320000126957893, 'p95_us': 20.479999482631683, 'stdev_us': 0.17704412904725222, 'iterations': 500, 'max_abs_error': 0.00048828125, 'cosine_similarity': 0.9999952912330627, 'seed': 20260829}
trial=06 batch=1 scale_mode=scalar modes=merge partial full
{'gpu': 'NVIDIA B300 SXM6 AC', 'batch': 1, 'num_heads': 64, 'num_kv_heads': 4, 'dtype': 'torch.float8_e4m3fn', 'scale_mode': 'scalar', 'num_chunks': 16, 'mode': 'merge', 'median_us': 6.912000011652708, 'p95_us': 8.799999952316284, 'stdev_us': 0.9051435110061157, 'iterations': 500, 'max_abs_error': 0.000244140625, 'cosine_similarity': 0.9999952912330627, 'seed': 20260829}
{'gpu': 'NVIDIA B300 SXM6 AC', 'batch': 1, 'num_heads': 64, 'num_kv_heads': 4, 'dtype': 'torch.float8_e4m3fn', 'scale_mode': 'scalar', 'num_chunks': 16, 'mode': 'partial', 'median_us': 8.1599997356534, 'p95_us': 10.048000141978264, 'stdev_us': 0.9022692548608633, 'iterations': 500, 'max_abs_error': 0.000244140625, 'cosine_similarity': 0.9999952912330627, 'seed': 20260829}
{'gpu': 'NVIDIA B300 SXM6 AC', 'batch': 1, 'num_heads': 64, 'num_kv_heads': 4, 'dtype': 'torch.float8_e4m3fn', 'scale_mode': 'scalar', 'num_chunks': 16, 'mode': 'full', 'median_us': 10.27199998497963, 'p95_us': 12.128000147640705, 'stdev_us': 0.9267587735963643, 'iterations': 500, 'max_abs_error': 0.000244140625, 'cosine_similarity': 0.9999952912330627, 'seed': 20260829}
trial=07 batch=1 scale_mode=scalar modes=partial full merge
{'gpu': 'NVIDIA B300 SXM6 AC', 'batch': 1, 'num_heads': 64, 'num_kv_heads': 4, 'dtype': 'torch.float8_e4m3fn', 'scale_mode': 'scalar', 'num_chunks': 16, 'mode': 'partial', 'median_us': 8.72000027447939, 'p95_us': 10.080000385642052, 'stdev_us': 0.875837431993758, 'iterations': 500, 'max_abs_error': 0.000244140625, 'cosine_similarity': 0.9999952912330627, 'seed': 20260829}
{'gpu': 'NVIDIA B300 SXM6 AC', 'batch': 1, 'num_heads': 64, 'num_kv_heads': 4, 'dtype': 'torch.float8_e4m3fn', 'scale_mode': 'scalar', 'num_chunks': 16, 'mode': 'full', 'median_us': 10.400000028312206, 'p95_us': 12.128000147640705, 'stdev_us': 0.9228601888191368, 'iterations': 500, 'max_abs_error': 0.000244140625, 'cosine_similarity': 0.9999952912330627, 'seed': 20260829}
{'gpu': 'NVIDIA B300 SXM6 AC', 'batch': 1, 'num_heads': 64, 'num_kv_heads': 4, 'dtype': 'torch.float8_e4m3fn', 'scale_mode': 'scalar', 'num_chunks': 16, 'mode': 'merge', 'median_us': 6.688000168651342, 'p95_us': 7.23200011998415, 'stdev_us': 0.7062920352724941, 'iterations': 500, 'max_abs_error': 0.000244140625, 'cosine_similarity': 0.9999952912330627, 'seed': 20260829}
trial=07 batch=8 scale_mode=scalar modes=partial full merge
{'gpu': 'NVIDIA B300 SXM6 AC', 'batch': 8, 'num_heads': 64, 'num_kv_heads': 4, 'dtype': 'torch.float8_e4m3fn', 'scale_mode': 'scalar', 'num_chunks': 8, 'mode': 'partial', 'median_us': 16.224000602960587, 'p95_us': 16.448000445961952, 'stdev_us': 0.3663925634486319, 'iterations': 500, 'max_abs_error': 0.00048828125, 'cosine_similarity': 0.9999952912330627, 'seed': 20260829}
{'gpu': 'NVIDIA B300 SXM6 AC', 'batch': 8, 'num_heads': 64, 'num_kv_heads': 4, 'dtype': 'torch.float8_e4m3fn', 'scale_mode': 'scalar', 'num_chunks': 8, 'mode': 'full', 'median_us': 20.320000126957893, 'p95_us': 20.447999238967896, 'stdev_us': 0.1686831140829236, 'iterations': 500, 'max_abs_error': 0.00048828125, 'cosine_similarity': 0.9999952912330627, 'seed': 20260829}
{'gpu': 'NVIDIA B300 SXM6 AC', 'batch': 8, 'num_heads': 64, 'num_kv_heads': 4, 'dtype': 'torch.float8_e4m3fn', 'scale_mode': 'scalar', 'num_chunks': 8, 'mode': 'merge', 'median_us': 7.007999811321497, 'p95_us': 8.128000423312187, 'stdev_us': 0.6730296028817737, 'iterations': 500, 'max_abs_error': 0.00048828125, 'cosine_similarity': 0.9999952912330627, 'seed': 20260829}
trial=07 batch=16 scale_mode=scalar modes=partial full merge
{'gpu': 'NVIDIA B300 SXM6 AC', 'batch': 16, 'num_heads': 64, 'num_kv_heads': 4, 'dtype': 'torch.float8_e4m3fn', 'scale_mode': 'scalar', 'num_chunks': 4, 'mode': 'partial', 'median_us': 24.4159996509552, 'p95_us': 25.567999109625816, 'stdev_us': 0.4243942200765118, 'iterations': 500, 'max_abs_error': 0.00048828125, 'cosine_similarity': 0.999995231628418, 'seed': 20260829}
{'gpu': 'NVIDIA B300 SXM6 AC', 'batch': 16, 'num_heads': 64, 'num_kv_heads': 4, 'dtype': 'torch.float8_e4m3fn', 'scale_mode': 'scalar', 'num_chunks': 4, 'mode': 'full', 'median_us': 28.511999174952507, 'p95_us': 28.704000636935234, 'stdev_us': 0.19043120217496803, 'iterations': 500, 'max_abs_error': 0.00048828125, 'cosine_similarity': 0.999995231628418, 'seed': 20260829}
{'gpu': 'NVIDIA B300 SXM6 AC', 'batch': 16, 'num_heads': 64, 'num_kv_heads': 4, 'dtype': 'torch.float8_e4m3fn', 'scale_mode': 'scalar', 'num_chunks': 4, 'mode': 'merge', 'median_us': 6.783999968320131, 'p95_us': 7.552000228315592, 'stdev_us': 0.7289641474159276, 'iterations': 500, 'max_abs_error': 0.00048828125, 'cosine_similarity': 0.999995231628418, 'seed': 20260829}
trial=07 batch=1 scale_mode=per_token_head modes=partial full merge
{'gpu': 'NVIDIA B300 SXM6 AC', 'batch': 1, 'num_heads': 64, 'num_kv_heads': 4, 'dtype': 'torch.float8_e4m3fn', 'scale_mode': 'per_token_head', 'num_chunks': 16, 'mode': 'partial', 'median_us': 10.048000141978264, 'p95_us': 10.33599954098463, 'stdev_us': 0.3161277118297437, 'iterations': 500, 'max_abs_error': 0.000244140625, 'cosine_similarity': 0.9999938011169434, 'seed': 20260829}
{'gpu': 'NVIDIA B300 SXM6 AC', 'batch': 1, 'num_heads': 64, 'num_kv_heads': 4, 'dtype': 'torch.float8_e4m3fn', 'scale_mode': 'per_token_head', 'num_chunks': 16, 'mode': 'full', 'median_us': 12.095999903976917, 'p95_us': 12.319999746978283, 'stdev_us': 0.34115537307228866, 'iterations': 500, 'max_abs_error': 0.000244140625, 'cosine_similarity': 0.9999938011169434, 'seed': 20260829}
{'gpu': 'NVIDIA B300 SXM6 AC', 'batch': 1, 'num_heads': 64, 'num_kv_heads': 4, 'dtype': 'torch.float8_e4m3fn', 'scale_mode': 'per_token_head', 'num_chunks': 16, 'mode': 'merge', 'median_us': 6.84799998998642, 'p95_us': 7.135999854654074, 'stdev_us': 0.7877454784201497, 'iterations': 500, 'max_abs_error': 0.000244140625, 'cosine_similarity': 0.9999938011169434, 'seed': 20260829}
trial=07 batch=8 scale_mode=per_token_head modes=partial full merge
{'gpu': 'NVIDIA B300 SXM6 AC', 'batch': 8, 'num_heads': 64, 'num_kv_heads': 4, 'dtype': 'torch.float8_e4m3fn', 'scale_mode': 'per_token_head', 'num_chunks': 8, 'mode': 'partial', 'median_us': 14.175999909639359, 'p95_us': 16.03199914097786, 'stdev_us': 0.672122764158358, 'iterations': 500, 'max_abs_error': 0.00048828125, 'cosine_similarity': 0.9999936819076538, 'seed': 20260829}
{'gpu': 'NVIDIA B300 SXM6 AC', 'batch': 8, 'num_heads': 64, 'num_kv_heads': 4, 'dtype': 'torch.float8_e4m3fn', 'scale_mode': 'per_token_head', 'num_chunks': 8, 'mode': 'full', 'median_us': 18.271999433636665, 'p95_us': 19.392000511288643, 'stdev_us': 0.4242047012673634, 'iterations': 500, 'max_abs_error': 0.00048828125, 'cosine_similarity': 0.9999936819076538, 'seed': 20260829}
{'gpu': 'NVIDIA B300 SXM6 AC', 'batch': 8, 'num_heads': 64, 'num_kv_heads': 4, 'dtype': 'torch.float8_e4m3fn', 'scale_mode': 'per_token_head', 'num_chunks': 8, 'mode': 'merge', 'median_us': 7.007999811321497, 'p95_us': 8.960000239312649, 'stdev_us': 1.0265668478632919, 'iterations': 500, 'max_abs_error': 0.00048828125, 'cosine_similarity': 0.9999936819076538, 'seed': 20260829}
trial=07 batch=16 scale_mode=per_token_head modes=partial full merge
{'gpu': 'NVIDIA B300 SXM6 AC', 'batch': 16, 'num_heads': 64, 'num_kv_heads': 4, 'dtype': 'torch.float8_e4m3fn', 'scale_mode': 'per_token_head', 'num_chunks': 4, 'mode': 'partial', 'median_us': 22.36800082027912, 'p95_us': 22.71999977529049, 'stdev_us': 0.3742548723018349, 'iterations': 500, 'max_abs_error': 0.00048828125, 'cosine_similarity': 0.9999935626983643, 'seed': 20260829}
{'gpu': 'NVIDIA B300 SXM6 AC', 'batch': 16, 'num_heads': 64, 'num_kv_heads': 4, 'dtype': 'torch.float8_e4m3fn', 'scale_mode': 'per_token_head', 'num_chunks': 4, 'mode': 'full', 'median_us': 26.43200010061264, 'p95_us': 26.655999943614006, 'stdev_us': 0.2167359609316851, 'iterations': 500, 'max_abs_error': 0.00048828125, 'cosine_similarity': 0.9999935626983643, 'seed': 20260829}
{'gpu': 'NVIDIA B300 SXM6 AC', 'batch': 16, 'num_heads': 64, 'num_kv_heads': 4, 'dtype': 'torch.float8_e4m3fn', 'scale_mode': 'per_token_head', 'num_chunks': 4, 'mode': 'merge', 'median_us': 6.783999968320131, 'p95_us': 7.807999849319458, 'stdev_us': 0.6141088827947265, 'iterations': 500, 'max_abs_error': 0.00048828125, 'cosine_similarity': 0.9999935626983643, 'seed': 20260829}
trial=08 batch=16 scale_mode=per_token_head modes=full merge partial
{'gpu': 'NVIDIA B300 SXM6 AC', 'batch': 16, 'num_heads': 64, 'num_kv_heads': 4, 'dtype': 'torch.float8_e4m3fn', 'scale_mode': 'per_token_head', 'num_chunks': 4, 'mode': 'full', 'median_us': 26.464000344276428, 'p95_us': 26.59199945628643, 'stdev_us': 0.17268809460999326, 'iterations': 500, 'max_abs_error': 0.00048828125, 'cosine_similarity': 0.9999935626983643, 'seed': 20260829}
{'gpu': 'NVIDIA B300 SXM6 AC', 'batch': 16, 'num_heads': 64, 'num_kv_heads': 4, 'dtype': 'torch.float8_e4m3fn', 'scale_mode': 'per_token_head', 'num_chunks': 4, 'mode': 'merge', 'median_us': 6.719999946653843, 'p95_us': 7.104000076651573, 'stdev_us': 0.5626449863815494, 'iterations': 500, 'max_abs_error': 0.00048828125, 'cosine_similarity': 0.9999935626983643, 'seed': 20260829}
{'gpu': 'NVIDIA B300 SXM6 AC', 'batch': 16, 'num_heads': 64, 'num_kv_heads': 4, 'dtype': 'torch.float8_e4m3fn', 'scale_mode': 'per_token_head', 'num_chunks': 4, 'mode': 'partial', 'median_us': 22.36800082027912, 'p95_us': 22.5600004196167, 'stdev_us': 0.27177941657173765, 'iterations': 500, 'max_abs_error': 0.00048828125, 'cosine_similarity': 0.9999935626983643, 'seed': 20260829}
trial=08 batch=8 scale_mode=per_token_head modes=full merge partial
{'gpu': 'NVIDIA B300 SXM6 AC', 'batch': 8, 'num_heads': 64, 'num_kv_heads': 4, 'dtype': 'torch.float8_e4m3fn', 'scale_mode': 'per_token_head', 'num_chunks': 8, 'mode': 'full', 'median_us': 18.25599931180477, 'p95_us': 19.7759997099638, 'stdev_us': 0.5275128299073413, 'iterations': 500, 'max_abs_error': 0.00048828125, 'cosine_similarity': 0.9999936819076538, 'seed': 20260829}
{'gpu': 'NVIDIA B300 SXM6 AC', 'batch': 8, 'num_heads': 64, 'num_kv_heads': 4, 'dtype': 'torch.float8_e4m3fn', 'scale_mode': 'per_token_head', 'num_chunks': 8, 'mode': 'merge', 'median_us': 6.84799998998642, 'p95_us': 7.424000184983015, 'stdev_us': 0.7574666740843565, 'iterations': 500, 'max_abs_error': 0.00048828125, 'cosine_similarity': 0.9999936819076538, 'seed': 20260829}
{'gpu': 'NVIDIA B300 SXM6 AC', 'batch': 8, 'num_heads': 64, 'num_kv_heads': 4, 'dtype': 'torch.float8_e4m3fn', 'scale_mode': 'per_token_head', 'num_chunks': 8, 'mode': 'partial', 'median_us': 14.175999909639359, 'p95_us': 16.095999628305435, 'stdev_us': 0.7254759012927311, 'iterations': 500, 'max_abs_error': 0.00048828125, 'cosine_similarity': 0.9999936819076538, 'seed': 20260829}
trial=08 batch=1 scale_mode=per_token_head modes=full merge partial
{'gpu': 'NVIDIA B300 SXM6 AC', 'batch': 1, 'num_heads': 64, 'num_kv_heads': 4, 'dtype': 'torch.float8_e4m3fn', 'scale_mode': 'per_token_head', 'num_chunks': 16, 'mode': 'full', 'median_us': 12.06399966031313, 'p95_us': 12.28800043463707, 'stdev_us': 0.20157059059119897, 'iterations': 500, 'max_abs_error': 0.000244140625, 'cosine_similarity': 0.9999938011169434, 'seed': 20260829}
{'gpu': 'NVIDIA B300 SXM6 AC', 'batch': 1, 'num_heads': 64, 'num_kv_heads': 4, 'dtype': 'torch.float8_e4m3fn', 'scale_mode': 'per_token_head', 'num_chunks': 16, 'mode': 'merge', 'median_us': 6.816000211983919, 'p95_us': 7.135999854654074, 'stdev_us': 0.5123128785507587, 'iterations': 500, 'max_abs_error': 0.000244140625, 'cosine_similarity': 0.9999938011169434, 'seed': 20260829}
{'gpu': 'NVIDIA B300 SXM6 AC', 'batch': 1, 'num_heads': 64, 'num_kv_heads': 4, 'dtype': 'torch.float8_e4m3fn', 'scale_mode': 'per_token_head', 'num_chunks': 16, 'mode': 'partial', 'median_us': 10.015999898314476, 'p95_us': 10.27199998497963, 'stdev_us': 0.23012803319488223, 'iterations': 500, 'max_abs_error': 0.000244140625, 'cosine_similarity': 0.9999938011169434, 'seed': 20260829}
trial=08 batch=16 scale_mode=scalar modes=full merge partial
{'gpu': 'NVIDIA B300 SXM6 AC', 'batch': 16, 'num_heads': 64, 'num_kv_heads': 4, 'dtype': 'torch.float8_e4m3fn', 'scale_mode': 'scalar', 'num_chunks': 4, 'mode': 'full', 'median_us': 28.48000079393387, 'p95_us': 28.704000636935234, 'stdev_us': 0.2485506982807954, 'iterations': 500, 'max_abs_error': 0.00048828125, 'cosine_similarity': 0.999995231628418, 'seed': 20260829}
{'gpu': 'NVIDIA B300 SXM6 AC', 'batch': 16, 'num_heads': 64, 'num_kv_heads': 4, 'dtype': 'torch.float8_e4m3fn', 'scale_mode': 'scalar', 'num_chunks': 4, 'mode': 'merge', 'median_us': 6.87999976798892, 'p95_us': 8.576000109314919, 'stdev_us': 0.9039011139862769, 'iterations': 500, 'max_abs_error': 0.00048828125, 'cosine_similarity': 0.999995231628418, 'seed': 20260829}
{'gpu': 'NVIDIA B300 SXM6 AC', 'batch': 16, 'num_heads': 64, 'num_kv_heads': 4, 'dtype': 'torch.float8_e4m3fn', 'scale_mode': 'scalar', 'num_chunks': 4, 'mode': 'partial', 'median_us': 24.383999407291412, 'p95_us': 26.240000501275063, 'stdev_us': 0.5914944449325314, 'iterations': 500, 'max_abs_error': 0.00048828125, 'cosine_similarity': 0.999995231628418, 'seed': 20260829}
trial=08 batch=8 scale_mode=scalar modes=full merge partial
{'gpu': 'NVIDIA B300 SXM6 AC', 'batch': 8, 'num_heads': 64, 'num_kv_heads': 4, 'dtype': 'torch.float8_e4m3fn', 'scale_mode': 'scalar', 'num_chunks': 8, 'mode': 'full', 'median_us': 20.320000126957893, 'p95_us': 20.447999238967896, 'stdev_us': 0.2038819848379364, 'iterations': 500, 'max_abs_error': 0.00048828125, 'cosine_similarity': 0.9999952912330627, 'seed': 20260829}
{'gpu': 'NVIDIA B300 SXM6 AC', 'batch': 8, 'num_heads': 64, 'num_kv_heads': 4, 'dtype': 'torch.float8_e4m3fn', 'scale_mode': 'scalar', 'num_chunks': 8, 'mode': 'merge', 'median_us': 6.943999789655209, 'p95_us': 8.0960001796484, 'stdev_us': 0.9846598691530162, 'iterations': 500, 'max_abs_error': 0.00048828125, 'cosine_similarity': 0.9999952912330627, 'seed': 20260829}
{'gpu': 'NVIDIA B300 SXM6 AC', 'batch': 8, 'num_heads': 64, 'num_kv_heads': 4, 'dtype': 'torch.float8_e4m3fn', 'scale_mode': 'scalar', 'num_chunks': 8, 'mode': 'partial', 'median_us': 16.224000602960587, 'p95_us': 16.383999958634377, 'stdev_us': 0.183051271597967, 'iterations': 500, 'max_abs_error': 0.00048828125, 'cosine_similarity': 0.9999952912330627, 'seed': 20260829}
trial=08 batch=1 scale_mode=scalar modes=full merge partial
{'gpu': 'NVIDIA B300 SXM6 AC', 'batch': 1, 'num_heads': 64, 'num_kv_heads': 4, 'dtype': 'torch.float8_e4m3fn', 'scale_mode': 'scalar', 'num_chunks': 16, 'mode': 'full', 'median_us': 10.239999741315842, 'p95_us': 12.095999903976917, 'stdev_us': 0.8877514341976984, 'iterations': 500, 'max_abs_error': 0.000244140625, 'cosine_similarity': 0.9999952912330627, 'seed': 20260829}
{'gpu': 'NVIDIA B300 SXM6 AC', 'batch': 1, 'num_heads': 64, 'num_kv_heads': 4, 'dtype': 'torch.float8_e4m3fn', 'scale_mode': 'scalar', 'num_chunks': 16, 'mode': 'merge', 'median_us': 6.816000211983919, 'p95_us': 7.424000184983015, 'stdev_us': 0.7739887657436777, 'iterations': 500, 'max_abs_error': 0.000244140625, 'cosine_similarity': 0.9999952912330627, 'seed': 20260829}
{'gpu': 'NVIDIA B300 SXM6 AC', 'batch': 1, 'num_heads': 64, 'num_kv_heads': 4, 'dtype': 'torch.float8_e4m3fn', 'scale_mode': 'scalar', 'num_chunks': 16, 'mode': 'partial', 'median_us': 8.224000222980976, 'p95_us': 10.048000141978264, 'stdev_us': 0.9077323320642644, 'iterations': 500, 'max_abs_error': 0.000244140625, 'cosine_similarity': 0.9999952912330627, 'seed': 20260829}
trial=09 batch=1 scale_mode=scalar modes=merge partial full
{'gpu': 'NVIDIA B300 SXM6 AC', 'batch': 1, 'num_heads': 64, 'num_kv_heads': 4, 'dtype': 'torch.float8_e4m3fn', 'scale_mode': 'scalar', 'num_chunks': 16, 'mode': 'merge', 'median_us': 6.943999789655209, 'p95_us': 8.895999751985073, 'stdev_us': 1.2750874419352156, 'iterations': 500, 'max_abs_error': 0.000244140625, 'cosine_similarity': 0.9999952912330627, 'seed': 20260829}
{'gpu': 'NVIDIA B300 SXM6 AC', 'batch': 1, 'num_heads': 64, 'num_kv_heads': 4, 'dtype': 'torch.float8_e4m3fn', 'scale_mode': 'scalar', 'num_chunks': 16, 'mode': 'partial', 'median_us': 8.208000101149082, 'p95_us': 10.048000141978264, 'stdev_us': 0.8878010570643438, 'iterations': 500, 'max_abs_error': 0.000244140625, 'cosine_similarity': 0.9999952912330627, 'seed': 20260829}
{'gpu': 'NVIDIA B300 SXM6 AC', 'batch': 1, 'num_heads': 64, 'num_kv_heads': 4, 'dtype': 'torch.float8_e4m3fn', 'scale_mode': 'scalar', 'num_chunks': 16, 'mode': 'full', 'median_us': 10.208000428974628, 'p95_us': 12.128000147640705, 'stdev_us': 0.9184001513413889, 'iterations': 500, 'max_abs_error': 0.000244140625, 'cosine_similarity': 0.9999952912330627, 'seed': 20260829}
trial=09 batch=8 scale_mode=scalar modes=merge partial full
{'gpu': 'NVIDIA B300 SXM6 AC', 'batch': 8, 'num_heads': 64, 'num_kv_heads': 4, 'dtype': 'torch.float8_e4m3fn', 'scale_mode': 'scalar', 'num_chunks': 8, 'mode': 'merge', 'median_us': 6.976000033318996, 'p95_us': 7.488000206649303, 'stdev_us': 1.1221541299516613, 'iterations': 500, 'max_abs_error': 0.00048828125, 'cosine_similarity': 0.9999952912330627, 'seed': 20260829}
{'gpu': 'NVIDIA B300 SXM6 AC', 'batch': 8, 'num_heads': 64, 'num_kv_heads': 4, 'dtype': 'torch.float8_e4m3fn', 'scale_mode': 'scalar', 'num_chunks': 8, 'mode': 'partial', 'median_us': 16.1920003592968, 'p95_us': 16.383999958634377, 'stdev_us': 0.17745955151386797, 'iterations': 500, 'max_abs_error': 0.00048828125, 'cosine_similarity': 0.9999952912330627, 'seed': 20260829}
{'gpu': 'NVIDIA B300 SXM6 AC', 'batch': 8, 'num_heads': 64, 'num_kv_heads': 4, 'dtype': 'torch.float8_e4m3fn', 'scale_mode': 'scalar', 'num_chunks': 8, 'mode': 'full', 'median_us': 20.304000005126, 'p95_us': 20.51199972629547, 'stdev_us': 0.17811646983346166, 'iterations': 500, 'max_abs_error': 0.00048828125, 'cosine_similarity': 0.9999952912330627, 'seed': 20260829}
trial=09 batch=16 scale_mode=scalar modes=merge partial full
{'gpu': 'NVIDIA B300 SXM6 AC', 'batch': 16, 'num_heads': 64, 'num_kv_heads': 4, 'dtype': 'torch.float8_e4m3fn', 'scale_mode': 'scalar', 'num_chunks': 4, 'mode': 'merge', 'median_us': 6.84799998998642, 'p95_us': 7.584000006318092, 'stdev_us': 0.7816509681587701, 'iterations': 500, 'max_abs_error': 0.00048828125, 'cosine_similarity': 0.999995231628418, 'seed': 20260829}
{'gpu': 'NVIDIA B300 SXM6 AC', 'batch': 16, 'num_heads': 64, 'num_kv_heads': 4, 'dtype': 'torch.float8_e4m3fn', 'scale_mode': 'scalar', 'num_chunks': 4, 'mode': 'partial', 'median_us': 24.4159996509552, 'p95_us': 25.439999997615814, 'stdev_us': 0.4065924547911406, 'iterations': 500, 'max_abs_error': 0.00048828125, 'cosine_similarity': 0.999995231628418, 'seed': 20260829}
{'gpu': 'NVIDIA B300 SXM6 AC', 'batch': 16, 'num_heads': 64, 'num_kv_heads': 4, 'dtype': 'torch.float8_e4m3fn', 'scale_mode': 'scalar', 'num_chunks': 4, 'mode': 'full', 'median_us': 28.511999174952507, 'p95_us': 28.736000880599022, 'stdev_us': 0.1926360983285934, 'iterations': 500, 'max_abs_error': 0.00048828125, 'cosine_similarity': 0.999995231628418, 'seed': 20260829}
trial=09 batch=1 scale_mode=per_token_head modes=merge partial full
{'gpu': 'NVIDIA B300 SXM6 AC', 'batch': 1, 'num_heads': 64, 'num_kv_heads': 4, 'dtype': 'torch.float8_e4m3fn', 'scale_mode': 'per_token_head', 'num_chunks': 16, 'mode': 'merge', 'median_us': 7.007999811321497, 'p95_us': 7.712000049650669, 'stdev_us': 1.0495687856521072, 'iterations': 500, 'max_abs_error': 0.000244140625, 'cosine_similarity': 0.9999938011169434, 'seed': 20260829}
{'gpu': 'NVIDIA B300 SXM6 AC', 'batch': 1, 'num_heads': 64, 'num_kv_heads': 4, 'dtype': 'torch.float8_e4m3fn', 'scale_mode': 'per_token_head', 'num_chunks': 16, 'mode': 'partial', 'median_us': 10.015999898314476, 'p95_us': 10.27199998497963, 'stdev_us': 0.30683839907747057, 'iterations': 500, 'max_abs_error': 0.000244140625, 'cosine_similarity': 0.9999938011169434, 'seed': 20260829}
{'gpu': 'NVIDIA B300 SXM6 AC', 'batch': 1, 'num_heads': 64, 'num_kv_heads': 4, 'dtype': 'torch.float8_e4m3fn', 'scale_mode': 'per_token_head', 'num_chunks': 16, 'mode': 'full', 'median_us': 12.095999903976917, 'p95_us': 12.35199999064207, 'stdev_us': 0.20963201591044645, 'iterations': 500, 'max_abs_error': 0.000244140625, 'cosine_similarity': 0.9999938011169434, 'seed': 20260829}
trial=09 batch=8 scale_mode=per_token_head modes=merge partial full
{'gpu': 'NVIDIA B300 SXM6 AC', 'batch': 8, 'num_heads': 64, 'num_kv_heads': 4, 'dtype': 'torch.float8_e4m3fn', 'scale_mode': 'per_token_head', 'num_chunks': 8, 'mode': 'merge', 'median_us': 7.040000054985285, 'p95_us': 8.576000109314919, 'stdev_us': 1.0096291893077074, 'iterations': 500, 'max_abs_error': 0.00048828125, 'cosine_similarity': 0.9999936819076538, 'seed': 20260829}
{'gpu': 'NVIDIA B300 SXM6 AC', 'batch': 8, 'num_heads': 64, 'num_kv_heads': 4, 'dtype': 'torch.float8_e4m3fn', 'scale_mode': 'per_token_head', 'num_chunks': 8, 'mode': 'partial', 'median_us': 14.175999909639359, 'p95_us': 16.00000075995922, 'stdev_us': 0.5776647310318377, 'iterations': 500, 'max_abs_error': 0.00048828125, 'cosine_similarity': 0.9999936819076538, 'seed': 20260829}
{'gpu': 'NVIDIA B300 SXM6 AC', 'batch': 8, 'num_heads': 64, 'num_kv_heads': 4, 'dtype': 'torch.float8_e4m3fn', 'scale_mode': 'per_token_head', 'num_chunks': 8, 'mode': 'full', 'median_us': 18.25599931180477, 'p95_us': 19.840000197291374, 'stdev_us': 0.459254697654464, 'iterations': 500, 'max_abs_error': 0.00048828125, 'cosine_similarity': 0.9999936819076538, 'seed': 20260829}
trial=09 batch=16 scale_mode=per_token_head modes=merge partial full
{'gpu': 'NVIDIA B300 SXM6 AC', 'batch': 16, 'num_heads': 64, 'num_kv_heads': 4, 'dtype': 'torch.float8_e4m3fn', 'scale_mode': 'per_token_head', 'num_chunks': 4, 'mode': 'merge', 'median_us': 6.688000168651342, 'p95_us': 7.519999984651804, 'stdev_us': 0.8726790447693754, 'iterations': 500, 'max_abs_error': 0.00048828125, 'cosine_similarity': 0.9999935626983643, 'seed': 20260829}
{'gpu': 'NVIDIA B300 SXM6 AC', 'batch': 16, 'num_heads': 64, 'num_kv_heads': 4, 'dtype': 'torch.float8_e4m3fn', 'scale_mode': 'per_token_head', 'num_chunks': 4, 'mode': 'partial', 'median_us': 22.336000576615334, 'p95_us': 22.592000663280487, 'stdev_us': 0.29525105018773806, 'iterations': 500, 'max_abs_error': 0.00048828125, 'cosine_similarity': 0.9999935626983643, 'seed': 20260829}
{'gpu': 'NVIDIA B300 SXM6 AC', 'batch': 16, 'num_heads': 64, 'num_kv_heads': 4, 'dtype': 'torch.float8_e4m3fn', 'scale_mode': 'per_token_head', 'num_chunks': 4, 'mode': 'full', 'median_us': 26.464000344276428, 'p95_us': 26.655999943614006, 'stdev_us': 0.1882714820944511, 'iterations': 500, 'max_abs_error': 0.00048828125, 'cosine_similarity': 0.9999935626983643, 'seed': 20260829}
trial=10 batch=16 scale_mode=per_token_head modes=partial full merge
{'gpu': 'NVIDIA B300 SXM6 AC', 'batch': 16, 'num_heads': 64, 'num_kv_heads': 4, 'dtype': 'torch.float8_e4m3fn', 'scale_mode': 'per_token_head', 'num_chunks': 4, 'mode': 'partial', 'median_us': 22.36800082027912, 'p95_us': 22.592000663280487, 'stdev_us': 0.28524743143397524, 'iterations': 500, 'max_abs_error': 0.00048828125, 'cosine_similarity': 0.9999935626983643, 'seed': 20260829}
{'gpu': 'NVIDIA B300 SXM6 AC', 'batch': 16, 'num_heads': 64, 'num_kv_heads': 4, 'dtype': 'torch.float8_e4m3fn', 'scale_mode': 'per_token_head', 'num_chunks': 4, 'mode': 'full', 'median_us': 26.464000344276428, 'p95_us': 26.655999943614006, 'stdev_us': 0.20296234734235752, 'iterations': 500, 'max_abs_error': 0.00048828125, 'cosine_similarity': 0.9999935626983643, 'seed': 20260829}
{'gpu': 'NVIDIA B300 SXM6 AC', 'batch': 16, 'num_heads': 64, 'num_kv_heads': 4, 'dtype': 'torch.float8_e4m3fn', 'scale_mode': 'per_token_head', 'num_chunks': 4, 'mode': 'merge', 'median_us': 6.912000011652708, 'p95_us': 7.455999962985516, 'stdev_us': 0.551302326106782, 'iterations': 500, 'max_abs_error': 0.00048828125, 'cosine_similarity': 0.9999935626983643, 'seed': 20260829}
trial=10 batch=8 scale_mode=per_token_head modes=partial full merge
{'gpu': 'NVIDIA B300 SXM6 AC', 'batch': 8, 'num_heads': 64, 'num_kv_heads': 4, 'dtype': 'torch.float8_e4m3fn', 'scale_mode': 'per_token_head', 'num_chunks': 8, 'mode': 'partial', 'median_us': 14.175999909639359, 'p95_us': 16.063999384641647, 'stdev_us': 0.7093316419551955, 'iterations': 500, 'max_abs_error': 0.00048828125, 'cosine_similarity': 0.9999936819076538, 'seed': 20260829}
{'gpu': 'NVIDIA B300 SXM6 AC', 'batch': 8, 'num_heads': 64, 'num_kv_heads': 4, 'dtype': 'torch.float8_e4m3fn', 'scale_mode': 'per_token_head', 'num_chunks': 8, 'mode': 'full', 'median_us': 18.271999433636665, 'p95_us': 20.06400004029274, 'stdev_us': 0.5250055640039915, 'iterations': 500, 'max_abs_error': 0.00048828125, 'cosine_similarity': 0.9999936819076538, 'seed': 20260829}
{'gpu': 'NVIDIA B300 SXM6 AC', 'batch': 8, 'num_heads': 64, 'num_kv_heads': 4, 'dtype': 'torch.float8_e4m3fn', 'scale_mode': 'per_token_head', 'num_chunks': 8, 'mode': 'merge', 'median_us': 6.87999976798892, 'p95_us': 8.383999578654766, 'stdev_us': 0.8156795662760381, 'iterations': 500, 'max_abs_error': 0.00048828125, 'cosine_similarity': 0.9999936819076538, 'seed': 20260829}
trial=10 batch=1 scale_mode=per_token_head modes=partial full merge
{'gpu': 'NVIDIA B300 SXM6 AC', 'batch': 1, 'num_heads': 64, 'num_kv_heads': 4, 'dtype': 'torch.float8_e4m3fn', 'scale_mode': 'per_token_head', 'num_chunks': 16, 'mode': 'partial', 'median_us': 10.048000141978264, 'p95_us': 10.400000028312206, 'stdev_us': 0.2950607197363288, 'iterations': 500, 'max_abs_error': 0.000244140625, 'cosine_similarity': 0.9999938011169434, 'seed': 20260829}
{'gpu': 'NVIDIA B300 SXM6 AC', 'batch': 1, 'num_heads': 64, 'num_kv_heads': 4, 'dtype': 'torch.float8_e4m3fn', 'scale_mode': 'per_token_head', 'num_chunks': 16, 'mode': 'full', 'median_us': 12.095999903976917, 'p95_us': 12.35199999064207, 'stdev_us': 0.2220968836189206, 'iterations': 500, 'max_abs_error': 0.000244140625, 'cosine_similarity': 0.9999938011169434, 'seed': 20260829}
{'gpu': 'NVIDIA B300 SXM6 AC', 'batch': 1, 'num_heads': 64, 'num_kv_heads': 4, 'dtype': 'torch.float8_e4m3fn', 'scale_mode': 'per_token_head', 'num_chunks': 16, 'mode': 'merge', 'median_us': 6.912000011652708, 'p95_us': 7.2639998979866505, 'stdev_us': 0.5971960979640054, 'iterations': 500, 'max_abs_error': 0.000244140625, 'cosine_similarity': 0.9999938011169434, 'seed': 20260829}
trial=10 batch=16 scale_mode=scalar modes=partial full merge
{'gpu': 'NVIDIA B300 SXM6 AC', 'batch': 16, 'num_heads': 64, 'num_kv_heads': 4, 'dtype': 'torch.float8_e4m3fn', 'scale_mode': 'scalar', 'num_chunks': 4, 'mode': 'partial', 'median_us': 24.4159996509552, 'p95_us': 26.27200074493885, 'stdev_us': 0.6246411299443694, 'iterations': 500, 'max_abs_error': 0.00048828125, 'cosine_similarity': 0.999995231628418, 'seed': 20260829}
{'gpu': 'NVIDIA B300 SXM6 AC', 'batch': 16, 'num_heads': 64, 'num_kv_heads': 4, 'dtype': 'torch.float8_e4m3fn', 'scale_mode': 'scalar', 'num_chunks': 4, 'mode': 'full', 'median_us': 28.48000079393387, 'p95_us': 28.704000636935234, 'stdev_us': 0.2348855532680139, 'iterations': 500, 'max_abs_error': 0.00048828125, 'cosine_similarity': 0.999995231628418, 'seed': 20260829}
{'gpu': 'NVIDIA B300 SXM6 AC', 'batch': 16, 'num_heads': 64, 'num_kv_heads': 4, 'dtype': 'torch.float8_e4m3fn', 'scale_mode': 'scalar', 'num_chunks': 4, 'mode': 'merge', 'median_us': 6.783999968320131, 'p95_us': 8.287999778985977, 'stdev_us': 0.7852226855137991, 'iterations': 500, 'max_abs_error': 0.00048828125, 'cosine_similarity': 0.999995231628418, 'seed': 20260829}
trial=10 batch=8 scale_mode=scalar modes=partial full merge
{'gpu': 'NVIDIA B300 SXM6 AC', 'batch': 8, 'num_heads': 64, 'num_kv_heads': 4, 'dtype': 'torch.float8_e4m3fn', 'scale_mode': 'scalar', 'num_chunks': 8, 'mode': 'partial', 'median_us': 16.224000602960587, 'p95_us': 16.448000445961952, 'stdev_us': 0.23990439635749716, 'iterations': 500, 'max_abs_error': 0.00048828125, 'cosine_similarity': 0.9999952912330627, 'seed': 20260829}
{'gpu': 'NVIDIA B300 SXM6 AC', 'batch': 8, 'num_heads': 64, 'num_kv_heads': 4, 'dtype': 'torch.float8_e4m3fn', 'scale_mode': 'scalar', 'num_chunks': 8, 'mode': 'full', 'median_us': 20.320000126957893, 'p95_us': 20.447999238967896, 'stdev_us': 0.15046497752749402, 'iterations': 500, 'max_abs_error': 0.00048828125, 'cosine_similarity': 0.9999952912330627, 'seed': 20260829}
{'gpu': 'NVIDIA B300 SXM6 AC', 'batch': 8, 'num_heads': 64, 'num_kv_heads': 4, 'dtype': 'torch.float8_e4m3fn', 'scale_mode': 'scalar', 'num_chunks': 8, 'mode': 'merge', 'median_us': 6.943999789655209, 'p95_us': 8.1599997356534, 'stdev_us': 0.6186332621809533, 'iterations': 500, 'max_abs_error': 0.00048828125, 'cosine_similarity': 0.9999952912330627, 'seed': 20260829}
trial=10 batch=1 scale_mode=scalar modes=partial full merge
{'gpu': 'NVIDIA B300 SXM6 AC', 'batch': 1, 'num_heads': 64, 'num_kv_heads': 4, 'dtype': 'torch.float8_e4m3fn', 'scale_mode': 'scalar', 'num_chunks': 16, 'mode': 'partial', 'median_us': 8.224000222980976, 'p95_us': 10.080000385642052, 'stdev_us': 0.8921852743452877, 'iterations': 500, 'max_abs_error': 0.000244140625, 'cosine_similarity': 0.9999952912330627, 'seed': 20260829}
{'gpu': 'NVIDIA B300 SXM6 AC', 'batch': 1, 'num_heads': 64, 'num_kv_heads': 4, 'dtype': 'torch.float8_e4m3fn', 'scale_mode': 'scalar', 'num_chunks': 16, 'mode': 'full', 'median_us': 10.27199998497963, 'p95_us': 12.128000147640705, 'stdev_us': 0.9133519419329572, 'iterations': 500, 'max_abs_error': 0.000244140625, 'cosine_similarity': 0.9999952912330627, 'seed': 20260829}
{'gpu': 'NVIDIA B300 SXM6 AC', 'batch': 1, 'num_heads': 64, 'num_kv_heads': 4, 'dtype': 'torch.float8_e4m3fn', 'scale_mode': 'scalar', 'num_chunks': 16, 'mode': 'merge', 'median_us': 6.719999946653843, 'p95_us': 7.519999984651804, 'stdev_us': 0.859447449629342, 'iterations': 500, 'max_abs_error': 0.000244140625, 'cosine_similarity': 0.9999952912330627, 'seed': 20260829}
{'gpu': 'NVIDIA B300 SXM6 AC', 'batch': 1, 'num_heads': 64, 'num_kv_heads': 4, 'dtype': 'torch.float8_e4m3fn', 'scale_mode': 'scalar', 'num_chunks': 16, 'runs': 10, 'iterations_per_mode_per_run': 500, 'mean_partial_us': 8.387200068682432, 'mean_merge_only_us': 6.844799965620041, 'mean_full_us': 10.286400094628334, 'mean_incremental_merge_us': 1.8992000259459019, 'sample_std_incremental_merge_us': 0.30850925904790516, 'mean_eliminate_merge_upper_bound_pct': 18.446618781750903, 'sample_std_upper_bound_pct': 2.8493392953927117, 'min_upper_bound_pct': 13.79310753810161, 'max_upper_bound_pct': 23.007518941779473}
{'gpu': 'NVIDIA B300 SXM6 AC', 'batch': 8, 'num_heads': 64, 'num_kv_heads': 4, 'dtype': 'torch.float8_e4m3fn', 'scale_mode': 'scalar', 'num_chunks': 8, 'runs': 10, 'iterations_per_mode_per_run': 500, 'mean_partial_us': 16.208000481128693, 'mean_merge_only_us': 7.158399885520339, 'mean_full_us': 20.30720002949238, 'mean_incremental_merge_us': 4.099199548363686, 'sample_std_incremental_merge_us': 0.019668511273499802, 'mean_eliminate_merge_upper_bound_pct': 20.185916401315612, 'sample_std_upper_bound_pct': 0.08964080972663684, 'min_upper_bound_pct': 20.03154230930358, 'max_upper_bound_pct': 20.314959359594734}
{'gpu': 'NVIDIA B300 SXM6 AC', 'batch': 16, 'num_heads': 64, 'num_kv_heads': 4, 'dtype': 'torch.float8_e4m3fn', 'scale_mode': 'scalar', 'num_chunks': 4, 'runs': 10, 'iterations_per_mode_per_run': 500, 'mean_partial_us': 24.41279962658882, 'mean_merge_only_us': 6.8703999277204275, 'mean_full_us': 28.495999984443188, 'mean_incremental_merge_us': 4.083200357854366, 'sample_std_incremental_merge_us': 0.01652405322612862, 'mean_eliminate_merge_upper_bound_pct': 14.329009198094678, 'sample_std_upper_bound_pct': 0.05130982721644941, 'min_upper_bound_pct': 14.269666536822164, 'max_upper_bound_pct': 14.382026939812757}
summary=results/raw/graph-ab-1410e42aaeac-h64-kv4-sscalar-11896.csv
{'gpu': 'NVIDIA B300 SXM6 AC', 'batch': 1, 'num_heads': 64, 'num_kv_heads': 4, 'dtype': 'torch.float8_e4m3fn', 'scale_mode': 'per_token_head', 'num_chunks': 16, 'runs': 10, 'iterations_per_mode_per_run': 500, 'mean_partial_us': 10.03200002014637, 'mean_merge_only_us': 6.864000018686056, 'mean_full_us': 12.086399830877781, 'mean_incremental_merge_us': 2.054399810731411, 'sample_std_incremental_merge_us': 0.020238731131588205, 'mean_eliminate_merge_upper_bound_pct': 16.997528599111334, 'sample_std_upper_bound_pct': 0.15583967394319334, 'min_upper_bound_pct': 16.710871809511797, 'max_upper_bound_pct': 17.195767379086863}
{'gpu': 'NVIDIA B300 SXM6 AC', 'batch': 8, 'num_heads': 64, 'num_kv_heads': 4, 'dtype': 'torch.float8_e4m3fn', 'scale_mode': 'per_token_head', 'num_chunks': 8, 'runs': 10, 'iterations_per_mode_per_run': 500, 'mean_partial_us': 14.175999909639359, 'mean_merge_only_us': 6.950399978086352, 'mean_full_us': 18.265599384903908, 'mean_incremental_merge_us': 4.089599475264549, 'sample_std_incremental_merge_us': 0.011187379566060505, 'mean_eliminate_merge_upper_bound_pct': 22.389600248291494, 'sample_std_upper_bound_pct': 0.04757375317290282, 'min_upper_bound_pct': 22.280698798318106, 'max_upper_bound_pct': 22.416810699200436}
{'gpu': 'NVIDIA B300 SXM6 AC', 'batch': 16, 'num_heads': 64, 'num_kv_heads': 4, 'dtype': 'torch.float8_e4m3fn', 'scale_mode': 'per_token_head', 'num_chunks': 4, 'runs': 10, 'iterations_per_mode_per_run': 500, 'mean_partial_us': 22.358400747179985, 'mean_merge_only_us': 6.84799998998642, 'mean_full_us': 26.454400271177292, 'mean_incremental_merge_us': 4.095999523997307, 'sample_std_incremental_merge_us': 0.021333495775858562, 'mean_eliminate_merge_upper_bound_pct': 15.48322016653237, 'sample_std_upper_bound_pct': 0.07470216693304649, 'min_upper_bound_pct': 15.37529988220348, 'max_upper_bound_pct': 15.598547891320175}
summary=results/raw/graph-ab-1410e42aaeac-h64-kv4-sper_token_head-11896.csv
name, uuid, temperature.gpu, clocks.current.sm [MHz], power.draw [W]
NVIDIA B300 SXM6 AC, GPU-3924bd78-8b2f-8e85-3f20-8b0687d0bb0a, 34, 2032 MHz, 245.56 W
