commit=341335ec31134d2fdca765994a328a87755c4b47
baseline_commit=617aa6870d5482c284d25282adc8c2ab3476d263
job=11864
trials=10 warmup=100 iterations=500
name, uuid, driver_version, temperature.gpu, clocks.current.sm [MHz], power.draw [W]
NVIDIA B300 SXM6 AC, GPU-3924bd78-8b2f-8e85-3f20-8b0687d0bb0a, 580.126.09, 32, 120 MHz, 184.06 W
trial=01 batch=1 modes=partial full merge
{'gpu': 'NVIDIA B300 SXM6 AC', 'batch': 1, 'dtype': 'torch.float8_e4m3fn', 'num_chunks': 16, 'mode': 'partial', 'median_us': 8.0960001796484, 'p95_us': 10.080000385642052, 'stdev_us': 0.8959512011247833, 'iterations': 500, 'max_abs_error': 0.000244140625, 'cosine_similarity': 0.9999952912330627, 'seed': 20260829}
{'gpu': 'NVIDIA B300 SXM6 AC', 'batch': 1, 'dtype': 'torch.float8_e4m3fn', 'num_chunks': 16, 'mode': 'full', 'median_us': 10.239999741315842, 'p95_us': 12.128000147640705, 'stdev_us': 0.9321086270013021, 'iterations': 500, 'max_abs_error': 0.000244140625, 'cosine_similarity': 0.9999952912330627, 'seed': 20260829}
{'gpu': 'NVIDIA B300 SXM6 AC', 'batch': 1, 'dtype': 'torch.float8_e4m3fn', 'num_chunks': 16, 'mode': 'merge', 'median_us': 6.84799998998642, 'p95_us': 7.488000206649303, 'stdev_us': 0.7079393535821505, 'iterations': 500, 'max_abs_error': 0.000244140625, 'cosine_similarity': 0.9999952912330627, 'seed': 20260829}
trial=01 batch=16 modes=partial full merge
{'gpu': 'NVIDIA B300 SXM6 AC', 'batch': 16, 'dtype': 'torch.float8_e4m3fn', 'num_chunks': 4, 'mode': 'partial', 'median_us': 24.383999407291412, 'p95_us': 26.27200074493885, 'stdev_us': 0.6392779753852994, 'iterations': 500, 'max_abs_error': 0.00048828125, 'cosine_similarity': 0.999995231628418, 'seed': 20260829}
{'gpu': 'NVIDIA B300 SXM6 AC', 'batch': 16, 'dtype': 'torch.float8_e4m3fn', 'num_chunks': 4, 'mode': 'full', 'median_us': 28.48000079393387, 'p95_us': 28.704000636935234, 'stdev_us': 0.24991087447853896, 'iterations': 500, 'max_abs_error': 0.00048828125, 'cosine_similarity': 0.999995231628418, 'seed': 20260829}
{'gpu': 'NVIDIA B300 SXM6 AC', 'batch': 16, 'dtype': 'torch.float8_e4m3fn', 'num_chunks': 4, 'mode': 'merge', 'median_us': 6.976000033318996, 'p95_us': 7.199999876320362, 'stdev_us': 1.458982924935236, 'iterations': 500, 'max_abs_error': 0.00048828125, 'cosine_similarity': 0.999995231628418, 'seed': 20260829}
trial=02 batch=16 modes=full merge partial
{'gpu': 'NVIDIA B300 SXM6 AC', 'batch': 16, 'dtype': 'torch.float8_e4m3fn', 'num_chunks': 4, 'mode': 'full', 'median_us': 28.48000079393387, 'p95_us': 28.704000636935234, 'stdev_us': 0.23253874387136605, 'iterations': 500, 'max_abs_error': 0.00048828125, 'cosine_similarity': 0.999995231628418, 'seed': 20260829}
{'gpu': 'NVIDIA B300 SXM6 AC', 'batch': 16, 'dtype': 'torch.float8_e4m3fn', 'num_chunks': 4, 'mode': 'merge', 'median_us': 6.816000211983919, 'p95_us': 7.040000054985285, 'stdev_us': 0.8523809388991807, 'iterations': 500, 'max_abs_error': 0.00048828125, 'cosine_similarity': 0.999995231628418, 'seed': 20260829}
{'gpu': 'NVIDIA B300 SXM6 AC', 'batch': 16, 'dtype': 'torch.float8_e4m3fn', 'num_chunks': 4, 'mode': 'partial', 'median_us': 24.4159996509552, 'p95_us': 26.176000013947487, 'stdev_us': 0.5098674257555231, 'iterations': 500, 'max_abs_error': 0.00048828125, 'cosine_similarity': 0.999995231628418, 'seed': 20260829}
trial=02 batch=1 modes=full merge partial
{'gpu': 'NVIDIA B300 SXM6 AC', 'batch': 1, 'dtype': 'torch.float8_e4m3fn', 'num_chunks': 16, 'mode': 'full', 'median_us': 10.304000228643417, 'p95_us': 12.095999903976917, 'stdev_us': 0.9125831034128608, 'iterations': 500, 'max_abs_error': 0.000244140625, 'cosine_similarity': 0.9999952912330627, 'seed': 20260829}
{'gpu': 'NVIDIA B300 SXM6 AC', 'batch': 1, 'dtype': 'torch.float8_e4m3fn', 'num_chunks': 16, 'mode': 'merge', 'median_us': 6.752000190317631, 'p95_us': 7.135999854654074, 'stdev_us': 0.626950062413427, 'iterations': 500, 'max_abs_error': 0.000244140625, 'cosine_similarity': 0.9999952912330627, 'seed': 20260829}
{'gpu': 'NVIDIA B300 SXM6 AC', 'batch': 1, 'dtype': 'torch.float8_e4m3fn', 'num_chunks': 16, 'mode': 'partial', 'median_us': 8.1599997356534, 'p95_us': 10.080000385642052, 'stdev_us': 0.923329520360099, 'iterations': 500, 'max_abs_error': 0.000244140625, 'cosine_similarity': 0.9999952912330627, 'seed': 20260829}
trial=03 batch=1 modes=merge partial full
{'gpu': 'NVIDIA B300 SXM6 AC', 'batch': 1, 'dtype': 'torch.float8_e4m3fn', 'num_chunks': 16, 'mode': 'merge', 'median_us': 6.84799998998642, 'p95_us': 7.23200011998415, 'stdev_us': 0.589944138173286, 'iterations': 500, 'max_abs_error': 0.000244140625, 'cosine_similarity': 0.9999952912330627, 'seed': 20260829}
{'gpu': 'NVIDIA B300 SXM6 AC', 'batch': 1, 'dtype': 'torch.float8_e4m3fn', 'num_chunks': 16, 'mode': 'partial', 'median_us': 8.128000423312187, 'p95_us': 10.015999898314476, 'stdev_us': 0.875418222974695, 'iterations': 500, 'max_abs_error': 0.000244140625, 'cosine_similarity': 0.9999952912330627, 'seed': 20260829}
{'gpu': 'NVIDIA B300 SXM6 AC', 'batch': 1, 'dtype': 'torch.float8_e4m3fn', 'num_chunks': 16, 'mode': 'full', 'median_us': 10.17600018531084, 'p95_us': 12.128000147640705, 'stdev_us': 0.9339432396174545, 'iterations': 500, 'max_abs_error': 0.000244140625, 'cosine_similarity': 0.9999952912330627, 'seed': 20260829}
trial=03 batch=16 modes=merge partial full
{'gpu': 'NVIDIA B300 SXM6 AC', 'batch': 16, 'dtype': 'torch.float8_e4m3fn', 'num_chunks': 4, 'mode': 'merge', 'median_us': 7.071999832987785, 'p95_us': 9.02399979531765, 'stdev_us': 1.0751240652933272, 'iterations': 500, 'max_abs_error': 0.00048828125, 'cosine_similarity': 0.999995231628418, 'seed': 20260829}
{'gpu': 'NVIDIA B300 SXM6 AC', 'batch': 16, 'dtype': 'torch.float8_e4m3fn', 'num_chunks': 4, 'mode': 'partial', 'median_us': 24.4159996509552, 'p95_us': 26.240000501275063, 'stdev_us': 0.5424013308101066, 'iterations': 500, 'max_abs_error': 0.00048828125, 'cosine_similarity': 0.999995231628418, 'seed': 20260829}
{'gpu': 'NVIDIA B300 SXM6 AC', 'batch': 16, 'dtype': 'torch.float8_e4m3fn', 'num_chunks': 4, 'mode': 'full', 'median_us': 28.511999174952507, 'p95_us': 28.704000636935234, 'stdev_us': 0.2189649075916499, 'iterations': 500, 'max_abs_error': 0.00048828125, 'cosine_similarity': 0.999995231628418, 'seed': 20260829}
trial=04 batch=16 modes=partial full merge
{'gpu': 'NVIDIA B300 SXM6 AC', 'batch': 16, 'dtype': 'torch.float8_e4m3fn', 'num_chunks': 4, 'mode': 'partial', 'median_us': 24.4159996509552, 'p95_us': 26.27200074493885, 'stdev_us': 0.6089240419865801, 'iterations': 500, 'max_abs_error': 0.00048828125, 'cosine_similarity': 0.999995231628418, 'seed': 20260829}
{'gpu': 'NVIDIA B300 SXM6 AC', 'batch': 16, 'dtype': 'torch.float8_e4m3fn', 'num_chunks': 4, 'mode': 'full', 'median_us': 28.48000079393387, 'p95_us': 28.704000636935234, 'stdev_us': 0.23310882082279696, 'iterations': 500, 'max_abs_error': 0.00048828125, 'cosine_similarity': 0.999995231628418, 'seed': 20260829}
{'gpu': 'NVIDIA B300 SXM6 AC', 'batch': 16, 'dtype': 'torch.float8_e4m3fn', 'num_chunks': 4, 'mode': 'merge', 'median_us': 6.87999976798892, 'p95_us': 7.584000006318092, 'stdev_us': 0.7494764986934253, 'iterations': 500, 'max_abs_error': 0.00048828125, 'cosine_similarity': 0.999995231628418, 'seed': 20260829}
trial=04 batch=1 modes=partial full merge
{'gpu': 'NVIDIA B300 SXM6 AC', 'batch': 1, 'dtype': 'torch.float8_e4m3fn', 'num_chunks': 16, 'mode': 'partial', 'median_us': 8.608000352978706, 'p95_us': 10.048000141978264, 'stdev_us': 0.8557206910205877, 'iterations': 500, 'max_abs_error': 0.000244140625, 'cosine_similarity': 0.9999952912330627, 'seed': 20260829}
{'gpu': 'NVIDIA B300 SXM6 AC', 'batch': 1, 'dtype': 'torch.float8_e4m3fn', 'num_chunks': 16, 'mode': 'full', 'median_us': 10.288000106811523, 'p95_us': 12.160000391304493, 'stdev_us': 0.9371740507946638, 'iterations': 500, 'max_abs_error': 0.000244140625, 'cosine_similarity': 0.9999952912330627, 'seed': 20260829}
{'gpu': 'NVIDIA B300 SXM6 AC', 'batch': 1, 'dtype': 'torch.float8_e4m3fn', 'num_chunks': 16, 'mode': 'merge', 'median_us': 6.752000190317631, 'p95_us': 7.199999876320362, 'stdev_us': 0.6773328007114848, 'iterations': 500, 'max_abs_error': 0.000244140625, 'cosine_similarity': 0.9999952912330627, 'seed': 20260829}
trial=05 batch=1 modes=full merge partial
{'gpu': 'NVIDIA B300 SXM6 AC', 'batch': 1, 'dtype': 'torch.float8_e4m3fn', 'num_chunks': 16, 'mode': 'full', 'median_us': 10.239999741315842, 'p95_us': 12.095999903976917, 'stdev_us': 0.8745383494837248, 'iterations': 500, 'max_abs_error': 0.000244140625, 'cosine_similarity': 0.9999952912330627, 'seed': 20260829}
{'gpu': 'NVIDIA B300 SXM6 AC', 'batch': 1, 'dtype': 'torch.float8_e4m3fn', 'num_chunks': 16, 'mode': 'merge', 'median_us': 6.752000190317631, 'p95_us': 7.391999941319227, 'stdev_us': 0.554452430335808, 'iterations': 500, 'max_abs_error': 0.000244140625, 'cosine_similarity': 0.9999952912330627, 'seed': 20260829}
{'gpu': 'NVIDIA B300 SXM6 AC', 'batch': 1, 'dtype': 'torch.float8_e4m3fn', 'num_chunks': 16, 'mode': 'partial', 'median_us': 8.0960001796484, 'p95_us': 10.080000385642052, 'stdev_us': 0.9075439342709045, 'iterations': 500, 'max_abs_error': 0.000244140625, 'cosine_similarity': 0.9999952912330627, 'seed': 20260829}
trial=05 batch=16 modes=full merge partial
{'gpu': 'NVIDIA B300 SXM6 AC', 'batch': 16, 'dtype': 'torch.float8_e4m3fn', 'num_chunks': 4, 'mode': 'full', 'median_us': 28.48000079393387, 'p95_us': 28.672000393271446, 'stdev_us': 0.27518348434843515, 'iterations': 500, 'max_abs_error': 0.00048828125, 'cosine_similarity': 0.999995231628418, 'seed': 20260829}
{'gpu': 'NVIDIA B300 SXM6 AC', 'batch': 16, 'dtype': 'torch.float8_e4m3fn', 'num_chunks': 4, 'mode': 'merge', 'median_us': 6.688000168651342, 'p95_us': 7.23200011998415, 'stdev_us': 0.7021631244548022, 'iterations': 500, 'max_abs_error': 0.00048828125, 'cosine_similarity': 0.999995231628418, 'seed': 20260829}
{'gpu': 'NVIDIA B300 SXM6 AC', 'batch': 16, 'dtype': 'torch.float8_e4m3fn', 'num_chunks': 4, 'mode': 'partial', 'median_us': 24.4159996509552, 'p95_us': 26.240000501275063, 'stdev_us': 0.5626101402158519, 'iterations': 500, 'max_abs_error': 0.00048828125, 'cosine_similarity': 0.999995231628418, 'seed': 20260829}
trial=06 batch=16 modes=merge partial full
{'gpu': 'NVIDIA B300 SXM6 AC', 'batch': 16, 'dtype': 'torch.float8_e4m3fn', 'num_chunks': 4, 'mode': 'merge', 'median_us': 6.943999789655209, 'p95_us': 7.519999984651804, 'stdev_us': 1.959546325192176, 'iterations': 500, 'max_abs_error': 0.00048828125, 'cosine_similarity': 0.999995231628418, 'seed': 20260829}
{'gpu': 'NVIDIA B300 SXM6 AC', 'batch': 16, 'dtype': 'torch.float8_e4m3fn', 'num_chunks': 4, 'mode': 'partial', 'median_us': 24.4159996509552, 'p95_us': 26.27200074493885, 'stdev_us': 0.5582964454623017, 'iterations': 500, 'max_abs_error': 0.00048828125, 'cosine_similarity': 0.999995231628418, 'seed': 20260829}
{'gpu': 'NVIDIA B300 SXM6 AC', 'batch': 16, 'dtype': 'torch.float8_e4m3fn', 'num_chunks': 4, 'mode': 'full', 'median_us': 28.511999174952507, 'p95_us': 28.736000880599022, 'stdev_us': 0.2689251649526134, 'iterations': 500, 'max_abs_error': 0.00048828125, 'cosine_similarity': 0.999995231628418, 'seed': 20260829}
trial=06 batch=1 modes=merge partial full
{'gpu': 'NVIDIA B300 SXM6 AC', 'batch': 1, 'dtype': 'torch.float8_e4m3fn', 'num_chunks': 16, 'mode': 'merge', 'median_us': 6.816000211983919, 'p95_us': 7.424000184983015, 'stdev_us': 1.0394662017000607, 'iterations': 500, 'max_abs_error': 0.000244140625, 'cosine_similarity': 0.9999952912330627, 'seed': 20260829}
{'gpu': 'NVIDIA B300 SXM6 AC', 'batch': 1, 'dtype': 'torch.float8_e4m3fn', 'num_chunks': 16, 'mode': 'partial', 'median_us': 8.1599997356534, 'p95_us': 10.048000141978264, 'stdev_us': 0.8674810840722086, 'iterations': 500, 'max_abs_error': 0.000244140625, 'cosine_similarity': 0.9999952912330627, 'seed': 20260829}
{'gpu': 'NVIDIA B300 SXM6 AC', 'batch': 1, 'dtype': 'torch.float8_e4m3fn', 'num_chunks': 16, 'mode': 'full', 'median_us': 10.27199998497963, 'p95_us': 12.128000147640705, 'stdev_us': 0.8707653666079325, 'iterations': 500, 'max_abs_error': 0.000244140625, 'cosine_similarity': 0.9999952912330627, 'seed': 20260829}
trial=07 batch=1 modes=partial full merge
{'gpu': 'NVIDIA B300 SXM6 AC', 'batch': 1, 'dtype': 'torch.float8_e4m3fn', 'num_chunks': 16, 'mode': 'partial', 'median_us': 8.191999979317188, 'p95_us': 10.080000385642052, 'stdev_us': 1.0200958298971017, 'iterations': 500, 'max_abs_error': 0.000244140625, 'cosine_similarity': 0.9999952912330627, 'seed': 20260829}
{'gpu': 'NVIDIA B300 SXM6 AC', 'batch': 1, 'dtype': 'torch.float8_e4m3fn', 'num_chunks': 16, 'mode': 'full', 'median_us': 10.33599954098463, 'p95_us': 12.128000147640705, 'stdev_us': 0.9074515553098186, 'iterations': 500, 'max_abs_error': 0.000244140625, 'cosine_similarity': 0.9999952912330627, 'seed': 20260829}
{'gpu': 'NVIDIA B300 SXM6 AC', 'batch': 1, 'dtype': 'torch.float8_e4m3fn', 'num_chunks': 16, 'mode': 'merge', 'median_us': 6.943999789655209, 'p95_us': 7.424000184983015, 'stdev_us': 0.6288464744403537, 'iterations': 500, 'max_abs_error': 0.000244140625, 'cosine_similarity': 0.9999952912330627, 'seed': 20260829}
trial=07 batch=16 modes=partial full merge
{'gpu': 'NVIDIA B300 SXM6 AC', 'batch': 16, 'dtype': 'torch.float8_e4m3fn', 'num_chunks': 4, 'mode': 'partial', 'median_us': 24.4159996509552, 'p95_us': 26.240000501275063, 'stdev_us': 0.6027705832093329, 'iterations': 500, 'max_abs_error': 0.00048828125, 'cosine_similarity': 0.999995231628418, 'seed': 20260829}
{'gpu': 'NVIDIA B300 SXM6 AC', 'batch': 16, 'dtype': 'torch.float8_e4m3fn', 'num_chunks': 4, 'mode': 'full', 'median_us': 28.48000079393387, 'p95_us': 28.704000636935234, 'stdev_us': 0.2615980570684074, 'iterations': 500, 'max_abs_error': 0.00048828125, 'cosine_similarity': 0.999995231628418, 'seed': 20260829}
{'gpu': 'NVIDIA B300 SXM6 AC', 'batch': 16, 'dtype': 'torch.float8_e4m3fn', 'num_chunks': 4, 'mode': 'merge', 'median_us': 6.719999946653843, 'p95_us': 7.327999919652939, 'stdev_us': 0.7563308020822581, 'iterations': 500, 'max_abs_error': 0.00048828125, 'cosine_similarity': 0.999995231628418, 'seed': 20260829}
trial=08 batch=16 modes=full merge partial
{'gpu': 'NVIDIA B300 SXM6 AC', 'batch': 16, 'dtype': 'torch.float8_e4m3fn', 'num_chunks': 4, 'mode': 'full', 'median_us': 28.511999174952507, 'p95_us': 28.704000636935234, 'stdev_us': 0.22410173803514313, 'iterations': 500, 'max_abs_error': 0.00048828125, 'cosine_similarity': 0.999995231628418, 'seed': 20260829}
{'gpu': 'NVIDIA B300 SXM6 AC', 'batch': 16, 'dtype': 'torch.float8_e4m3fn', 'num_chunks': 4, 'mode': 'merge', 'median_us': 6.752000190317631, 'p95_us': 7.135999854654074, 'stdev_us': 0.582717582255868, 'iterations': 500, 'max_abs_error': 0.00048828125, 'cosine_similarity': 0.999995231628418, 'seed': 20260829}
{'gpu': 'NVIDIA B300 SXM6 AC', 'batch': 16, 'dtype': 'torch.float8_e4m3fn', 'num_chunks': 4, 'mode': 'partial', 'median_us': 24.4159996509552, 'p95_us': 26.27200074493885, 'stdev_us': 0.5715081998328021, 'iterations': 500, 'max_abs_error': 0.00048828125, 'cosine_similarity': 0.999995231628418, 'seed': 20260829}
trial=08 batch=1 modes=full merge partial
{'gpu': 'NVIDIA B300 SXM6 AC', 'batch': 1, 'dtype': 'torch.float8_e4m3fn', 'num_chunks': 16, 'mode': 'full', 'median_us': 10.400000028312206, 'p95_us': 12.160000391304493, 'stdev_us': 0.9390417855140022, 'iterations': 500, 'max_abs_error': 0.000244140625, 'cosine_similarity': 0.9999952912330627, 'seed': 20260829}
{'gpu': 'NVIDIA B300 SXM6 AC', 'batch': 1, 'dtype': 'torch.float8_e4m3fn', 'num_chunks': 16, 'mode': 'merge', 'median_us': 6.87999976798892, 'p95_us': 7.391999941319227, 'stdev_us': 0.7300900465461674, 'iterations': 500, 'max_abs_error': 0.000244140625, 'cosine_similarity': 0.9999952912330627, 'seed': 20260829}
{'gpu': 'NVIDIA B300 SXM6 AC', 'batch': 1, 'dtype': 'torch.float8_e4m3fn', 'num_chunks': 16, 'mode': 'partial', 'median_us': 8.799999952316284, 'p95_us': 10.048000141978264, 'stdev_us': 0.7884013948337214, 'iterations': 500, 'max_abs_error': 0.000244140625, 'cosine_similarity': 0.9999952912330627, 'seed': 20260829}
trial=09 batch=1 modes=merge partial full
{'gpu': 'NVIDIA B300 SXM6 AC', 'batch': 1, 'dtype': 'torch.float8_e4m3fn', 'num_chunks': 16, 'mode': 'merge', 'median_us': 6.768000079318881, 'p95_us': 7.23200011998415, 'stdev_us': 0.6784083642273994, 'iterations': 500, 'max_abs_error': 0.000244140625, 'cosine_similarity': 0.9999952912330627, 'seed': 20260829}
{'gpu': 'NVIDIA B300 SXM6 AC', 'batch': 1, 'dtype': 'torch.float8_e4m3fn', 'num_chunks': 16, 'mode': 'partial', 'median_us': 8.1599997356534, 'p95_us': 10.080000385642052, 'stdev_us': 0.8960440164231122, 'iterations': 500, 'max_abs_error': 0.000244140625, 'cosine_similarity': 0.9999952912330627, 'seed': 20260829}
{'gpu': 'NVIDIA B300 SXM6 AC', 'batch': 1, 'dtype': 'torch.float8_e4m3fn', 'num_chunks': 16, 'mode': 'full', 'median_us': 10.304000228643417, 'p95_us': 12.128000147640705, 'stdev_us': 0.9142788311019706, 'iterations': 500, 'max_abs_error': 0.000244140625, 'cosine_similarity': 0.9999952912330627, 'seed': 20260829}
trial=09 batch=16 modes=merge partial full
{'gpu': 'NVIDIA B300 SXM6 AC', 'batch': 16, 'dtype': 'torch.float8_e4m3fn', 'num_chunks': 4, 'mode': 'merge', 'median_us': 6.84799998998642, 'p95_us': 7.327999919652939, 'stdev_us': 0.984298528630392, 'iterations': 500, 'max_abs_error': 0.00048828125, 'cosine_similarity': 0.999995231628418, 'seed': 20260829}
{'gpu': 'NVIDIA B300 SXM6 AC', 'batch': 16, 'dtype': 'torch.float8_e4m3fn', 'num_chunks': 4, 'mode': 'partial', 'median_us': 24.4159996509552, 'p95_us': 26.240000501275063, 'stdev_us': 0.5217537081264859, 'iterations': 500, 'max_abs_error': 0.00048828125, 'cosine_similarity': 0.999995231628418, 'seed': 20260829}
{'gpu': 'NVIDIA B300 SXM6 AC', 'batch': 16, 'dtype': 'torch.float8_e4m3fn', 'num_chunks': 4, 'mode': 'full', 'median_us': 28.511999174952507, 'p95_us': 28.704000636935234, 'stdev_us': 0.17760221110404514, 'iterations': 500, 'max_abs_error': 0.00048828125, 'cosine_similarity': 0.999995231628418, 'seed': 20260829}
trial=10 batch=16 modes=partial full merge
{'gpu': 'NVIDIA B300 SXM6 AC', 'batch': 16, 'dtype': 'torch.float8_e4m3fn', 'num_chunks': 4, 'mode': 'partial', 'median_us': 24.4159996509552, 'p95_us': 25.439999997615814, 'stdev_us': 0.4233523962248033, 'iterations': 500, 'max_abs_error': 0.00048828125, 'cosine_similarity': 0.999995231628418, 'seed': 20260829}
{'gpu': 'NVIDIA B300 SXM6 AC', 'batch': 16, 'dtype': 'torch.float8_e4m3fn', 'num_chunks': 4, 'mode': 'full', 'median_us': 28.511999174952507, 'p95_us': 28.736000880599022, 'stdev_us': 0.19207875671465108, 'iterations': 500, 'max_abs_error': 0.00048828125, 'cosine_similarity': 0.999995231628418, 'seed': 20260829}
{'gpu': 'NVIDIA B300 SXM6 AC', 'batch': 16, 'dtype': 'torch.float8_e4m3fn', 'num_chunks': 4, 'mode': 'merge', 'median_us': 6.816000211983919, 'p95_us': 7.360000163316727, 'stdev_us': 0.6369554032917806, 'iterations': 500, 'max_abs_error': 0.00048828125, 'cosine_similarity': 0.999995231628418, 'seed': 20260829}
trial=10 batch=1 modes=partial full merge
{'gpu': 'NVIDIA B300 SXM6 AC', 'batch': 1, 'dtype': 'torch.float8_e4m3fn', 'num_chunks': 16, 'mode': 'partial', 'median_us': 8.224000222980976, 'p95_us': 10.015999898314476, 'stdev_us': 0.8242702960438797, 'iterations': 500, 'max_abs_error': 0.000244140625, 'cosine_similarity': 0.9999952912330627, 'seed': 20260829}
{'gpu': 'NVIDIA B300 SXM6 AC', 'batch': 1, 'dtype': 'torch.float8_e4m3fn', 'num_chunks': 16, 'mode': 'full', 'median_us': 10.239999741315842, 'p95_us': 12.128000147640705, 'stdev_us': 0.8970856424753751, 'iterations': 500, 'max_abs_error': 0.000244140625, 'cosine_similarity': 0.9999952912330627, 'seed': 20260829}
{'gpu': 'NVIDIA B300 SXM6 AC', 'batch': 1, 'dtype': 'torch.float8_e4m3fn', 'num_chunks': 16, 'mode': 'merge', 'median_us': 6.84799998998642, 'p95_us': 7.296000141650438, 'stdev_us': 0.8266583646050725, 'iterations': 500, 'max_abs_error': 0.000244140625, 'cosine_similarity': 0.9999952912330627, 'seed': 20260829}
{'gpu': 'NVIDIA B300 SXM6 AC', 'batch': 1, 'dtype': 'torch.float8_e4m3fn', 'num_chunks': 16, 'runs': 10, 'iterations_per_mode_per_run': 500, 'mean_partial_us': 8.262400049716234, 'mean_merge_only_us': 6.820800038985908, 'mean_full_us': 10.279999952763319, 'mean_incremental_merge_us': 2.017599903047085, 'sample_std_incremental_merge_us': 0.20496245014084705, 'mean_eliminate_merge_upper_bound_pct': 19.632128610441555, 'sample_std_upper_bound_pct': 2.04018934715813, 'min_upper_bound_pct': 15.384616073463441, 'max_upper_bound_pct': 20.93749624833426}
{'gpu': 'NVIDIA B300 SXM6 AC', 'batch': 16, 'dtype': 'torch.float8_e4m3fn', 'num_chunks': 4, 'runs': 10, 'iterations_per_mode_per_run': 500, 'mean_partial_us': 24.41279962658882, 'mean_merge_only_us': 6.8512000143527985, 'mean_full_us': 28.495999984443188, 'mean_incremental_merge_us': 4.083200357854366, 'sample_std_incremental_merge_us': 0.01652405322612862, 'mean_eliminate_merge_upper_bound_pct': 14.329009198094678, 'sample_std_upper_bound_pct': 0.05130982721644941, 'min_upper_bound_pct': 14.269666536822164, 'max_upper_bound_pct': 14.382026939812757}
name, uuid, temperature.gpu, clocks.current.sm [MHz], power.draw [W]
NVIDIA B300 SXM6 AC, GPU-3924bd78-8b2f-8e85-3f20-8b0687d0bb0a, 34, 2032 MHz, 244.63 W
summary=results/raw/graph-ab-341335ec3113-11864.csv
