commit=ac55b6fdd5095d44741d1461f25f8615f0789f95
baseline_commit=617aa6870d5482c284d25282adc8c2ab3476d263
job=11871
trials=10 warmup=100 iterations=500
num_heads=16 num_kv_heads=1 batches=1 8 16
name, uuid, driver_version, temperature.gpu, clocks.current.sm [MHz], power.draw [W]
NVIDIA B300 SXM6 AC, GPU-3924bd78-8b2f-8e85-3f20-8b0687d0bb0a, 580.126.09, 33, 120 MHz, 184.02 W
trial=01 batch=1 modes=partial full merge
{'gpu': 'NVIDIA B300 SXM6 AC', 'batch': 1, 'num_heads': 16, 'num_kv_heads': 1, 'dtype': 'torch.float8_e4m3fn', 'num_chunks': 16, 'mode': 'partial', 'median_us': 8.191999979317188, 'p95_us': 9.216000325977802, 'stdev_us': 0.6578764209769002, 'iterations': 500, 'max_abs_error': 0.00048828125, 'cosine_similarity': 0.9999946355819702, 'seed': 20260829}
{'gpu': 'NVIDIA B300 SXM6 AC', 'batch': 1, 'num_heads': 16, 'num_kv_heads': 1, 'dtype': 'torch.float8_e4m3fn', 'num_chunks': 16, 'mode': 'full', 'median_us': 10.080000385642052, 'p95_us': 11.648000217974186, 'stdev_us': 0.5083629688812568, 'iterations': 500, 'max_abs_error': 0.00048828125, 'cosine_similarity': 0.9999946355819702, 'seed': 20260829}
{'gpu': 'NVIDIA B300 SXM6 AC', 'batch': 1, 'num_heads': 16, 'num_kv_heads': 1, 'dtype': 'torch.float8_e4m3fn', 'num_chunks': 16, 'mode': 'merge', 'median_us': 6.783999968320131, 'p95_us': 7.23200011998415, 'stdev_us': 0.7278657524411372, 'iterations': 500, 'max_abs_error': 0.00048828125, 'cosine_similarity': 0.9999946355819702, 'seed': 20260829}
trial=01 batch=8 modes=partial full merge
{'gpu': 'NVIDIA B300 SXM6 AC', 'batch': 8, 'num_heads': 16, 'num_kv_heads': 1, 'dtype': 'torch.float8_e4m3fn', 'num_chunks': 16, 'mode': 'partial', 'median_us': 10.048000141978264, 'p95_us': 10.367999784648418, 'stdev_us': 0.29004566038524116, 'iterations': 500, 'max_abs_error': 0.00048828125, 'cosine_similarity': 0.9999952912330627, 'seed': 20260829}
{'gpu': 'NVIDIA B300 SXM6 AC', 'batch': 8, 'num_heads': 16, 'num_kv_heads': 1, 'dtype': 'torch.float8_e4m3fn', 'num_chunks': 16, 'mode': 'full', 'median_us': 12.095999903976917, 'p95_us': 12.35199999064207, 'stdev_us': 0.20582858960969558, 'iterations': 500, 'max_abs_error': 0.00048828125, 'cosine_similarity': 0.9999952912330627, 'seed': 20260829}
{'gpu': 'NVIDIA B300 SXM6 AC', 'batch': 8, 'num_heads': 16, 'num_kv_heads': 1, 'dtype': 'torch.float8_e4m3fn', 'num_chunks': 16, 'mode': 'merge', 'median_us': 6.688000168651342, 'p95_us': 7.199999876320362, 'stdev_us': 0.6443241922062968, 'iterations': 500, 'max_abs_error': 0.00048828125, 'cosine_similarity': 0.9999952912330627, 'seed': 20260829}
trial=01 batch=16 modes=partial full merge
{'gpu': 'NVIDIA B300 SXM6 AC', 'batch': 16, 'num_heads': 16, 'num_kv_heads': 1, 'dtype': 'torch.float8_e4m3fn', 'num_chunks': 16, 'mode': 'partial', 'median_us': 12.06399966031313, 'p95_us': 12.28800043463707, 'stdev_us': 0.40131880540169873, 'iterations': 500, 'max_abs_error': 0.00048828125, 'cosine_similarity': 0.9999955296516418, 'seed': 20260829}
{'gpu': 'NVIDIA B300 SXM6 AC', 'batch': 16, 'num_heads': 16, 'num_kv_heads': 1, 'dtype': 'torch.float8_e4m3fn', 'num_chunks': 16, 'mode': 'full', 'median_us': 14.14399966597557, 'p95_us': 14.336000196635723, 'stdev_us': 0.16670866361380574, 'iterations': 500, 'max_abs_error': 0.00048828125, 'cosine_similarity': 0.9999955296516418, 'seed': 20260829}
{'gpu': 'NVIDIA B300 SXM6 AC', 'batch': 16, 'num_heads': 16, 'num_kv_heads': 1, 'dtype': 'torch.float8_e4m3fn', 'num_chunks': 16, 'mode': 'merge', 'median_us': 6.816000211983919, 'p95_us': 7.391999941319227, 'stdev_us': 0.6564409176299117, 'iterations': 500, 'max_abs_error': 0.00048828125, 'cosine_similarity': 0.9999955296516418, 'seed': 20260829}
trial=02 batch=16 modes=full merge partial
{'gpu': 'NVIDIA B300 SXM6 AC', 'batch': 16, 'num_heads': 16, 'num_kv_heads': 1, 'dtype': 'torch.float8_e4m3fn', 'num_chunks': 16, 'mode': 'full', 'median_us': 14.14399966597557, 'p95_us': 14.336000196635723, 'stdev_us': 0.1921835540840146, 'iterations': 500, 'max_abs_error': 0.00048828125, 'cosine_similarity': 0.9999955296516418, 'seed': 20260829}
{'gpu': 'NVIDIA B300 SXM6 AC', 'batch': 16, 'num_heads': 16, 'num_kv_heads': 1, 'dtype': 'torch.float8_e4m3fn', 'num_chunks': 16, 'mode': 'merge', 'median_us': 6.688000168651342, 'p95_us': 7.104000076651573, 'stdev_us': 1.2618827084354118, 'iterations': 500, 'max_abs_error': 0.00048828125, 'cosine_similarity': 0.9999955296516418, 'seed': 20260829}
{'gpu': 'NVIDIA B300 SXM6 AC', 'batch': 16, 'num_heads': 16, 'num_kv_heads': 1, 'dtype': 'torch.float8_e4m3fn', 'num_chunks': 16, 'mode': 'partial', 'median_us': 12.095999903976917, 'p95_us': 12.28800043463707, 'stdev_us': 0.3936050748800179, 'iterations': 500, 'max_abs_error': 0.00048828125, 'cosine_similarity': 0.9999955296516418, 'seed': 20260829}
trial=02 batch=8 modes=full merge partial
{'gpu': 'NVIDIA B300 SXM6 AC', 'batch': 8, 'num_heads': 16, 'num_kv_heads': 1, 'dtype': 'torch.float8_e4m3fn', 'num_chunks': 16, 'mode': 'full', 'median_us': 12.095999903976917, 'p95_us': 12.319999746978283, 'stdev_us': 0.22323899197428873, 'iterations': 500, 'max_abs_error': 0.00048828125, 'cosine_similarity': 0.9999952912330627, 'seed': 20260829}
{'gpu': 'NVIDIA B300 SXM6 AC', 'batch': 8, 'num_heads': 16, 'num_kv_heads': 1, 'dtype': 'torch.float8_e4m3fn', 'num_chunks': 16, 'mode': 'merge', 'median_us': 6.688000168651342, 'p95_us': 7.168000098317862, 'stdev_us': 0.4731463099232746, 'iterations': 500, 'max_abs_error': 0.00048828125, 'cosine_similarity': 0.9999952912330627, 'seed': 20260829}
{'gpu': 'NVIDIA B300 SXM6 AC', 'batch': 8, 'num_heads': 16, 'num_kv_heads': 1, 'dtype': 'torch.float8_e4m3fn', 'num_chunks': 16, 'mode': 'partial', 'median_us': 10.03200002014637, 'p95_us': 10.27199998497963, 'stdev_us': 0.2145963412972197, 'iterations': 500, 'max_abs_error': 0.00048828125, 'cosine_similarity': 0.9999952912330627, 'seed': 20260829}
trial=02 batch=1 modes=full merge partial
{'gpu': 'NVIDIA B300 SXM6 AC', 'batch': 1, 'num_heads': 16, 'num_kv_heads': 1, 'dtype': 'torch.float8_e4m3fn', 'num_chunks': 16, 'mode': 'full', 'median_us': 10.048000141978264, 'p95_us': 11.744000017642975, 'stdev_us': 0.5329391257735256, 'iterations': 500, 'max_abs_error': 0.00048828125, 'cosine_similarity': 0.9999946355819702, 'seed': 20260829}
{'gpu': 'NVIDIA B300 SXM6 AC', 'batch': 1, 'num_heads': 16, 'num_kv_heads': 1, 'dtype': 'torch.float8_e4m3fn', 'num_chunks': 16, 'mode': 'merge', 'median_us': 6.84799998998642, 'p95_us': 7.327999919652939, 'stdev_us': 1.232625776331076, 'iterations': 500, 'max_abs_error': 0.00048828125, 'cosine_similarity': 0.9999946355819702, 'seed': 20260829}
{'gpu': 'NVIDIA B300 SXM6 AC', 'batch': 1, 'num_heads': 16, 'num_kv_heads': 1, 'dtype': 'torch.float8_e4m3fn', 'num_chunks': 16, 'mode': 'partial', 'median_us': 8.031999692320824, 'p95_us': 9.759999811649323, 'stdev_us': 0.6057072280040342, 'iterations': 500, 'max_abs_error': 0.00048828125, 'cosine_similarity': 0.9999946355819702, 'seed': 20260829}
trial=03 batch=1 modes=merge partial full
{'gpu': 'NVIDIA B300 SXM6 AC', 'batch': 1, 'num_heads': 16, 'num_kv_heads': 1, 'dtype': 'torch.float8_e4m3fn', 'num_chunks': 16, 'mode': 'merge', 'median_us': 6.816000211983919, 'p95_us': 7.2639998979866505, 'stdev_us': 1.0797032657795054, 'iterations': 500, 'max_abs_error': 0.00048828125, 'cosine_similarity': 0.9999946355819702, 'seed': 20260829}
{'gpu': 'NVIDIA B300 SXM6 AC', 'batch': 1, 'num_heads': 16, 'num_kv_heads': 1, 'dtype': 'torch.float8_e4m3fn', 'num_chunks': 16, 'mode': 'partial', 'median_us': 8.031999692320824, 'p95_us': 9.184000082314014, 'stdev_us': 0.6055691092837456, 'iterations': 500, 'max_abs_error': 0.00048828125, 'cosine_similarity': 0.9999946355819702, 'seed': 20260829}
{'gpu': 'NVIDIA B300 SXM6 AC', 'batch': 1, 'num_heads': 16, 'num_kv_heads': 1, 'dtype': 'torch.float8_e4m3fn', 'num_chunks': 16, 'mode': 'full', 'median_us': 10.048000141978264, 'p95_us': 11.680000461637974, 'stdev_us': 0.46550706536261977, 'iterations': 500, 'max_abs_error': 0.00048828125, 'cosine_similarity': 0.9999946355819702, 'seed': 20260829}
trial=03 batch=8 modes=merge partial full
{'gpu': 'NVIDIA B300 SXM6 AC', 'batch': 8, 'num_heads': 16, 'num_kv_heads': 1, 'dtype': 'torch.float8_e4m3fn', 'num_chunks': 16, 'mode': 'merge', 'median_us': 6.688000168651342, 'p95_us': 7.168000098317862, 'stdev_us': 1.1398648646973732, 'iterations': 500, 'max_abs_error': 0.00048828125, 'cosine_similarity': 0.9999952912330627, 'seed': 20260829}
{'gpu': 'NVIDIA B300 SXM6 AC', 'batch': 8, 'num_heads': 16, 'num_kv_heads': 1, 'dtype': 'torch.float8_e4m3fn', 'num_chunks': 16, 'mode': 'partial', 'median_us': 10.048000141978264, 'p95_us': 10.239999741315842, 'stdev_us': 0.20157782274800776, 'iterations': 500, 'max_abs_error': 0.00048828125, 'cosine_similarity': 0.9999952912330627, 'seed': 20260829}
{'gpu': 'NVIDIA B300 SXM6 AC', 'batch': 8, 'num_heads': 16, 'num_kv_heads': 1, 'dtype': 'torch.float8_e4m3fn', 'num_chunks': 16, 'mode': 'full', 'median_us': 12.095999903976917, 'p95_us': 12.319999746978283, 'stdev_us': 0.1880931515660819, 'iterations': 500, 'max_abs_error': 0.00048828125, 'cosine_similarity': 0.9999952912330627, 'seed': 20260829}
trial=03 batch=16 modes=merge partial full
{'gpu': 'NVIDIA B300 SXM6 AC', 'batch': 16, 'num_heads': 16, 'num_kv_heads': 1, 'dtype': 'torch.float8_e4m3fn', 'num_chunks': 16, 'mode': 'merge', 'median_us': 6.87999976798892, 'p95_us': 8.63999966531992, 'stdev_us': 0.8141042407668063, 'iterations': 500, 'max_abs_error': 0.00048828125, 'cosine_similarity': 0.9999955296516418, 'seed': 20260829}
{'gpu': 'NVIDIA B300 SXM6 AC', 'batch': 16, 'num_heads': 16, 'num_kv_heads': 1, 'dtype': 'torch.float8_e4m3fn', 'num_chunks': 16, 'mode': 'partial', 'median_us': 12.032000347971916, 'p95_us': 12.256000190973282, 'stdev_us': 0.5052930770367574, 'iterations': 500, 'max_abs_error': 0.00048828125, 'cosine_similarity': 0.9999955296516418, 'seed': 20260829}
{'gpu': 'NVIDIA B300 SXM6 AC', 'batch': 16, 'num_heads': 16, 'num_kv_heads': 1, 'dtype': 'torch.float8_e4m3fn', 'num_chunks': 16, 'mode': 'full', 'median_us': 14.112000353634357, 'p95_us': 14.336000196635723, 'stdev_us': 0.18514258200313238, 'iterations': 500, 'max_abs_error': 0.00048828125, 'cosine_similarity': 0.9999955296516418, 'seed': 20260829}
trial=04 batch=16 modes=partial full merge
{'gpu': 'NVIDIA B300 SXM6 AC', 'batch': 16, 'num_heads': 16, 'num_kv_heads': 1, 'dtype': 'torch.float8_e4m3fn', 'num_chunks': 16, 'mode': 'partial', 'median_us': 12.06399966031313, 'p95_us': 12.28800043463707, 'stdev_us': 0.5113158155965137, 'iterations': 500, 'max_abs_error': 0.00048828125, 'cosine_similarity': 0.9999955296516418, 'seed': 20260829}
{'gpu': 'NVIDIA B300 SXM6 AC', 'batch': 16, 'num_heads': 16, 'num_kv_heads': 1, 'dtype': 'torch.float8_e4m3fn', 'num_chunks': 16, 'mode': 'full', 'median_us': 14.175999909639359, 'p95_us': 14.336000196635723, 'stdev_us': 0.1353777333304926, 'iterations': 500, 'max_abs_error': 0.00048828125, 'cosine_similarity': 0.9999955296516418, 'seed': 20260829}
{'gpu': 'NVIDIA B300 SXM6 AC', 'batch': 16, 'num_heads': 16, 'num_kv_heads': 1, 'dtype': 'torch.float8_e4m3fn', 'num_chunks': 16, 'mode': 'merge', 'median_us': 6.6559999249875546, 'p95_us': 7.135999854654074, 'stdev_us': 0.6257577613910796, 'iterations': 500, 'max_abs_error': 0.00048828125, 'cosine_similarity': 0.9999955296516418, 'seed': 20260829}
trial=04 batch=8 modes=partial full merge
{'gpu': 'NVIDIA B300 SXM6 AC', 'batch': 8, 'num_heads': 16, 'num_kv_heads': 1, 'dtype': 'torch.float8_e4m3fn', 'num_chunks': 16, 'mode': 'partial', 'median_us': 10.048000141978264, 'p95_us': 10.304000228643417, 'stdev_us': 0.26706456457599964, 'iterations': 500, 'max_abs_error': 0.00048828125, 'cosine_similarity': 0.9999952912330627, 'seed': 20260829}
{'gpu': 'NVIDIA B300 SXM6 AC', 'batch': 8, 'num_heads': 16, 'num_kv_heads': 1, 'dtype': 'torch.float8_e4m3fn', 'num_chunks': 16, 'mode': 'full', 'median_us': 12.095999903976917, 'p95_us': 12.319999746978283, 'stdev_us': 0.18685594499364444, 'iterations': 500, 'max_abs_error': 0.00048828125, 'cosine_similarity': 0.9999952912330627, 'seed': 20260829}
{'gpu': 'NVIDIA B300 SXM6 AC', 'batch': 8, 'num_heads': 16, 'num_kv_heads': 1, 'dtype': 'torch.float8_e4m3fn', 'num_chunks': 16, 'mode': 'merge', 'median_us': 6.752000190317631, 'p95_us': 7.199999876320362, 'stdev_us': 0.765319048633828, 'iterations': 500, 'max_abs_error': 0.00048828125, 'cosine_similarity': 0.9999952912330627, 'seed': 20260829}
trial=04 batch=1 modes=partial full merge
{'gpu': 'NVIDIA B300 SXM6 AC', 'batch': 1, 'num_heads': 16, 'num_kv_heads': 1, 'dtype': 'torch.float8_e4m3fn', 'num_chunks': 16, 'mode': 'partial', 'median_us': 8.031999692320824, 'p95_us': 9.279999881982803, 'stdev_us': 0.579475233575382, 'iterations': 500, 'max_abs_error': 0.00048828125, 'cosine_similarity': 0.9999946355819702, 'seed': 20260829}
{'gpu': 'NVIDIA B300 SXM6 AC', 'batch': 1, 'num_heads': 16, 'num_kv_heads': 1, 'dtype': 'torch.float8_e4m3fn', 'num_chunks': 16, 'mode': 'full', 'median_us': 10.048000141978264, 'p95_us': 11.711999773979187, 'stdev_us': 0.5179442893035934, 'iterations': 500, 'max_abs_error': 0.00048828125, 'cosine_similarity': 0.9999946355819702, 'seed': 20260829}
{'gpu': 'NVIDIA B300 SXM6 AC', 'batch': 1, 'num_heads': 16, 'num_kv_heads': 1, 'dtype': 'torch.float8_e4m3fn', 'num_chunks': 16, 'mode': 'merge', 'median_us': 6.624000146985054, 'p95_us': 7.135999854654074, 'stdev_us': 0.7668512344764424, 'iterations': 500, 'max_abs_error': 0.00048828125, 'cosine_similarity': 0.9999946355819702, 'seed': 20260829}
trial=05 batch=1 modes=full merge partial
{'gpu': 'NVIDIA B300 SXM6 AC', 'batch': 1, 'num_heads': 16, 'num_kv_heads': 1, 'dtype': 'torch.float8_e4m3fn', 'num_chunks': 16, 'mode': 'full', 'median_us': 10.048000141978264, 'p95_us': 11.680000461637974, 'stdev_us': 0.4576701680725759, 'iterations': 500, 'max_abs_error': 0.00048828125, 'cosine_similarity': 0.9999946355819702, 'seed': 20260829}
{'gpu': 'NVIDIA B300 SXM6 AC', 'batch': 1, 'num_heads': 16, 'num_kv_heads': 1, 'dtype': 'torch.float8_e4m3fn', 'num_chunks': 16, 'mode': 'merge', 'median_us': 6.816000211983919, 'p95_us': 7.296000141650438, 'stdev_us': 1.4170161647721453, 'iterations': 500, 'max_abs_error': 0.00048828125, 'cosine_similarity': 0.9999946355819702, 'seed': 20260829}
{'gpu': 'NVIDIA B300 SXM6 AC', 'batch': 1, 'num_heads': 16, 'num_kv_heads': 1, 'dtype': 'torch.float8_e4m3fn', 'num_chunks': 16, 'mode': 'partial', 'median_us': 8.016000036150217, 'p95_us': 9.664000011980534, 'stdev_us': 0.5914351776331471, 'iterations': 500, 'max_abs_error': 0.00048828125, 'cosine_similarity': 0.9999946355819702, 'seed': 20260829}
trial=05 batch=8 modes=full merge partial
{'gpu': 'NVIDIA B300 SXM6 AC', 'batch': 8, 'num_heads': 16, 'num_kv_heads': 1, 'dtype': 'torch.float8_e4m3fn', 'num_chunks': 16, 'mode': 'full', 'median_us': 12.095999903976917, 'p95_us': 12.415999546647072, 'stdev_us': 0.2944701927968511, 'iterations': 500, 'max_abs_error': 0.00048828125, 'cosine_similarity': 0.9999952912330627, 'seed': 20260829}
{'gpu': 'NVIDIA B300 SXM6 AC', 'batch': 8, 'num_heads': 16, 'num_kv_heads': 1, 'dtype': 'torch.float8_e4m3fn', 'num_chunks': 16, 'mode': 'merge', 'median_us': 6.816000211983919, 'p95_us': 7.2639998979866505, 'stdev_us': 0.754212977804958, 'iterations': 500, 'max_abs_error': 0.00048828125, 'cosine_similarity': 0.9999952912330627, 'seed': 20260829}
{'gpu': 'NVIDIA B300 SXM6 AC', 'batch': 8, 'num_heads': 16, 'num_kv_heads': 1, 'dtype': 'torch.float8_e4m3fn', 'num_chunks': 16, 'mode': 'partial', 'median_us': 10.048000141978264, 'p95_us': 10.33599954098463, 'stdev_us': 0.23810584005581004, 'iterations': 500, 'max_abs_error': 0.00048828125, 'cosine_similarity': 0.9999952912330627, 'seed': 20260829}
trial=05 batch=16 modes=full merge partial
{'gpu': 'NVIDIA B300 SXM6 AC', 'batch': 16, 'num_heads': 16, 'num_kv_heads': 1, 'dtype': 'torch.float8_e4m3fn', 'num_chunks': 16, 'mode': 'full', 'median_us': 14.14399966597557, 'p95_us': 14.368000440299511, 'stdev_us': 0.23824699687451234, 'iterations': 500, 'max_abs_error': 0.00048828125, 'cosine_similarity': 0.9999955296516418, 'seed': 20260829}
{'gpu': 'NVIDIA B300 SXM6 AC', 'batch': 16, 'num_heads': 16, 'num_kv_heads': 1, 'dtype': 'torch.float8_e4m3fn', 'num_chunks': 16, 'mode': 'merge', 'median_us': 6.816000211983919, 'p95_us': 7.040000054985285, 'stdev_us': 0.6280312251475525, 'iterations': 500, 'max_abs_error': 0.00048828125, 'cosine_similarity': 0.9999955296516418, 'seed': 20260829}
{'gpu': 'NVIDIA B300 SXM6 AC', 'batch': 16, 'num_heads': 16, 'num_kv_heads': 1, 'dtype': 'torch.float8_e4m3fn', 'num_chunks': 16, 'mode': 'partial', 'median_us': 12.06399966031313, 'p95_us': 12.35199999064207, 'stdev_us': 0.42585402641003794, 'iterations': 500, 'max_abs_error': 0.00048828125, 'cosine_similarity': 0.9999955296516418, 'seed': 20260829}
trial=06 batch=16 modes=merge partial full
{'gpu': 'NVIDIA B300 SXM6 AC', 'batch': 16, 'num_heads': 16, 'num_kv_heads': 1, 'dtype': 'torch.float8_e4m3fn', 'num_chunks': 16, 'mode': 'merge', 'median_us': 6.816000211983919, 'p95_us': 7.296000141650438, 'stdev_us': 0.9426148864204672, 'iterations': 500, 'max_abs_error': 0.00048828125, 'cosine_similarity': 0.9999955296516418, 'seed': 20260829}
{'gpu': 'NVIDIA B300 SXM6 AC', 'batch': 16, 'num_heads': 16, 'num_kv_heads': 1, 'dtype': 'torch.float8_e4m3fn', 'num_chunks': 16, 'mode': 'partial', 'median_us': 12.06399966031313, 'p95_us': 12.28800043463707, 'stdev_us': 0.5131132118883228, 'iterations': 500, 'max_abs_error': 0.00048828125, 'cosine_similarity': 0.9999955296516418, 'seed': 20260829}
{'gpu': 'NVIDIA B300 SXM6 AC', 'batch': 16, 'num_heads': 16, 'num_kv_heads': 1, 'dtype': 'torch.float8_e4m3fn', 'num_chunks': 16, 'mode': 'full', 'median_us': 14.14399966597557, 'p95_us': 14.368000440299511, 'stdev_us': 0.18516115548191325, 'iterations': 500, 'max_abs_error': 0.00048828125, 'cosine_similarity': 0.9999955296516418, 'seed': 20260829}
trial=06 batch=8 modes=merge partial full
{'gpu': 'NVIDIA B300 SXM6 AC', 'batch': 8, 'num_heads': 16, 'num_kv_heads': 1, 'dtype': 'torch.float8_e4m3fn', 'num_chunks': 16, 'mode': 'merge', 'median_us': 6.752000190317631, 'p95_us': 7.488000206649303, 'stdev_us': 0.9170313902986306, 'iterations': 500, 'max_abs_error': 0.00048828125, 'cosine_similarity': 0.9999952912330627, 'seed': 20260829}
{'gpu': 'NVIDIA B300 SXM6 AC', 'batch': 8, 'num_heads': 16, 'num_kv_heads': 1, 'dtype': 'torch.float8_e4m3fn', 'num_chunks': 16, 'mode': 'partial', 'median_us': 10.048000141978264, 'p95_us': 10.33599954098463, 'stdev_us': 0.23940419520023118, 'iterations': 500, 'max_abs_error': 0.00048828125, 'cosine_similarity': 0.9999952912330627, 'seed': 20260829}
{'gpu': 'NVIDIA B300 SXM6 AC', 'batch': 8, 'num_heads': 16, 'num_kv_heads': 1, 'dtype': 'torch.float8_e4m3fn', 'num_chunks': 16, 'mode': 'full', 'median_us': 12.095999903976917, 'p95_us': 12.28800043463707, 'stdev_us': 0.2038861775633506, 'iterations': 500, 'max_abs_error': 0.00048828125, 'cosine_similarity': 0.9999952912330627, 'seed': 20260829}
trial=06 batch=1 modes=merge partial full
{'gpu': 'NVIDIA B300 SXM6 AC', 'batch': 1, 'num_heads': 16, 'num_kv_heads': 1, 'dtype': 'torch.float8_e4m3fn', 'num_chunks': 16, 'mode': 'merge', 'median_us': 6.84799998998642, 'p95_us': 7.327999919652939, 'stdev_us': 1.2779397873943348, 'iterations': 500, 'max_abs_error': 0.00048828125, 'cosine_similarity': 0.9999946355819702, 'seed': 20260829}
{'gpu': 'NVIDIA B300 SXM6 AC', 'batch': 1, 'num_heads': 16, 'num_kv_heads': 1, 'dtype': 'torch.float8_e4m3fn', 'num_chunks': 16, 'mode': 'partial', 'median_us': 8.031999692320824, 'p95_us': 9.664000011980534, 'stdev_us': 0.5936995195713587, 'iterations': 500, 'max_abs_error': 0.00048828125, 'cosine_similarity': 0.9999946355819702, 'seed': 20260829}
{'gpu': 'NVIDIA B300 SXM6 AC', 'batch': 1, 'num_heads': 16, 'num_kv_heads': 1, 'dtype': 'torch.float8_e4m3fn', 'num_chunks': 16, 'mode': 'full', 'median_us': 10.080000385642052, 'p95_us': 11.744000017642975, 'stdev_us': 0.5327909036210602, 'iterations': 500, 'max_abs_error': 0.00048828125, 'cosine_similarity': 0.9999946355819702, 'seed': 20260829}
trial=07 batch=1 modes=partial full merge
{'gpu': 'NVIDIA B300 SXM6 AC', 'batch': 1, 'num_heads': 16, 'num_kv_heads': 1, 'dtype': 'torch.float8_e4m3fn', 'num_chunks': 16, 'mode': 'partial', 'median_us': 8.224000222980976, 'p95_us': 9.40799992531538, 'stdev_us': 0.7068323753393004, 'iterations': 500, 'max_abs_error': 0.00048828125, 'cosine_similarity': 0.9999946355819702, 'seed': 20260829}
{'gpu': 'NVIDIA B300 SXM6 AC', 'batch': 1, 'num_heads': 16, 'num_kv_heads': 1, 'dtype': 'torch.float8_e4m3fn', 'num_chunks': 16, 'mode': 'full', 'median_us': 10.080000385642052, 'p95_us': 11.648000217974186, 'stdev_us': 0.47194149065681434, 'iterations': 500, 'max_abs_error': 0.00048828125, 'cosine_similarity': 0.9999946355819702, 'seed': 20260829}
{'gpu': 'NVIDIA B300 SXM6 AC', 'batch': 1, 'num_heads': 16, 'num_kv_heads': 1, 'dtype': 'torch.float8_e4m3fn', 'num_chunks': 16, 'mode': 'merge', 'median_us': 6.6559999249875546, 'p95_us': 7.168000098317862, 'stdev_us': 0.844488305075206, 'iterations': 500, 'max_abs_error': 0.00048828125, 'cosine_similarity': 0.9999946355819702, 'seed': 20260829}
trial=07 batch=8 modes=partial full merge
{'gpu': 'NVIDIA B300 SXM6 AC', 'batch': 8, 'num_heads': 16, 'num_kv_heads': 1, 'dtype': 'torch.float8_e4m3fn', 'num_chunks': 16, 'mode': 'partial', 'median_us': 10.048000141978264, 'p95_us': 10.304000228643417, 'stdev_us': 0.28790914445709437, 'iterations': 500, 'max_abs_error': 0.00048828125, 'cosine_similarity': 0.9999952912330627, 'seed': 20260829}
{'gpu': 'NVIDIA B300 SXM6 AC', 'batch': 8, 'num_heads': 16, 'num_kv_heads': 1, 'dtype': 'torch.float8_e4m3fn', 'num_chunks': 16, 'mode': 'full', 'median_us': 12.095999903976917, 'p95_us': 12.35199999064207, 'stdev_us': 0.23666168723599035, 'iterations': 500, 'max_abs_error': 0.00048828125, 'cosine_similarity': 0.9999952912330627, 'seed': 20260829}
{'gpu': 'NVIDIA B300 SXM6 AC', 'batch': 8, 'num_heads': 16, 'num_kv_heads': 1, 'dtype': 'torch.float8_e4m3fn', 'num_chunks': 16, 'mode': 'merge', 'median_us': 6.591999903321266, 'p95_us': 7.2639998979866505, 'stdev_us': 0.7423516529630074, 'iterations': 500, 'max_abs_error': 0.00048828125, 'cosine_similarity': 0.9999952912330627, 'seed': 20260829}
trial=07 batch=16 modes=partial full merge
{'gpu': 'NVIDIA B300 SXM6 AC', 'batch': 16, 'num_heads': 16, 'num_kv_heads': 1, 'dtype': 'torch.float8_e4m3fn', 'num_chunks': 16, 'mode': 'partial', 'median_us': 12.032000347971916, 'p95_us': 12.319999746978283, 'stdev_us': 0.5532494449421694, 'iterations': 500, 'max_abs_error': 0.00048828125, 'cosine_similarity': 0.9999955296516418, 'seed': 20260829}
{'gpu': 'NVIDIA B300 SXM6 AC', 'batch': 16, 'num_heads': 16, 'num_kv_heads': 1, 'dtype': 'torch.float8_e4m3fn', 'num_chunks': 16, 'mode': 'full', 'median_us': 14.14399966597557, 'p95_us': 14.336000196635723, 'stdev_us': 0.1962090673546192, 'iterations': 500, 'max_abs_error': 0.00048828125, 'cosine_similarity': 0.9999955296516418, 'seed': 20260829}
{'gpu': 'NVIDIA B300 SXM6 AC', 'batch': 16, 'num_heads': 16, 'num_kv_heads': 1, 'dtype': 'torch.float8_e4m3fn', 'num_chunks': 16, 'mode': 'merge', 'median_us': 6.688000168651342, 'p95_us': 7.168000098317862, 'stdev_us': 0.7624780474514592, 'iterations': 500, 'max_abs_error': 0.00048828125, 'cosine_similarity': 0.9999955296516418, 'seed': 20260829}
trial=08 batch=16 modes=full merge partial
{'gpu': 'NVIDIA B300 SXM6 AC', 'batch': 16, 'num_heads': 16, 'num_kv_heads': 1, 'dtype': 'torch.float8_e4m3fn', 'num_chunks': 16, 'mode': 'full', 'median_us': 14.14399966597557, 'p95_us': 14.431999996304512, 'stdev_us': 0.2431258837174365, 'iterations': 500, 'max_abs_error': 0.00048828125, 'cosine_similarity': 0.9999955296516418, 'seed': 20260829}
{'gpu': 'NVIDIA B300 SXM6 AC', 'batch': 16, 'num_heads': 16, 'num_kv_heads': 1, 'dtype': 'torch.float8_e4m3fn', 'num_chunks': 16, 'mode': 'merge', 'median_us': 6.783999968320131, 'p95_us': 7.2639998979866505, 'stdev_us': 0.7663843979558939, 'iterations': 500, 'max_abs_error': 0.00048828125, 'cosine_similarity': 0.9999955296516418, 'seed': 20260829}
{'gpu': 'NVIDIA B300 SXM6 AC', 'batch': 16, 'num_heads': 16, 'num_kv_heads': 1, 'dtype': 'torch.float8_e4m3fn', 'num_chunks': 16, 'mode': 'partial', 'median_us': 12.032000347971916, 'p95_us': 12.319999746978283, 'stdev_us': 0.5594643526837886, 'iterations': 500, 'max_abs_error': 0.00048828125, 'cosine_similarity': 0.9999955296516418, 'seed': 20260829}
trial=08 batch=8 modes=full merge partial
{'gpu': 'NVIDIA B300 SXM6 AC', 'batch': 8, 'num_heads': 16, 'num_kv_heads': 1, 'dtype': 'torch.float8_e4m3fn', 'num_chunks': 16, 'mode': 'full', 'median_us': 12.095999903976917, 'p95_us': 12.35199999064207, 'stdev_us': 0.2518534546885209, 'iterations': 500, 'max_abs_error': 0.00048828125, 'cosine_similarity': 0.9999952912330627, 'seed': 20260829}
{'gpu': 'NVIDIA B300 SXM6 AC', 'batch': 8, 'num_heads': 16, 'num_kv_heads': 1, 'dtype': 'torch.float8_e4m3fn', 'num_chunks': 16, 'mode': 'merge', 'median_us': 6.752000190317631, 'p95_us': 7.296000141650438, 'stdev_us': 0.9050983499056069, 'iterations': 500, 'max_abs_error': 0.00048828125, 'cosine_similarity': 0.9999952912330627, 'seed': 20260829}
{'gpu': 'NVIDIA B300 SXM6 AC', 'batch': 8, 'num_heads': 16, 'num_kv_heads': 1, 'dtype': 'torch.float8_e4m3fn', 'num_chunks': 16, 'mode': 'partial', 'median_us': 10.015999898314476, 'p95_us': 10.304000228643417, 'stdev_us': 0.25401286656897004, 'iterations': 500, 'max_abs_error': 0.00048828125, 'cosine_similarity': 0.9999952912330627, 'seed': 20260829}
trial=08 batch=1 modes=full merge partial
{'gpu': 'NVIDIA B300 SXM6 AC', 'batch': 1, 'num_heads': 16, 'num_kv_heads': 1, 'dtype': 'torch.float8_e4m3fn', 'num_chunks': 16, 'mode': 'full', 'median_us': 10.080000385642052, 'p95_us': 11.680000461637974, 'stdev_us': 0.6996594418627685, 'iterations': 500, 'max_abs_error': 0.00048828125, 'cosine_similarity': 0.9999946355819702, 'seed': 20260829}
{'gpu': 'NVIDIA B300 SXM6 AC', 'batch': 1, 'num_heads': 16, 'num_kv_heads': 1, 'dtype': 'torch.float8_e4m3fn', 'num_chunks': 16, 'mode': 'merge', 'median_us': 6.816000211983919, 'p95_us': 7.296000141650438, 'stdev_us': 0.8552177510443549, 'iterations': 500, 'max_abs_error': 0.00048828125, 'cosine_similarity': 0.9999946355819702, 'seed': 20260829}
{'gpu': 'NVIDIA B300 SXM6 AC', 'batch': 1, 'num_heads': 16, 'num_kv_heads': 1, 'dtype': 'torch.float8_e4m3fn', 'num_chunks': 16, 'mode': 'partial', 'median_us': 8.128000423312187, 'p95_us': 9.727999567985535, 'stdev_us': 2.668903676673699, 'iterations': 500, 'max_abs_error': 0.00048828125, 'cosine_similarity': 0.9999946355819702, 'seed': 20260829}
trial=09 batch=1 modes=merge partial full
{'gpu': 'NVIDIA B300 SXM6 AC', 'batch': 1, 'num_heads': 16, 'num_kv_heads': 1, 'dtype': 'torch.float8_e4m3fn', 'num_chunks': 16, 'mode': 'merge', 'median_us': 6.783999968320131, 'p95_us': 7.2639998979866505, 'stdev_us': 1.1150530877080531, 'iterations': 500, 'max_abs_error': 0.00048828125, 'cosine_similarity': 0.9999946355819702, 'seed': 20260829}
{'gpu': 'NVIDIA B300 SXM6 AC', 'batch': 1, 'num_heads': 16, 'num_kv_heads': 1, 'dtype': 'torch.float8_e4m3fn', 'num_chunks': 16, 'mode': 'partial', 'median_us': 8.031999692320824, 'p95_us': 9.664000011980534, 'stdev_us': 0.5780594866975861, 'iterations': 500, 'max_abs_error': 0.00048828125, 'cosine_similarity': 0.9999946355819702, 'seed': 20260829}
{'gpu': 'NVIDIA B300 SXM6 AC', 'batch': 1, 'num_heads': 16, 'num_kv_heads': 1, 'dtype': 'torch.float8_e4m3fn', 'num_chunks': 16, 'mode': 'full', 'median_us': 10.048000141978264, 'p95_us': 11.776000261306763, 'stdev_us': 0.5818849480434829, 'iterations': 500, 'max_abs_error': 0.00048828125, 'cosine_similarity': 0.9999946355819702, 'seed': 20260829}
trial=09 batch=8 modes=merge partial full
{'gpu': 'NVIDIA B300 SXM6 AC', 'batch': 8, 'num_heads': 16, 'num_kv_heads': 1, 'dtype': 'torch.float8_e4m3fn', 'num_chunks': 16, 'mode': 'merge', 'median_us': 6.816000211983919, 'p95_us': 7.391999941319227, 'stdev_us': 0.9317438641794058, 'iterations': 500, 'max_abs_error': 0.00048828125, 'cosine_similarity': 0.9999952912330627, 'seed': 20260829}
{'gpu': 'NVIDIA B300 SXM6 AC', 'batch': 8, 'num_heads': 16, 'num_kv_heads': 1, 'dtype': 'torch.float8_e4m3fn', 'num_chunks': 16, 'mode': 'partial', 'median_us': 10.048000141978264, 'p95_us': 10.27199998497963, 'stdev_us': 2.578476150561822, 'iterations': 500, 'max_abs_error': 0.00048828125, 'cosine_similarity': 0.9999952912330627, 'seed': 20260829}
{'gpu': 'NVIDIA B300 SXM6 AC', 'batch': 8, 'num_heads': 16, 'num_kv_heads': 1, 'dtype': 'torch.float8_e4m3fn', 'num_chunks': 16, 'mode': 'full', 'median_us': 12.095999903976917, 'p95_us': 12.319999746978283, 'stdev_us': 0.20369041425152357, 'iterations': 500, 'max_abs_error': 0.00048828125, 'cosine_similarity': 0.9999952912330627, 'seed': 20260829}
trial=09 batch=16 modes=merge partial full
{'gpu': 'NVIDIA B300 SXM6 AC', 'batch': 16, 'num_heads': 16, 'num_kv_heads': 1, 'dtype': 'torch.float8_e4m3fn', 'num_chunks': 16, 'mode': 'merge', 'median_us': 6.719999946653843, 'p95_us': 7.23200011998415, 'stdev_us': 1.069892557695443, 'iterations': 500, 'max_abs_error': 0.00048828125, 'cosine_similarity': 0.9999955296516418, 'seed': 20260829}
{'gpu': 'NVIDIA B300 SXM6 AC', 'batch': 16, 'num_heads': 16, 'num_kv_heads': 1, 'dtype': 'torch.float8_e4m3fn', 'num_chunks': 16, 'mode': 'partial', 'median_us': 12.095999903976917, 'p95_us': 12.319999746978283, 'stdev_us': 0.3111187310810989, 'iterations': 500, 'max_abs_error': 0.00048828125, 'cosine_similarity': 0.9999955296516418, 'seed': 20260829}
{'gpu': 'NVIDIA B300 SXM6 AC', 'batch': 16, 'num_heads': 16, 'num_kv_heads': 1, 'dtype': 'torch.float8_e4m3fn', 'num_chunks': 16, 'mode': 'full', 'median_us': 14.14399966597557, 'p95_us': 14.336000196635723, 'stdev_us': 0.17772971749501046, 'iterations': 500, 'max_abs_error': 0.00048828125, 'cosine_similarity': 0.9999955296516418, 'seed': 20260829}
trial=10 batch=16 modes=partial full merge
{'gpu': 'NVIDIA B300 SXM6 AC', 'batch': 16, 'num_heads': 16, 'num_kv_heads': 1, 'dtype': 'torch.float8_e4m3fn', 'num_chunks': 16, 'mode': 'partial', 'median_us': 12.06399966031313, 'p95_us': 12.319999746978283, 'stdev_us': 0.5769388927809563, 'iterations': 500, 'max_abs_error': 0.00048828125, 'cosine_similarity': 0.9999955296516418, 'seed': 20260829}
{'gpu': 'NVIDIA B300 SXM6 AC', 'batch': 16, 'num_heads': 16, 'num_kv_heads': 1, 'dtype': 'torch.float8_e4m3fn', 'num_chunks': 16, 'mode': 'full', 'median_us': 14.14399966597557, 'p95_us': 14.336000196635723, 'stdev_us': 0.20633741639096395, 'iterations': 500, 'max_abs_error': 0.00048828125, 'cosine_similarity': 0.9999955296516418, 'seed': 20260829}
{'gpu': 'NVIDIA B300 SXM6 AC', 'batch': 16, 'num_heads': 16, 'num_kv_heads': 1, 'dtype': 'torch.float8_e4m3fn', 'num_chunks': 16, 'mode': 'merge', 'median_us': 6.719999946653843, 'p95_us': 7.199999876320362, 'stdev_us': 0.5261271094554135, 'iterations': 500, 'max_abs_error': 0.00048828125, 'cosine_similarity': 0.9999955296516418, 'seed': 20260829}
trial=10 batch=8 modes=partial full merge
{'gpu': 'NVIDIA B300 SXM6 AC', 'batch': 8, 'num_heads': 16, 'num_kv_heads': 1, 'dtype': 'torch.float8_e4m3fn', 'num_chunks': 16, 'mode': 'partial', 'median_us': 10.048000141978264, 'p95_us': 10.33599954098463, 'stdev_us': 0.3284982899802351, 'iterations': 500, 'max_abs_error': 0.00048828125, 'cosine_similarity': 0.9999952912330627, 'seed': 20260829}
{'gpu': 'NVIDIA B300 SXM6 AC', 'batch': 8, 'num_heads': 16, 'num_kv_heads': 1, 'dtype': 'torch.float8_e4m3fn', 'num_chunks': 16, 'mode': 'full', 'median_us': 12.095999903976917, 'p95_us': 12.415999546647072, 'stdev_us': 0.25799146165559944, 'iterations': 500, 'max_abs_error': 0.00048828125, 'cosine_similarity': 0.9999952912330627, 'seed': 20260829}
{'gpu': 'NVIDIA B300 SXM6 AC', 'batch': 8, 'num_heads': 16, 'num_kv_heads': 1, 'dtype': 'torch.float8_e4m3fn', 'num_chunks': 16, 'mode': 'merge', 'median_us': 6.6559999249875546, 'p95_us': 7.168000098317862, 'stdev_us': 0.722945095336673, 'iterations': 500, 'max_abs_error': 0.00048828125, 'cosine_similarity': 0.9999952912330627, 'seed': 20260829}
trial=10 batch=1 modes=partial full merge
{'gpu': 'NVIDIA B300 SXM6 AC', 'batch': 1, 'num_heads': 16, 'num_kv_heads': 1, 'dtype': 'torch.float8_e4m3fn', 'num_chunks': 16, 'mode': 'partial', 'median_us': 8.191999979317188, 'p95_us': 9.696000255644321, 'stdev_us': 0.9147928415315633, 'iterations': 500, 'max_abs_error': 0.00048828125, 'cosine_similarity': 0.9999946355819702, 'seed': 20260829}
{'gpu': 'NVIDIA B300 SXM6 AC', 'batch': 1, 'num_heads': 16, 'num_kv_heads': 1, 'dtype': 'torch.float8_e4m3fn', 'num_chunks': 16, 'mode': 'full', 'median_us': 10.048000141978264, 'p95_us': 11.648000217974186, 'stdev_us': 0.4744005031217219, 'iterations': 500, 'max_abs_error': 0.00048828125, 'cosine_similarity': 0.9999946355819702, 'seed': 20260829}
{'gpu': 'NVIDIA B300 SXM6 AC', 'batch': 1, 'num_heads': 16, 'num_kv_heads': 1, 'dtype': 'torch.float8_e4m3fn', 'num_chunks': 16, 'mode': 'merge', 'median_us': 6.783999968320131, 'p95_us': 7.23200011998415, 'stdev_us': 0.6905777817576931, 'iterations': 500, 'max_abs_error': 0.00048828125, 'cosine_similarity': 0.9999946355819702, 'seed': 20260829}
{'gpu': 'NVIDIA B300 SXM6 AC', 'batch': 1, 'num_heads': 16, 'num_kv_heads': 1, 'dtype': 'torch.float8_e4m3fn', 'num_chunks': 16, 'runs': 10, 'iterations_per_mode_per_run': 500, 'mean_partial_us': 8.091199910268188, 'mean_merge_only_us': 6.77760005928576, 'mean_full_us': 10.060800239443779, 'mean_incremental_merge_us': 1.9696003291755915, 'sample_std_incremental_merge_us': 0.07559434865264983, 'mean_eliminate_merge_upper_bound_pct': 19.57744695130544, 'sample_std_upper_bound_pct': 0.7639912999992472, 'min_upper_bound_pct': 18.41269932196393, 'max_upper_bound_pct': 20.31746641833863}
{'gpu': 'NVIDIA B300 SXM6 AC', 'batch': 8, 'num_heads': 16, 'num_kv_heads': 1, 'dtype': 'torch.float8_e4m3fn', 'num_chunks': 16, 'runs': 10, 'iterations_per_mode_per_run': 500, 'mean_partial_us': 10.043200105428696, 'mean_merge_only_us': 6.720000132918358, 'mean_full_us': 12.095999903976917, 'mean_incremental_merge_us': 2.0527997985482216, 'sample_std_incremental_merge_us': 0.010799259153629932, 'mean_eliminate_merge_upper_bound_pct': 16.970897940180233, 'sample_std_upper_bound_pct': 0.08927959027247766, 'min_upper_bound_pct': 16.93121509802024, 'max_upper_bound_pct': 17.195767379086863}
{'gpu': 'NVIDIA B300 SXM6 AC', 'batch': 16, 'num_heads': 16, 'num_kv_heads': 1, 'dtype': 'torch.float8_e4m3fn', 'num_chunks': 16, 'runs': 10, 'iterations_per_mode_per_run': 500, 'mean_partial_us': 12.060799915343523, 'mean_merge_only_us': 6.758400052785873, 'mean_full_us': 14.143999759107828, 'mean_incremental_merge_us': 2.083199843764305, 'sample_std_incremental_merge_us': 0.02361160055157687, 'mean_eliminate_merge_upper_bound_pct': 14.72846991670322, 'sample_std_upper_bound_pct': 0.1625575408878834, 'min_upper_bound_pct': 14.479636668298763, 'max_upper_bound_pct': 14.932122227662546}
name, uuid, temperature.gpu, clocks.current.sm [MHz], power.draw [W]
NVIDIA B300 SXM6 AC, GPU-3924bd78-8b2f-8e85-3f20-8b0687d0bb0a, 34, 2032 MHz, 243.93 W
summary=results/raw/graph-ab-ac55b6fdd509-h16-kv1-11871.csv
