commit=1410e42aaeac32704696d1ea8522f6d1b37102c9
baseline_commit=617aa6870d5482c284d25282adc8c2ab3476d263
job=11897
trials=10 warmup=100 iterations=500
num_heads=16 num_kv_heads=1 scale_modes=scalar per_token_head batches=1 8 16
name, uuid, driver_version, temperature.gpu, clocks.current.sm [MHz], power.draw [W]
NVIDIA B300 SXM6 AC, GPU-3924bd78-8b2f-8e85-3f20-8b0687d0bb0a, 580.126.09, 34, 2032 MHz, 245.45 W
trial=01 batch=1 scale_mode=scalar modes=partial full merge
{'gpu': 'NVIDIA B300 SXM6 AC', 'batch': 1, 'num_heads': 16, 'num_kv_heads': 1, 'dtype': 'torch.float8_e4m3fn', 'scale_mode': 'scalar', 'num_chunks': 16, 'mode': 'partial', 'median_us': 8.144000079482794, 'p95_us': 9.247999638319016, 'stdev_us': 1.0289765788684426, 'iterations': 500, 'max_abs_error': 0.00048828125, 'cosine_similarity': 0.9999946355819702, 'seed': 20260829}
{'gpu': 'NVIDIA B300 SXM6 AC', 'batch': 1, 'num_heads': 16, 'num_kv_heads': 1, 'dtype': 'torch.float8_e4m3fn', 'scale_mode': 'scalar', 'num_chunks': 16, 'mode': 'full', 'median_us': 10.048000141978264, 'p95_us': 10.879999957978725, 'stdev_us': 0.4180332049679196, 'iterations': 500, 'max_abs_error': 0.00048828125, 'cosine_similarity': 0.9999946355819702, 'seed': 20260829}
{'gpu': 'NVIDIA B300 SXM6 AC', 'batch': 1, 'num_heads': 16, 'num_kv_heads': 1, 'dtype': 'torch.float8_e4m3fn', 'scale_mode': 'scalar', 'num_chunks': 16, 'mode': 'merge', 'median_us': 6.783999968320131, 'p95_us': 7.360000163316727, 'stdev_us': 0.7107311578191268, 'iterations': 500, 'max_abs_error': 0.00048828125, 'cosine_similarity': 0.9999946355819702, 'seed': 20260829}
trial=01 batch=8 scale_mode=scalar modes=partial full merge
{'gpu': 'NVIDIA B300 SXM6 AC', 'batch': 8, 'num_heads': 16, 'num_kv_heads': 1, 'dtype': 'torch.float8_e4m3fn', 'scale_mode': 'scalar', 'num_chunks': 16, 'mode': 'partial', 'median_us': 10.048000141978264, 'p95_us': 10.400000028312206, 'stdev_us': 0.44067483288753134, 'iterations': 500, 'max_abs_error': 0.00048828125, 'cosine_similarity': 0.9999952912330627, 'seed': 20260829}
{'gpu': 'NVIDIA B300 SXM6 AC', 'batch': 8, 'num_heads': 16, 'num_kv_heads': 1, 'dtype': 'torch.float8_e4m3fn', 'scale_mode': 'scalar', 'num_chunks': 16, 'mode': 'full', 'median_us': 12.095999903976917, 'p95_us': 12.415999546647072, 'stdev_us': 0.23292099700209362, 'iterations': 500, 'max_abs_error': 0.00048828125, 'cosine_similarity': 0.9999952912330627, 'seed': 20260829}
{'gpu': 'NVIDIA B300 SXM6 AC', 'batch': 8, 'num_heads': 16, 'num_kv_heads': 1, 'dtype': 'torch.float8_e4m3fn', 'scale_mode': 'scalar', 'num_chunks': 16, 'mode': 'merge', 'median_us': 6.87999976798892, 'p95_us': 7.2639998979866505, 'stdev_us': 0.7176218277123199, 'iterations': 500, 'max_abs_error': 0.00048828125, 'cosine_similarity': 0.9999952912330627, 'seed': 20260829}
trial=01 batch=16 scale_mode=scalar modes=partial full merge
{'gpu': 'NVIDIA B300 SXM6 AC', 'batch': 16, 'num_heads': 16, 'num_kv_heads': 1, 'dtype': 'torch.float8_e4m3fn', 'scale_mode': 'scalar', 'num_chunks': 16, 'mode': 'partial', 'median_us': 12.06399966031313, 'p95_us': 12.28800043463707, 'stdev_us': 0.5046001098158026, 'iterations': 500, 'max_abs_error': 0.00048828125, 'cosine_similarity': 0.9999955296516418, 'seed': 20260829}
{'gpu': 'NVIDIA B300 SXM6 AC', 'batch': 16, 'num_heads': 16, 'num_kv_heads': 1, 'dtype': 'torch.float8_e4m3fn', 'scale_mode': 'scalar', 'num_chunks': 16, 'mode': 'full', 'median_us': 14.14399966597557, 'p95_us': 14.336000196635723, 'stdev_us': 0.15022721484404913, 'iterations': 500, 'max_abs_error': 0.00048828125, 'cosine_similarity': 0.9999955296516418, 'seed': 20260829}
{'gpu': 'NVIDIA B300 SXM6 AC', 'batch': 16, 'num_heads': 16, 'num_kv_heads': 1, 'dtype': 'torch.float8_e4m3fn', 'scale_mode': 'scalar', 'num_chunks': 16, 'mode': 'merge', 'median_us': 6.719999946653843, 'p95_us': 7.199999876320362, 'stdev_us': 0.8416312750257928, 'iterations': 500, 'max_abs_error': 0.00048828125, 'cosine_similarity': 0.9999955296516418, 'seed': 20260829}
trial=01 batch=1 scale_mode=per_token_head modes=partial full merge
{'gpu': 'NVIDIA B300 SXM6 AC', 'batch': 1, 'num_heads': 16, 'num_kv_heads': 1, 'dtype': 'torch.float8_e4m3fn', 'scale_mode': 'per_token_head', 'num_chunks': 16, 'mode': 'partial', 'median_us': 8.128000423312187, 'p95_us': 9.920000098645687, 'stdev_us': 0.7621066578060861, 'iterations': 500, 'max_abs_error': 0.00048828125, 'cosine_similarity': 0.9999932050704956, 'seed': 20260829}
{'gpu': 'NVIDIA B300 SXM6 AC', 'batch': 1, 'num_heads': 16, 'num_kv_heads': 1, 'dtype': 'torch.float8_e4m3fn', 'scale_mode': 'per_token_head', 'num_chunks': 16, 'mode': 'full', 'median_us': 10.080000385642052, 'p95_us': 11.96799986064434, 'stdev_us': 0.796079906079787, 'iterations': 500, 'max_abs_error': 0.00048828125, 'cosine_similarity': 0.9999932050704956, 'seed': 20260829}
{'gpu': 'NVIDIA B300 SXM6 AC', 'batch': 1, 'num_heads': 16, 'num_kv_heads': 1, 'dtype': 'torch.float8_e4m3fn', 'scale_mode': 'per_token_head', 'num_chunks': 16, 'mode': 'merge', 'median_us': 6.84799998998642, 'p95_us': 7.2639998979866505, 'stdev_us': 0.7720002484425196, 'iterations': 500, 'max_abs_error': 0.00048828125, 'cosine_similarity': 0.9999932050704956, 'seed': 20260829}
trial=01 batch=8 scale_mode=per_token_head modes=partial full merge
{'gpu': 'NVIDIA B300 SXM6 AC', 'batch': 8, 'num_heads': 16, 'num_kv_heads': 1, 'dtype': 'torch.float8_e4m3fn', 'scale_mode': 'per_token_head', 'num_chunks': 16, 'mode': 'partial', 'median_us': 10.048000141978264, 'p95_us': 10.367999784648418, 'stdev_us': 0.22690899929743638, 'iterations': 500, 'max_abs_error': 0.00048828125, 'cosine_similarity': 0.9999935626983643, 'seed': 20260829}
{'gpu': 'NVIDIA B300 SXM6 AC', 'batch': 8, 'num_heads': 16, 'num_kv_heads': 1, 'dtype': 'torch.float8_e4m3fn', 'scale_mode': 'per_token_head', 'num_chunks': 16, 'mode': 'full', 'median_us': 12.06399966031313, 'p95_us': 12.384000234305859, 'stdev_us': 0.5020334718586433, 'iterations': 500, 'max_abs_error': 0.00048828125, 'cosine_similarity': 0.9999935626983643, 'seed': 20260829}
{'gpu': 'NVIDIA B300 SXM6 AC', 'batch': 8, 'num_heads': 16, 'num_kv_heads': 1, 'dtype': 'torch.float8_e4m3fn', 'scale_mode': 'per_token_head', 'num_chunks': 16, 'mode': 'merge', 'median_us': 6.84799998998642, 'p95_us': 7.23200011998415, 'stdev_us': 0.6557747941703705, 'iterations': 500, 'max_abs_error': 0.00048828125, 'cosine_similarity': 0.9999935626983643, 'seed': 20260829}
trial=01 batch=16 scale_mode=per_token_head modes=partial full merge
{'gpu': 'NVIDIA B300 SXM6 AC', 'batch': 16, 'num_heads': 16, 'num_kv_heads': 1, 'dtype': 'torch.float8_e4m3fn', 'scale_mode': 'per_token_head', 'num_chunks': 16, 'mode': 'partial', 'median_us': 10.080000385642052, 'p95_us': 11.96799986064434, 'stdev_us': 0.7540283988458598, 'iterations': 500, 'max_abs_error': 0.00048828125, 'cosine_similarity': 0.9999938011169434, 'seed': 20260829}
{'gpu': 'NVIDIA B300 SXM6 AC', 'batch': 16, 'num_heads': 16, 'num_kv_heads': 1, 'dtype': 'torch.float8_e4m3fn', 'scale_mode': 'per_token_head', 'num_chunks': 16, 'mode': 'full', 'median_us': 14.14399966597557, 'p95_us': 14.303999952971935, 'stdev_us': 0.2711773348537331, 'iterations': 500, 'max_abs_error': 0.00048828125, 'cosine_similarity': 0.9999938011169434, 'seed': 20260829}
{'gpu': 'NVIDIA B300 SXM6 AC', 'batch': 16, 'num_heads': 16, 'num_kv_heads': 1, 'dtype': 'torch.float8_e4m3fn', 'scale_mode': 'per_token_head', 'num_chunks': 16, 'mode': 'merge', 'median_us': 6.816000211983919, 'p95_us': 7.23200011998415, 'stdev_us': 0.7573319825939915, 'iterations': 500, 'max_abs_error': 0.00048828125, 'cosine_similarity': 0.9999938011169434, 'seed': 20260829}
trial=02 batch=16 scale_mode=per_token_head modes=full merge partial
{'gpu': 'NVIDIA B300 SXM6 AC', 'batch': 16, 'num_heads': 16, 'num_kv_heads': 1, 'dtype': 'torch.float8_e4m3fn', 'scale_mode': 'per_token_head', 'num_chunks': 16, 'mode': 'full', 'median_us': 14.14399966597557, 'p95_us': 14.4640002399683, 'stdev_us': 0.2176453914908444, 'iterations': 500, 'max_abs_error': 0.00048828125, 'cosine_similarity': 0.9999938011169434, 'seed': 20260829}
{'gpu': 'NVIDIA B300 SXM6 AC', 'batch': 16, 'num_heads': 16, 'num_kv_heads': 1, 'dtype': 'torch.float8_e4m3fn', 'scale_mode': 'per_token_head', 'num_chunks': 16, 'mode': 'merge', 'median_us': 6.752000190317631, 'p95_us': 7.519999984651804, 'stdev_us': 1.2839062664977081, 'iterations': 500, 'max_abs_error': 0.00048828125, 'cosine_similarity': 0.9999938011169434, 'seed': 20260829}
{'gpu': 'NVIDIA B300 SXM6 AC', 'batch': 16, 'num_heads': 16, 'num_kv_heads': 1, 'dtype': 'torch.float8_e4m3fn', 'scale_mode': 'per_token_head', 'num_chunks': 16, 'mode': 'partial', 'median_us': 10.080000385642052, 'p95_us': 12.000000104308128, 'stdev_us': 0.7402733878523087, 'iterations': 500, 'max_abs_error': 0.00048828125, 'cosine_similarity': 0.9999938011169434, 'seed': 20260829}
trial=02 batch=8 scale_mode=per_token_head modes=full merge partial
{'gpu': 'NVIDIA B300 SXM6 AC', 'batch': 8, 'num_heads': 16, 'num_kv_heads': 1, 'dtype': 'torch.float8_e4m3fn', 'scale_mode': 'per_token_head', 'num_chunks': 16, 'mode': 'full', 'median_us': 12.095999903976917, 'p95_us': 12.319999746978283, 'stdev_us': 0.19471048099635166, 'iterations': 500, 'max_abs_error': 0.00048828125, 'cosine_similarity': 0.9999935626983643, 'seed': 20260829}
{'gpu': 'NVIDIA B300 SXM6 AC', 'batch': 8, 'num_heads': 16, 'num_kv_heads': 1, 'dtype': 'torch.float8_e4m3fn', 'scale_mode': 'per_token_head', 'num_chunks': 16, 'mode': 'merge', 'median_us': 6.688000168651342, 'p95_us': 7.296000141650438, 'stdev_us': 0.9965943019079014, 'iterations': 500, 'max_abs_error': 0.00048828125, 'cosine_similarity': 0.9999935626983643, 'seed': 20260829}
{'gpu': 'NVIDIA B300 SXM6 AC', 'batch': 8, 'num_heads': 16, 'num_kv_heads': 1, 'dtype': 'torch.float8_e4m3fn', 'scale_mode': 'per_token_head', 'num_chunks': 16, 'mode': 'partial', 'median_us': 10.048000141978264, 'p95_us': 10.27199998497963, 'stdev_us': 0.20264844562308315, 'iterations': 500, 'max_abs_error': 0.00048828125, 'cosine_similarity': 0.9999935626983643, 'seed': 20260829}
trial=02 batch=1 scale_mode=per_token_head modes=full merge partial
{'gpu': 'NVIDIA B300 SXM6 AC', 'batch': 1, 'num_heads': 16, 'num_kv_heads': 1, 'dtype': 'torch.float8_e4m3fn', 'scale_mode': 'per_token_head', 'num_chunks': 16, 'mode': 'full', 'median_us': 10.080000385642052, 'p95_us': 12.000000104308128, 'stdev_us': 0.77828060497293, 'iterations': 500, 'max_abs_error': 0.00048828125, 'cosine_similarity': 0.9999932050704956, 'seed': 20260829}
{'gpu': 'NVIDIA B300 SXM6 AC', 'batch': 1, 'num_heads': 16, 'num_kv_heads': 1, 'dtype': 'torch.float8_e4m3fn', 'scale_mode': 'per_token_head', 'num_chunks': 16, 'mode': 'merge', 'median_us': 6.87999976798892, 'p95_us': 7.199999876320362, 'stdev_us': 0.6408306939483885, 'iterations': 500, 'max_abs_error': 0.00048828125, 'cosine_similarity': 0.9999932050704956, 'seed': 20260829}
{'gpu': 'NVIDIA B300 SXM6 AC', 'batch': 1, 'num_heads': 16, 'num_kv_heads': 1, 'dtype': 'torch.float8_e4m3fn', 'scale_mode': 'per_token_head', 'num_chunks': 16, 'mode': 'partial', 'median_us': 8.767999708652496, 'p95_us': 9.920000098645687, 'stdev_us': 0.7085192888472973, 'iterations': 500, 'max_abs_error': 0.00048828125, 'cosine_similarity': 0.9999932050704956, 'seed': 20260829}
trial=02 batch=16 scale_mode=scalar modes=full merge partial
{'gpu': 'NVIDIA B300 SXM6 AC', 'batch': 16, 'num_heads': 16, 'num_kv_heads': 1, 'dtype': 'torch.float8_e4m3fn', 'scale_mode': 'scalar', 'num_chunks': 16, 'mode': 'full', 'median_us': 14.14399966597557, 'p95_us': 14.399999752640724, 'stdev_us': 0.22088029856933167, 'iterations': 500, 'max_abs_error': 0.00048828125, 'cosine_similarity': 0.9999955296516418, 'seed': 20260829}
{'gpu': 'NVIDIA B300 SXM6 AC', 'batch': 16, 'num_heads': 16, 'num_kv_heads': 1, 'dtype': 'torch.float8_e4m3fn', 'scale_mode': 'scalar', 'num_chunks': 16, 'mode': 'merge', 'median_us': 8.511999621987343, 'p95_us': 9.247999638319016, 'stdev_us': 1.5969127062548776, 'iterations': 500, 'max_abs_error': 0.00048828125, 'cosine_similarity': 0.9999955296516418, 'seed': 20260829}
{'gpu': 'NVIDIA B300 SXM6 AC', 'batch': 16, 'num_heads': 16, 'num_kv_heads': 1, 'dtype': 'torch.float8_e4m3fn', 'scale_mode': 'scalar', 'num_chunks': 16, 'mode': 'partial', 'median_us': 12.06399966031313, 'p95_us': 12.256000190973282, 'stdev_us': 0.423036972535632, 'iterations': 500, 'max_abs_error': 0.00048828125, 'cosine_similarity': 0.9999955296516418, 'seed': 20260829}
trial=02 batch=8 scale_mode=scalar modes=full merge partial
{'gpu': 'NVIDIA B300 SXM6 AC', 'batch': 8, 'num_heads': 16, 'num_kv_heads': 1, 'dtype': 'torch.float8_e4m3fn', 'scale_mode': 'scalar', 'num_chunks': 16, 'mode': 'full', 'median_us': 12.095999903976917, 'p95_us': 12.35199999064207, 'stdev_us': 0.22197393797827458, 'iterations': 500, 'max_abs_error': 0.00048828125, 'cosine_similarity': 0.9999952912330627, 'seed': 20260829}
{'gpu': 'NVIDIA B300 SXM6 AC', 'batch': 8, 'num_heads': 16, 'num_kv_heads': 1, 'dtype': 'torch.float8_e4m3fn', 'scale_mode': 'scalar', 'num_chunks': 16, 'mode': 'merge', 'median_us': 6.752000190317631, 'p95_us': 7.168000098317862, 'stdev_us': 0.5236842160172073, 'iterations': 500, 'max_abs_error': 0.00048828125, 'cosine_similarity': 0.9999952912330627, 'seed': 20260829}
{'gpu': 'NVIDIA B300 SXM6 AC', 'batch': 8, 'num_heads': 16, 'num_kv_heads': 1, 'dtype': 'torch.float8_e4m3fn', 'scale_mode': 'scalar', 'num_chunks': 16, 'mode': 'partial', 'median_us': 10.015999898314476, 'p95_us': 10.33599954098463, 'stdev_us': 0.22709058850439606, 'iterations': 500, 'max_abs_error': 0.00048828125, 'cosine_similarity': 0.9999952912330627, 'seed': 20260829}
trial=02 batch=1 scale_mode=scalar modes=full merge partial
{'gpu': 'NVIDIA B300 SXM6 AC', 'batch': 1, 'num_heads': 16, 'num_kv_heads': 1, 'dtype': 'torch.float8_e4m3fn', 'scale_mode': 'scalar', 'num_chunks': 16, 'mode': 'full', 'median_us': 10.048000141978264, 'p95_us': 11.103999800980091, 'stdev_us': 0.4422969617618929, 'iterations': 500, 'max_abs_error': 0.00048828125, 'cosine_similarity': 0.9999946355819702, 'seed': 20260829}
{'gpu': 'NVIDIA B300 SXM6 AC', 'batch': 1, 'num_heads': 16, 'num_kv_heads': 1, 'dtype': 'torch.float8_e4m3fn', 'scale_mode': 'scalar', 'num_chunks': 16, 'mode': 'merge', 'median_us': 6.87999976798892, 'p95_us': 8.608000352978706, 'stdev_us': 1.1597621371237197, 'iterations': 500, 'max_abs_error': 0.00048828125, 'cosine_similarity': 0.9999946355819702, 'seed': 20260829}
{'gpu': 'NVIDIA B300 SXM6 AC', 'batch': 1, 'num_heads': 16, 'num_kv_heads': 1, 'dtype': 'torch.float8_e4m3fn', 'scale_mode': 'scalar', 'num_chunks': 16, 'mode': 'partial', 'median_us': 8.128000423312187, 'p95_us': 9.247999638319016, 'stdev_us': 0.5939513688230394, 'iterations': 500, 'max_abs_error': 0.00048828125, 'cosine_similarity': 0.9999946355819702, 'seed': 20260829}
trial=03 batch=1 scale_mode=scalar modes=merge partial full
{'gpu': 'NVIDIA B300 SXM6 AC', 'batch': 1, 'num_heads': 16, 'num_kv_heads': 1, 'dtype': 'torch.float8_e4m3fn', 'scale_mode': 'scalar', 'num_chunks': 16, 'mode': 'merge', 'median_us': 6.943999789655209, 'p95_us': 7.424000184983015, 'stdev_us': 0.5751192485549027, 'iterations': 500, 'max_abs_error': 0.00048828125, 'cosine_similarity': 0.9999946355819702, 'seed': 20260829}
{'gpu': 'NVIDIA B300 SXM6 AC', 'batch': 1, 'num_heads': 16, 'num_kv_heads': 1, 'dtype': 'torch.float8_e4m3fn', 'scale_mode': 'scalar', 'num_chunks': 16, 'mode': 'partial', 'median_us': 8.86400043964386, 'p95_us': 9.375999681651592, 'stdev_us': 0.5835967793973036, 'iterations': 500, 'max_abs_error': 0.00048828125, 'cosine_similarity': 0.9999946355819702, 'seed': 20260829}
{'gpu': 'NVIDIA B300 SXM6 AC', 'batch': 1, 'num_heads': 16, 'num_kv_heads': 1, 'dtype': 'torch.float8_e4m3fn', 'scale_mode': 'scalar', 'num_chunks': 16, 'mode': 'full', 'median_us': 10.048000141978264, 'p95_us': 11.680000461637974, 'stdev_us': 0.4718527773231391, 'iterations': 500, 'max_abs_error': 0.00048828125, 'cosine_similarity': 0.9999946355819702, 'seed': 20260829}
trial=03 batch=8 scale_mode=scalar modes=merge partial full
{'gpu': 'NVIDIA B300 SXM6 AC', 'batch': 8, 'num_heads': 16, 'num_kv_heads': 1, 'dtype': 'torch.float8_e4m3fn', 'scale_mode': 'scalar', 'num_chunks': 16, 'mode': 'merge', 'median_us': 6.87999976798892, 'p95_us': 7.327999919652939, 'stdev_us': 1.1099975757698226, 'iterations': 500, 'max_abs_error': 0.00048828125, 'cosine_similarity': 0.9999952912330627, 'seed': 20260829}
{'gpu': 'NVIDIA B300 SXM6 AC', 'batch': 8, 'num_heads': 16, 'num_kv_heads': 1, 'dtype': 'torch.float8_e4m3fn', 'scale_mode': 'scalar', 'num_chunks': 16, 'mode': 'partial', 'median_us': 10.048000141978264, 'p95_us': 10.304000228643417, 'stdev_us': 0.22527730386651332, 'iterations': 500, 'max_abs_error': 0.00048828125, 'cosine_similarity': 0.9999952912330627, 'seed': 20260829}
{'gpu': 'NVIDIA B300 SXM6 AC', 'batch': 8, 'num_heads': 16, 'num_kv_heads': 1, 'dtype': 'torch.float8_e4m3fn', 'scale_mode': 'scalar', 'num_chunks': 16, 'mode': 'full', 'median_us': 12.095999903976917, 'p95_us': 12.35199999064207, 'stdev_us': 0.19223878211300224, 'iterations': 500, 'max_abs_error': 0.00048828125, 'cosine_similarity': 0.9999952912330627, 'seed': 20260829}
trial=03 batch=16 scale_mode=scalar modes=merge partial full
{'gpu': 'NVIDIA B300 SXM6 AC', 'batch': 16, 'num_heads': 16, 'num_kv_heads': 1, 'dtype': 'torch.float8_e4m3fn', 'scale_mode': 'scalar', 'num_chunks': 16, 'mode': 'merge', 'median_us': 7.007999811321497, 'p95_us': 7.615999784320593, 'stdev_us': 0.5500692643614509, 'iterations': 500, 'max_abs_error': 0.00048828125, 'cosine_similarity': 0.9999955296516418, 'seed': 20260829}
{'gpu': 'NVIDIA B300 SXM6 AC', 'batch': 16, 'num_heads': 16, 'num_kv_heads': 1, 'dtype': 'torch.float8_e4m3fn', 'scale_mode': 'scalar', 'num_chunks': 16, 'mode': 'partial', 'median_us': 12.06399966031313, 'p95_us': 12.28800043463707, 'stdev_us': 0.2505092709959991, 'iterations': 500, 'max_abs_error': 0.00048828125, 'cosine_similarity': 0.9999955296516418, 'seed': 20260829}
{'gpu': 'NVIDIA B300 SXM6 AC', 'batch': 16, 'num_heads': 16, 'num_kv_heads': 1, 'dtype': 'torch.float8_e4m3fn', 'scale_mode': 'scalar', 'num_chunks': 16, 'mode': 'full', 'median_us': 14.14399966597557, 'p95_us': 14.336000196635723, 'stdev_us': 0.18003346158103917, 'iterations': 500, 'max_abs_error': 0.00048828125, 'cosine_similarity': 0.9999955296516418, 'seed': 20260829}
trial=03 batch=1 scale_mode=per_token_head modes=merge partial full
{'gpu': 'NVIDIA B300 SXM6 AC', 'batch': 1, 'num_heads': 16, 'num_kv_heads': 1, 'dtype': 'torch.float8_e4m3fn', 'scale_mode': 'per_token_head', 'num_chunks': 16, 'mode': 'merge', 'median_us': 6.912000011652708, 'p95_us': 7.455999962985516, 'stdev_us': 0.7726447936456079, 'iterations': 500, 'max_abs_error': 0.00048828125, 'cosine_similarity': 0.9999932050704956, 'seed': 20260829}
{'gpu': 'NVIDIA B300 SXM6 AC', 'batch': 1, 'num_heads': 16, 'num_kv_heads': 1, 'dtype': 'torch.float8_e4m3fn', 'scale_mode': 'per_token_head', 'num_chunks': 16, 'mode': 'partial', 'median_us': 8.0960001796484, 'p95_us': 9.983999654650688, 'stdev_us': 0.8873802431913081, 'iterations': 500, 'max_abs_error': 0.00048828125, 'cosine_similarity': 0.9999932050704956, 'seed': 20260829}
{'gpu': 'NVIDIA B300 SXM6 AC', 'batch': 1, 'num_heads': 16, 'num_kv_heads': 1, 'dtype': 'torch.float8_e4m3fn', 'scale_mode': 'per_token_head', 'num_chunks': 16, 'mode': 'full', 'median_us': 10.080000385642052, 'p95_us': 11.935999616980553, 'stdev_us': 0.7381740727696972, 'iterations': 500, 'max_abs_error': 0.00048828125, 'cosine_similarity': 0.9999932050704956, 'seed': 20260829}
trial=03 batch=8 scale_mode=per_token_head modes=merge partial full
{'gpu': 'NVIDIA B300 SXM6 AC', 'batch': 8, 'num_heads': 16, 'num_kv_heads': 1, 'dtype': 'torch.float8_e4m3fn', 'scale_mode': 'per_token_head', 'num_chunks': 16, 'mode': 'merge', 'median_us': 6.87999976798892, 'p95_us': 7.391999941319227, 'stdev_us': 1.0435413548493915, 'iterations': 500, 'max_abs_error': 0.00048828125, 'cosine_similarity': 0.9999935626983643, 'seed': 20260829}
{'gpu': 'NVIDIA B300 SXM6 AC', 'batch': 8, 'num_heads': 16, 'num_kv_heads': 1, 'dtype': 'torch.float8_e4m3fn', 'scale_mode': 'per_token_head', 'num_chunks': 16, 'mode': 'partial', 'median_us': 10.015999898314476, 'p95_us': 10.27199998497963, 'stdev_us': 0.18427748374436975, 'iterations': 500, 'max_abs_error': 0.00048828125, 'cosine_similarity': 0.9999935626983643, 'seed': 20260829}
{'gpu': 'NVIDIA B300 SXM6 AC', 'batch': 8, 'num_heads': 16, 'num_kv_heads': 1, 'dtype': 'torch.float8_e4m3fn', 'scale_mode': 'per_token_head', 'num_chunks': 16, 'mode': 'full', 'median_us': 12.06399966031313, 'p95_us': 12.28800043463707, 'stdev_us': 0.16885537820088917, 'iterations': 500, 'max_abs_error': 0.00048828125, 'cosine_similarity': 0.9999935626983643, 'seed': 20260829}
trial=03 batch=16 scale_mode=per_token_head modes=merge partial full
{'gpu': 'NVIDIA B300 SXM6 AC', 'batch': 16, 'num_heads': 16, 'num_kv_heads': 1, 'dtype': 'torch.float8_e4m3fn', 'scale_mode': 'per_token_head', 'num_chunks': 16, 'mode': 'merge', 'median_us': 7.007999811321497, 'p95_us': 8.608000352978706, 'stdev_us': 0.7913297163151252, 'iterations': 500, 'max_abs_error': 0.00048828125, 'cosine_similarity': 0.9999938011169434, 'seed': 20260829}
{'gpu': 'NVIDIA B300 SXM6 AC', 'batch': 16, 'num_heads': 16, 'num_kv_heads': 1, 'dtype': 'torch.float8_e4m3fn', 'scale_mode': 'per_token_head', 'num_chunks': 16, 'mode': 'partial', 'median_us': 10.080000385642052, 'p95_us': 12.000000104308128, 'stdev_us': 0.7851145194168223, 'iterations': 500, 'max_abs_error': 0.00048828125, 'cosine_similarity': 0.9999938011169434, 'seed': 20260829}
{'gpu': 'NVIDIA B300 SXM6 AC', 'batch': 16, 'num_heads': 16, 'num_kv_heads': 1, 'dtype': 'torch.float8_e4m3fn', 'scale_mode': 'per_token_head', 'num_chunks': 16, 'mode': 'full', 'median_us': 14.14399966597557, 'p95_us': 14.368000440299511, 'stdev_us': 0.19172600987212196, 'iterations': 500, 'max_abs_error': 0.00048828125, 'cosine_similarity': 0.9999938011169434, 'seed': 20260829}
trial=04 batch=16 scale_mode=per_token_head modes=partial full merge
{'gpu': 'NVIDIA B300 SXM6 AC', 'batch': 16, 'num_heads': 16, 'num_kv_heads': 1, 'dtype': 'torch.float8_e4m3fn', 'scale_mode': 'per_token_head', 'num_chunks': 16, 'mode': 'partial', 'median_us': 10.080000385642052, 'p95_us': 12.06399966031313, 'stdev_us': 1.015580986592787, 'iterations': 500, 'max_abs_error': 0.00048828125, 'cosine_similarity': 0.9999938011169434, 'seed': 20260829}
{'gpu': 'NVIDIA B300 SXM6 AC', 'batch': 16, 'num_heads': 16, 'num_kv_heads': 1, 'dtype': 'torch.float8_e4m3fn', 'scale_mode': 'per_token_head', 'num_chunks': 16, 'mode': 'full', 'median_us': 14.14399966597557, 'p95_us': 14.303999952971935, 'stdev_us': 0.14377517447740315, 'iterations': 500, 'max_abs_error': 0.00048828125, 'cosine_similarity': 0.9999938011169434, 'seed': 20260829}
{'gpu': 'NVIDIA B300 SXM6 AC', 'batch': 16, 'num_heads': 16, 'num_kv_heads': 1, 'dtype': 'torch.float8_e4m3fn', 'scale_mode': 'per_token_head', 'num_chunks': 16, 'mode': 'merge', 'median_us': 6.752000190317631, 'p95_us': 7.2639998979866505, 'stdev_us': 0.8207997653578242, 'iterations': 500, 'max_abs_error': 0.00048828125, 'cosine_similarity': 0.9999938011169434, 'seed': 20260829}
trial=04 batch=8 scale_mode=per_token_head modes=partial full merge
{'gpu': 'NVIDIA B300 SXM6 AC', 'batch': 8, 'num_heads': 16, 'num_kv_heads': 1, 'dtype': 'torch.float8_e4m3fn', 'scale_mode': 'per_token_head', 'num_chunks': 16, 'mode': 'partial', 'median_us': 10.015999898314476, 'p95_us': 10.33599954098463, 'stdev_us': 0.2709653053229619, 'iterations': 500, 'max_abs_error': 0.00048828125, 'cosine_similarity': 0.9999935626983643, 'seed': 20260829}
{'gpu': 'NVIDIA B300 SXM6 AC', 'batch': 8, 'num_heads': 16, 'num_kv_heads': 1, 'dtype': 'torch.float8_e4m3fn', 'scale_mode': 'per_token_head', 'num_chunks': 16, 'mode': 'full', 'median_us': 12.095999903976917, 'p95_us': 12.384000234305859, 'stdev_us': 0.2223525879238153, 'iterations': 500, 'max_abs_error': 0.00048828125, 'cosine_similarity': 0.9999935626983643, 'seed': 20260829}
{'gpu': 'NVIDIA B300 SXM6 AC', 'batch': 8, 'num_heads': 16, 'num_kv_heads': 1, 'dtype': 'torch.float8_e4m3fn', 'scale_mode': 'per_token_head', 'num_chunks': 16, 'mode': 'merge', 'median_us': 6.688000168651342, 'p95_us': 8.448000065982342, 'stdev_us': 0.9967801728378698, 'iterations': 500, 'max_abs_error': 0.00048828125, 'cosine_similarity': 0.9999935626983643, 'seed': 20260829}
trial=04 batch=1 scale_mode=per_token_head modes=partial full merge
{'gpu': 'NVIDIA B300 SXM6 AC', 'batch': 1, 'num_heads': 16, 'num_kv_heads': 1, 'dtype': 'torch.float8_e4m3fn', 'scale_mode': 'per_token_head', 'num_chunks': 16, 'mode': 'partial', 'median_us': 8.767999708652496, 'p95_us': 10.015999898314476, 'stdev_us': 1.0217828209194306, 'iterations': 500, 'max_abs_error': 0.00048828125, 'cosine_similarity': 0.9999932050704956, 'seed': 20260829}
{'gpu': 'NVIDIA B300 SXM6 AC', 'batch': 1, 'num_heads': 16, 'num_kv_heads': 1, 'dtype': 'torch.float8_e4m3fn', 'scale_mode': 'per_token_head', 'num_chunks': 16, 'mode': 'full', 'median_us': 10.080000385642052, 'p95_us': 11.96799986064434, 'stdev_us': 0.7620892554545001, 'iterations': 500, 'max_abs_error': 0.00048828125, 'cosine_similarity': 0.9999932050704956, 'seed': 20260829}
{'gpu': 'NVIDIA B300 SXM6 AC', 'batch': 1, 'num_heads': 16, 'num_kv_heads': 1, 'dtype': 'torch.float8_e4m3fn', 'scale_mode': 'per_token_head', 'num_chunks': 16, 'mode': 'merge', 'median_us': 6.783999968320131, 'p95_us': 8.736000396311283, 'stdev_us': 1.1035088003013378, 'iterations': 500, 'max_abs_error': 0.00048828125, 'cosine_similarity': 0.9999932050704956, 'seed': 20260829}
trial=04 batch=16 scale_mode=scalar modes=partial full merge
{'gpu': 'NVIDIA B300 SXM6 AC', 'batch': 16, 'num_heads': 16, 'num_kv_heads': 1, 'dtype': 'torch.float8_e4m3fn', 'scale_mode': 'scalar', 'num_chunks': 16, 'mode': 'partial', 'median_us': 12.095999903976917, 'p95_us': 12.28800043463707, 'stdev_us': 0.3434438135018243, 'iterations': 500, 'max_abs_error': 0.00048828125, 'cosine_similarity': 0.9999955296516418, 'seed': 20260829}
{'gpu': 'NVIDIA B300 SXM6 AC', 'batch': 16, 'num_heads': 16, 'num_kv_heads': 1, 'dtype': 'torch.float8_e4m3fn', 'scale_mode': 'scalar', 'num_chunks': 16, 'mode': 'full', 'median_us': 14.14399966597557, 'p95_us': 14.303999952971935, 'stdev_us': 0.16015460162031886, 'iterations': 500, 'max_abs_error': 0.00048828125, 'cosine_similarity': 0.9999955296516418, 'seed': 20260829}
{'gpu': 'NVIDIA B300 SXM6 AC', 'batch': 16, 'num_heads': 16, 'num_kv_heads': 1, 'dtype': 'torch.float8_e4m3fn', 'scale_mode': 'scalar', 'num_chunks': 16, 'mode': 'merge', 'median_us': 6.87999976798892, 'p95_us': 7.296000141650438, 'stdev_us': 0.7476869387689786, 'iterations': 500, 'max_abs_error': 0.00048828125, 'cosine_similarity': 0.9999955296516418, 'seed': 20260829}
trial=04 batch=8 scale_mode=scalar modes=partial full merge
{'gpu': 'NVIDIA B300 SXM6 AC', 'batch': 8, 'num_heads': 16, 'num_kv_heads': 1, 'dtype': 'torch.float8_e4m3fn', 'scale_mode': 'scalar', 'num_chunks': 16, 'mode': 'partial', 'median_us': 10.015999898314476, 'p95_us': 10.367999784648418, 'stdev_us': 0.27616614027700914, 'iterations': 500, 'max_abs_error': 0.00048828125, 'cosine_similarity': 0.9999952912330627, 'seed': 20260829}
{'gpu': 'NVIDIA B300 SXM6 AC', 'batch': 8, 'num_heads': 16, 'num_kv_heads': 1, 'dtype': 'torch.float8_e4m3fn', 'scale_mode': 'scalar', 'num_chunks': 16, 'mode': 'full', 'median_us': 12.095999903976917, 'p95_us': 12.384000234305859, 'stdev_us': 0.21016517608198582, 'iterations': 500, 'max_abs_error': 0.00048828125, 'cosine_similarity': 0.9999952912330627, 'seed': 20260829}
{'gpu': 'NVIDIA B300 SXM6 AC', 'batch': 8, 'num_heads': 16, 'num_kv_heads': 1, 'dtype': 'torch.float8_e4m3fn', 'scale_mode': 'scalar', 'num_chunks': 16, 'mode': 'merge', 'median_us': 6.912000011652708, 'p95_us': 7.391999941319227, 'stdev_us': 0.8311928645713128, 'iterations': 500, 'max_abs_error': 0.00048828125, 'cosine_similarity': 0.9999952912330627, 'seed': 20260829}
trial=04 batch=1 scale_mode=scalar modes=partial full merge
{'gpu': 'NVIDIA B300 SXM6 AC', 'batch': 1, 'num_heads': 16, 'num_kv_heads': 1, 'dtype': 'torch.float8_e4m3fn', 'scale_mode': 'scalar', 'num_chunks': 16, 'mode': 'partial', 'median_us': 8.799999952316284, 'p95_us': 9.184000082314014, 'stdev_us': 0.8745941405027665, 'iterations': 500, 'max_abs_error': 0.00048828125, 'cosine_similarity': 0.9999946355819702, 'seed': 20260829}
{'gpu': 'NVIDIA B300 SXM6 AC', 'batch': 1, 'num_heads': 16, 'num_kv_heads': 1, 'dtype': 'torch.float8_e4m3fn', 'scale_mode': 'scalar', 'num_chunks': 16, 'mode': 'full', 'median_us': 10.048000141978264, 'p95_us': 11.648000217974186, 'stdev_us': 0.5017861111810209, 'iterations': 500, 'max_abs_error': 0.00048828125, 'cosine_similarity': 0.9999946355819702, 'seed': 20260829}
{'gpu': 'NVIDIA B300 SXM6 AC', 'batch': 1, 'num_heads': 16, 'num_kv_heads': 1, 'dtype': 'torch.float8_e4m3fn', 'scale_mode': 'scalar', 'num_chunks': 16, 'mode': 'merge', 'median_us': 6.87999976798892, 'p95_us': 7.391999941319227, 'stdev_us': 0.7621520213331919, 'iterations': 500, 'max_abs_error': 0.00048828125, 'cosine_similarity': 0.9999946355819702, 'seed': 20260829}
trial=05 batch=1 scale_mode=scalar modes=full merge partial
{'gpu': 'NVIDIA B300 SXM6 AC', 'batch': 1, 'num_heads': 16, 'num_kv_heads': 1, 'dtype': 'torch.float8_e4m3fn', 'scale_mode': 'scalar', 'num_chunks': 16, 'mode': 'full', 'median_us': 10.048000141978264, 'p95_us': 10.912000201642513, 'stdev_us': 0.4435431136751445, 'iterations': 500, 'max_abs_error': 0.00048828125, 'cosine_similarity': 0.9999946355819702, 'seed': 20260829}
{'gpu': 'NVIDIA B300 SXM6 AC', 'batch': 1, 'num_heads': 16, 'num_kv_heads': 1, 'dtype': 'torch.float8_e4m3fn', 'scale_mode': 'scalar', 'num_chunks': 16, 'mode': 'merge', 'median_us': 6.816000211983919, 'p95_us': 7.360000163316727, 'stdev_us': 0.7692404474498166, 'iterations': 500, 'max_abs_error': 0.00048828125, 'cosine_similarity': 0.9999946355819702, 'seed': 20260829}
{'gpu': 'NVIDIA B300 SXM6 AC', 'batch': 1, 'num_heads': 16, 'num_kv_heads': 1, 'dtype': 'torch.float8_e4m3fn', 'scale_mode': 'scalar', 'num_chunks': 16, 'mode': 'partial', 'median_us': 8.063999935984612, 'p95_us': 9.184000082314014, 'stdev_us': 0.566082949977017, 'iterations': 500, 'max_abs_error': 0.00048828125, 'cosine_similarity': 0.9999946355819702, 'seed': 20260829}
trial=05 batch=8 scale_mode=scalar modes=full merge partial
{'gpu': 'NVIDIA B300 SXM6 AC', 'batch': 8, 'num_heads': 16, 'num_kv_heads': 1, 'dtype': 'torch.float8_e4m3fn', 'scale_mode': 'scalar', 'num_chunks': 16, 'mode': 'full', 'median_us': 11.568000074476004, 'p95_us': 12.512000277638435, 'stdev_us': 1.1771424360560403, 'iterations': 500, 'max_abs_error': 0.00048828125, 'cosine_similarity': 0.9999952912330627, 'seed': 20260829}
{'gpu': 'NVIDIA B300 SXM6 AC', 'batch': 8, 'num_heads': 16, 'num_kv_heads': 1, 'dtype': 'torch.float8_e4m3fn', 'scale_mode': 'scalar', 'num_chunks': 16, 'mode': 'merge', 'median_us': 8.608000352978706, 'p95_us': 9.312000125646591, 'stdev_us': 1.0357364986677216, 'iterations': 500, 'max_abs_error': 0.00048828125, 'cosine_similarity': 0.9999952912330627, 'seed': 20260829}
{'gpu': 'NVIDIA B300 SXM6 AC', 'batch': 8, 'num_heads': 16, 'num_kv_heads': 1, 'dtype': 'torch.float8_e4m3fn', 'scale_mode': 'scalar', 'num_chunks': 16, 'mode': 'partial', 'median_us': 9.871999733150005, 'p95_us': 10.71999967098236, 'stdev_us': 0.9786266328872834, 'iterations': 500, 'max_abs_error': 0.00048828125, 'cosine_similarity': 0.9999952912330627, 'seed': 20260829}
trial=05 batch=16 scale_mode=scalar modes=full merge partial
{'gpu': 'NVIDIA B300 SXM6 AC', 'batch': 16, 'num_heads': 16, 'num_kv_heads': 1, 'dtype': 'torch.float8_e4m3fn', 'scale_mode': 'scalar', 'num_chunks': 16, 'mode': 'full', 'median_us': 14.14399966597557, 'p95_us': 14.431999996304512, 'stdev_us': 0.21643566821383523, 'iterations': 500, 'max_abs_error': 0.00048828125, 'cosine_similarity': 0.9999955296516418, 'seed': 20260829}
{'gpu': 'NVIDIA B300 SXM6 AC', 'batch': 16, 'num_heads': 16, 'num_kv_heads': 1, 'dtype': 'torch.float8_e4m3fn', 'scale_mode': 'scalar', 'num_chunks': 16, 'mode': 'merge', 'median_us': 6.752000190317631, 'p95_us': 7.168000098317862, 'stdev_us': 0.9915969449250888, 'iterations': 500, 'max_abs_error': 0.00048828125, 'cosine_similarity': 0.9999955296516418, 'seed': 20260829}
{'gpu': 'NVIDIA B300 SXM6 AC', 'batch': 16, 'num_heads': 16, 'num_kv_heads': 1, 'dtype': 'torch.float8_e4m3fn', 'scale_mode': 'scalar', 'num_chunks': 16, 'mode': 'partial', 'median_us': 12.06399966031313, 'p95_us': 12.28800043463707, 'stdev_us': 0.46170385365994165, 'iterations': 500, 'max_abs_error': 0.00048828125, 'cosine_similarity': 0.9999955296516418, 'seed': 20260829}
trial=05 batch=1 scale_mode=per_token_head modes=full merge partial
{'gpu': 'NVIDIA B300 SXM6 AC', 'batch': 1, 'num_heads': 16, 'num_kv_heads': 1, 'dtype': 'torch.float8_e4m3fn', 'scale_mode': 'per_token_head', 'num_chunks': 16, 'mode': 'full', 'median_us': 10.080000385642052, 'p95_us': 11.96799986064434, 'stdev_us': 1.1349944618097993, 'iterations': 500, 'max_abs_error': 0.00048828125, 'cosine_similarity': 0.9999932050704956, 'seed': 20260829}
{'gpu': 'NVIDIA B300 SXM6 AC', 'batch': 1, 'num_heads': 16, 'num_kv_heads': 1, 'dtype': 'torch.float8_e4m3fn', 'scale_mode': 'per_token_head', 'num_chunks': 16, 'mode': 'merge', 'median_us': 6.87999976798892, 'p95_us': 7.327999919652939, 'stdev_us': 0.7901494083125781, 'iterations': 500, 'max_abs_error': 0.00048828125, 'cosine_similarity': 0.9999932050704956, 'seed': 20260829}
{'gpu': 'NVIDIA B300 SXM6 AC', 'batch': 1, 'num_heads': 16, 'num_kv_heads': 1, 'dtype': 'torch.float8_e4m3fn', 'scale_mode': 'per_token_head', 'num_chunks': 16, 'mode': 'partial', 'median_us': 8.832000195980072, 'p95_us': 10.048000141978264, 'stdev_us': 0.8032056680434354, 'iterations': 500, 'max_abs_error': 0.00048828125, 'cosine_similarity': 0.9999932050704956, 'seed': 20260829}
trial=05 batch=8 scale_mode=per_token_head modes=full merge partial
{'gpu': 'NVIDIA B300 SXM6 AC', 'batch': 8, 'num_heads': 16, 'num_kv_heads': 1, 'dtype': 'torch.float8_e4m3fn', 'scale_mode': 'per_token_head', 'num_chunks': 16, 'mode': 'full', 'median_us': 12.095999903976917, 'p95_us': 12.319999746978283, 'stdev_us': 0.23165364082659198, 'iterations': 500, 'max_abs_error': 0.00048828125, 'cosine_similarity': 0.9999935626983643, 'seed': 20260829}
{'gpu': 'NVIDIA B300 SXM6 AC', 'batch': 8, 'num_heads': 16, 'num_kv_heads': 1, 'dtype': 'torch.float8_e4m3fn', 'scale_mode': 'per_token_head', 'num_chunks': 16, 'mode': 'merge', 'median_us': 6.816000211983919, 'p95_us': 7.135999854654074, 'stdev_us': 3.3042822912827092, 'iterations': 500, 'max_abs_error': 0.00048828125, 'cosine_similarity': 0.9999935626983643, 'seed': 20260829}
{'gpu': 'NVIDIA B300 SXM6 AC', 'batch': 8, 'num_heads': 16, 'num_kv_heads': 1, 'dtype': 'torch.float8_e4m3fn', 'scale_mode': 'per_token_head', 'num_chunks': 16, 'mode': 'partial', 'median_us': 10.048000141978264, 'p95_us': 10.27199998497963, 'stdev_us': 0.1767630987567835, 'iterations': 500, 'max_abs_error': 0.00048828125, 'cosine_similarity': 0.9999935626983643, 'seed': 20260829}
trial=05 batch=16 scale_mode=per_token_head modes=full merge partial
{'gpu': 'NVIDIA B300 SXM6 AC', 'batch': 16, 'num_heads': 16, 'num_kv_heads': 1, 'dtype': 'torch.float8_e4m3fn', 'scale_mode': 'per_token_head', 'num_chunks': 16, 'mode': 'full', 'median_us': 14.14399966597557, 'p95_us': 14.336000196635723, 'stdev_us': 0.1934399040044071, 'iterations': 500, 'max_abs_error': 0.00048828125, 'cosine_similarity': 0.9999938011169434, 'seed': 20260829}
{'gpu': 'NVIDIA B300 SXM6 AC', 'batch': 16, 'num_heads': 16, 'num_kv_heads': 1, 'dtype': 'torch.float8_e4m3fn', 'scale_mode': 'per_token_head', 'num_chunks': 16, 'mode': 'merge', 'median_us': 6.84799998998642, 'p95_us': 7.199999876320362, 'stdev_us': 0.621112171143877, 'iterations': 500, 'max_abs_error': 0.00048828125, 'cosine_similarity': 0.9999938011169434, 'seed': 20260829}
{'gpu': 'NVIDIA B300 SXM6 AC', 'batch': 16, 'num_heads': 16, 'num_kv_heads': 1, 'dtype': 'torch.float8_e4m3fn', 'scale_mode': 'per_token_head', 'num_chunks': 16, 'mode': 'partial', 'median_us': 10.080000385642052, 'p95_us': 12.095999903976917, 'stdev_us': 0.8206180997314519, 'iterations': 500, 'max_abs_error': 0.00048828125, 'cosine_similarity': 0.9999938011169434, 'seed': 20260829}
trial=06 batch=16 scale_mode=per_token_head modes=merge partial full
{'gpu': 'NVIDIA B300 SXM6 AC', 'batch': 16, 'num_heads': 16, 'num_kv_heads': 1, 'dtype': 'torch.float8_e4m3fn', 'scale_mode': 'per_token_head', 'num_chunks': 16, 'mode': 'merge', 'median_us': 6.84799998998642, 'p95_us': 7.488000206649303, 'stdev_us': 1.3092511316055024, 'iterations': 500, 'max_abs_error': 0.00048828125, 'cosine_similarity': 0.9999938011169434, 'seed': 20260829}
{'gpu': 'NVIDIA B300 SXM6 AC', 'batch': 16, 'num_heads': 16, 'num_kv_heads': 1, 'dtype': 'torch.float8_e4m3fn', 'scale_mode': 'per_token_head', 'num_chunks': 16, 'mode': 'partial', 'median_us': 10.080000385642052, 'p95_us': 11.96799986064434, 'stdev_us': 0.7300741479203453, 'iterations': 500, 'max_abs_error': 0.00048828125, 'cosine_similarity': 0.9999938011169434, 'seed': 20260829}
{'gpu': 'NVIDIA B300 SXM6 AC', 'batch': 16, 'num_heads': 16, 'num_kv_heads': 1, 'dtype': 'torch.float8_e4m3fn', 'scale_mode': 'per_token_head', 'num_chunks': 16, 'mode': 'full', 'median_us': 14.14399966597557, 'p95_us': 14.399999752640724, 'stdev_us': 0.19578321584383737, 'iterations': 500, 'max_abs_error': 0.00048828125, 'cosine_similarity': 0.9999938011169434, 'seed': 20260829}
trial=06 batch=8 scale_mode=per_token_head modes=merge partial full
{'gpu': 'NVIDIA B300 SXM6 AC', 'batch': 8, 'num_heads': 16, 'num_kv_heads': 1, 'dtype': 'torch.float8_e4m3fn', 'scale_mode': 'per_token_head', 'num_chunks': 16, 'mode': 'merge', 'median_us': 6.976000033318996, 'p95_us': 7.552000228315592, 'stdev_us': 0.7394812008736574, 'iterations': 500, 'max_abs_error': 0.00048828125, 'cosine_similarity': 0.9999935626983643, 'seed': 20260829}
{'gpu': 'NVIDIA B300 SXM6 AC', 'batch': 8, 'num_heads': 16, 'num_kv_heads': 1, 'dtype': 'torch.float8_e4m3fn', 'scale_mode': 'per_token_head', 'num_chunks': 16, 'mode': 'partial', 'median_us': 10.015999898314476, 'p95_us': 10.33599954098463, 'stdev_us': 0.401849040854875, 'iterations': 500, 'max_abs_error': 0.00048828125, 'cosine_similarity': 0.9999935626983643, 'seed': 20260829}
{'gpu': 'NVIDIA B300 SXM6 AC', 'batch': 8, 'num_heads': 16, 'num_kv_heads': 1, 'dtype': 'torch.float8_e4m3fn', 'scale_mode': 'per_token_head', 'num_chunks': 16, 'mode': 'full', 'median_us': 12.06399966031313, 'p95_us': 12.35199999064207, 'stdev_us': 0.20058566469323158, 'iterations': 500, 'max_abs_error': 0.00048828125, 'cosine_similarity': 0.9999935626983643, 'seed': 20260829}
trial=06 batch=1 scale_mode=per_token_head modes=merge partial full
{'gpu': 'NVIDIA B300 SXM6 AC', 'batch': 1, 'num_heads': 16, 'num_kv_heads': 1, 'dtype': 'torch.float8_e4m3fn', 'scale_mode': 'per_token_head', 'num_chunks': 16, 'mode': 'merge', 'median_us': 6.912000011652708, 'p95_us': 7.488000206649303, 'stdev_us': 1.0162747155901506, 'iterations': 500, 'max_abs_error': 0.00048828125, 'cosine_similarity': 0.9999932050704956, 'seed': 20260829}
{'gpu': 'NVIDIA B300 SXM6 AC', 'batch': 1, 'num_heads': 16, 'num_kv_heads': 1, 'dtype': 'torch.float8_e4m3fn', 'scale_mode': 'per_token_head', 'num_chunks': 16, 'mode': 'partial', 'median_us': 8.031999692320824, 'p95_us': 10.015999898314476, 'stdev_us': 0.8870012046793206, 'iterations': 500, 'max_abs_error': 0.00048828125, 'cosine_similarity': 0.9999932050704956, 'seed': 20260829}
{'gpu': 'NVIDIA B300 SXM6 AC', 'batch': 1, 'num_heads': 16, 'num_kv_heads': 1, 'dtype': 'torch.float8_e4m3fn', 'scale_mode': 'per_token_head', 'num_chunks': 16, 'mode': 'full', 'median_us': 10.080000385642052, 'p95_us': 12.000000104308128, 'stdev_us': 0.7810477296424548, 'iterations': 500, 'max_abs_error': 0.00048828125, 'cosine_similarity': 0.9999932050704956, 'seed': 20260829}
trial=06 batch=16 scale_mode=scalar modes=merge partial full
{'gpu': 'NVIDIA B300 SXM6 AC', 'batch': 16, 'num_heads': 16, 'num_kv_heads': 1, 'dtype': 'torch.float8_e4m3fn', 'scale_mode': 'scalar', 'num_chunks': 16, 'mode': 'merge', 'median_us': 6.87999976798892, 'p95_us': 7.296000141650438, 'stdev_us': 0.9290306130678859, 'iterations': 500, 'max_abs_error': 0.00048828125, 'cosine_similarity': 0.9999955296516418, 'seed': 20260829}
{'gpu': 'NVIDIA B300 SXM6 AC', 'batch': 16, 'num_heads': 16, 'num_kv_heads': 1, 'dtype': 'torch.float8_e4m3fn', 'scale_mode': 'scalar', 'num_chunks': 16, 'mode': 'partial', 'median_us': 12.06399966031313, 'p95_us': 12.28800043463707, 'stdev_us': 0.4507544354447891, 'iterations': 500, 'max_abs_error': 0.00048828125, 'cosine_similarity': 0.9999955296516418, 'seed': 20260829}
{'gpu': 'NVIDIA B300 SXM6 AC', 'batch': 16, 'num_heads': 16, 'num_kv_heads': 1, 'dtype': 'torch.float8_e4m3fn', 'scale_mode': 'scalar', 'num_chunks': 16, 'mode': 'full', 'median_us': 14.14399966597557, 'p95_us': 14.368000440299511, 'stdev_us': 0.19656796710316862, 'iterations': 500, 'max_abs_error': 0.00048828125, 'cosine_similarity': 0.9999955296516418, 'seed': 20260829}
trial=06 batch=8 scale_mode=scalar modes=merge partial full
{'gpu': 'NVIDIA B300 SXM6 AC', 'batch': 8, 'num_heads': 16, 'num_kv_heads': 1, 'dtype': 'torch.float8_e4m3fn', 'scale_mode': 'scalar', 'num_chunks': 16, 'mode': 'merge', 'median_us': 6.912000011652708, 'p95_us': 7.391999941319227, 'stdev_us': 0.6962495398422631, 'iterations': 500, 'max_abs_error': 0.00048828125, 'cosine_similarity': 0.9999952912330627, 'seed': 20260829}
{'gpu': 'NVIDIA B300 SXM6 AC', 'batch': 8, 'num_heads': 16, 'num_kv_heads': 1, 'dtype': 'torch.float8_e4m3fn', 'scale_mode': 'scalar', 'num_chunks': 16, 'mode': 'partial', 'median_us': 10.015999898314476, 'p95_us': 10.33599954098463, 'stdev_us': 0.4621421330172604, 'iterations': 500, 'max_abs_error': 0.00048828125, 'cosine_similarity': 0.9999952912330627, 'seed': 20260829}
{'gpu': 'NVIDIA B300 SXM6 AC', 'batch': 8, 'num_heads': 16, 'num_kv_heads': 1, 'dtype': 'torch.float8_e4m3fn', 'scale_mode': 'scalar', 'num_chunks': 16, 'mode': 'full', 'median_us': 12.06399966031313, 'p95_us': 12.384000234305859, 'stdev_us': 0.2027741307044484, 'iterations': 500, 'max_abs_error': 0.00048828125, 'cosine_similarity': 0.9999952912330627, 'seed': 20260829}
trial=06 batch=1 scale_mode=scalar modes=merge partial full
{'gpu': 'NVIDIA B300 SXM6 AC', 'batch': 1, 'num_heads': 16, 'num_kv_heads': 1, 'dtype': 'torch.float8_e4m3fn', 'scale_mode': 'scalar', 'num_chunks': 16, 'mode': 'merge', 'median_us': 6.783999968320131, 'p95_us': 7.327999919652939, 'stdev_us': 0.9561378236320304, 'iterations': 500, 'max_abs_error': 0.00048828125, 'cosine_similarity': 0.9999946355819702, 'seed': 20260829}
{'gpu': 'NVIDIA B300 SXM6 AC', 'batch': 1, 'num_heads': 16, 'num_kv_heads': 1, 'dtype': 'torch.float8_e4m3fn', 'scale_mode': 'scalar', 'num_chunks': 16, 'mode': 'partial', 'median_us': 8.031999692320824, 'p95_us': 9.727999567985535, 'stdev_us': 0.9774794932185334, 'iterations': 500, 'max_abs_error': 0.00048828125, 'cosine_similarity': 0.9999946355819702, 'seed': 20260829}
{'gpu': 'NVIDIA B300 SXM6 AC', 'batch': 1, 'num_heads': 16, 'num_kv_heads': 1, 'dtype': 'torch.float8_e4m3fn', 'scale_mode': 'scalar', 'num_chunks': 16, 'mode': 'full', 'median_us': 10.048000141978264, 'p95_us': 10.944000445306301, 'stdev_us': 0.3859258999438514, 'iterations': 500, 'max_abs_error': 0.00048828125, 'cosine_similarity': 0.9999946355819702, 'seed': 20260829}
trial=07 batch=1 scale_mode=scalar modes=partial full merge
{'gpu': 'NVIDIA B300 SXM6 AC', 'batch': 1, 'num_heads': 16, 'num_kv_heads': 1, 'dtype': 'torch.float8_e4m3fn', 'scale_mode': 'scalar', 'num_chunks': 16, 'mode': 'partial', 'median_us': 8.799999952316284, 'p95_us': 9.216000325977802, 'stdev_us': 0.7525504519671167, 'iterations': 500, 'max_abs_error': 0.00048828125, 'cosine_similarity': 0.9999946355819702, 'seed': 20260829}
{'gpu': 'NVIDIA B300 SXM6 AC', 'batch': 1, 'num_heads': 16, 'num_kv_heads': 1, 'dtype': 'torch.float8_e4m3fn', 'scale_mode': 'scalar', 'num_chunks': 16, 'mode': 'full', 'median_us': 10.048000141978264, 'p95_us': 11.680000461637974, 'stdev_us': 0.48491182668174515, 'iterations': 500, 'max_abs_error': 0.00048828125, 'cosine_similarity': 0.9999946355819702, 'seed': 20260829}
{'gpu': 'NVIDIA B300 SXM6 AC', 'batch': 1, 'num_heads': 16, 'num_kv_heads': 1, 'dtype': 'torch.float8_e4m3fn', 'scale_mode': 'scalar', 'num_chunks': 16, 'mode': 'merge', 'median_us': 6.912000011652708, 'p95_us': 7.2639998979866505, 'stdev_us': 0.7326694716614589, 'iterations': 500, 'max_abs_error': 0.00048828125, 'cosine_similarity': 0.9999946355819702, 'seed': 20260829}
trial=07 batch=8 scale_mode=scalar modes=partial full merge
{'gpu': 'NVIDIA B300 SXM6 AC', 'batch': 8, 'num_heads': 16, 'num_kv_heads': 1, 'dtype': 'torch.float8_e4m3fn', 'scale_mode': 'scalar', 'num_chunks': 16, 'mode': 'partial', 'median_us': 10.048000141978264, 'p95_us': 10.33599954098463, 'stdev_us': 0.3231795960658326, 'iterations': 500, 'max_abs_error': 0.00048828125, 'cosine_similarity': 0.9999952912330627, 'seed': 20260829}
{'gpu': 'NVIDIA B300 SXM6 AC', 'batch': 8, 'num_heads': 16, 'num_kv_heads': 1, 'dtype': 'torch.float8_e4m3fn', 'scale_mode': 'scalar', 'num_chunks': 16, 'mode': 'full', 'median_us': 12.095999903976917, 'p95_us': 12.384000234305859, 'stdev_us': 0.21166239654609154, 'iterations': 500, 'max_abs_error': 0.00048828125, 'cosine_similarity': 0.9999952912330627, 'seed': 20260829}
{'gpu': 'NVIDIA B300 SXM6 AC', 'batch': 8, 'num_heads': 16, 'num_kv_heads': 1, 'dtype': 'torch.float8_e4m3fn', 'scale_mode': 'scalar', 'num_chunks': 16, 'mode': 'merge', 'median_us': 6.591999903321266, 'p95_us': 7.168000098317862, 'stdev_us': 0.733255330584512, 'iterations': 500, 'max_abs_error': 0.00048828125, 'cosine_similarity': 0.9999952912330627, 'seed': 20260829}
trial=07 batch=16 scale_mode=scalar modes=partial full merge
{'gpu': 'NVIDIA B300 SXM6 AC', 'batch': 16, 'num_heads': 16, 'num_kv_heads': 1, 'dtype': 'torch.float8_e4m3fn', 'scale_mode': 'scalar', 'num_chunks': 16, 'mode': 'partial', 'median_us': 12.06399966031313, 'p95_us': 12.28800043463707, 'stdev_us': 0.5450756676024939, 'iterations': 500, 'max_abs_error': 0.00048828125, 'cosine_similarity': 0.9999955296516418, 'seed': 20260829}
{'gpu': 'NVIDIA B300 SXM6 AC', 'batch': 16, 'num_heads': 16, 'num_kv_heads': 1, 'dtype': 'torch.float8_e4m3fn', 'scale_mode': 'scalar', 'num_chunks': 16, 'mode': 'full', 'median_us': 14.14399966597557, 'p95_us': 14.368000440299511, 'stdev_us': 0.1619070801001792, 'iterations': 500, 'max_abs_error': 0.00048828125, 'cosine_similarity': 0.9999955296516418, 'seed': 20260829}
{'gpu': 'NVIDIA B300 SXM6 AC', 'batch': 16, 'num_heads': 16, 'num_kv_heads': 1, 'dtype': 'torch.float8_e4m3fn', 'scale_mode': 'scalar', 'num_chunks': 16, 'mode': 'merge', 'median_us': 6.783999968320131, 'p95_us': 7.199999876320362, 'stdev_us': 0.6658793194524332, 'iterations': 500, 'max_abs_error': 0.00048828125, 'cosine_similarity': 0.9999955296516418, 'seed': 20260829}
trial=07 batch=1 scale_mode=per_token_head modes=partial full merge
{'gpu': 'NVIDIA B300 SXM6 AC', 'batch': 1, 'num_heads': 16, 'num_kv_heads': 1, 'dtype': 'torch.float8_e4m3fn', 'scale_mode': 'per_token_head', 'num_chunks': 16, 'mode': 'partial', 'median_us': 8.704000152647495, 'p95_us': 10.048000141978264, 'stdev_us': 0.827829471903217, 'iterations': 500, 'max_abs_error': 0.00048828125, 'cosine_similarity': 0.9999932050704956, 'seed': 20260829}
{'gpu': 'NVIDIA B300 SXM6 AC', 'batch': 1, 'num_heads': 16, 'num_kv_heads': 1, 'dtype': 'torch.float8_e4m3fn', 'scale_mode': 'per_token_head', 'num_chunks': 16, 'mode': 'full', 'median_us': 10.080000385642052, 'p95_us': 12.000000104308128, 'stdev_us': 0.7958236880038311, 'iterations': 500, 'max_abs_error': 0.00048828125, 'cosine_similarity': 0.9999932050704956, 'seed': 20260829}
{'gpu': 'NVIDIA B300 SXM6 AC', 'batch': 1, 'num_heads': 16, 'num_kv_heads': 1, 'dtype': 'torch.float8_e4m3fn', 'scale_mode': 'per_token_head', 'num_chunks': 16, 'mode': 'merge', 'median_us': 6.84799998998642, 'p95_us': 7.23200011998415, 'stdev_us': 0.7973924372712188, 'iterations': 500, 'max_abs_error': 0.00048828125, 'cosine_similarity': 0.9999932050704956, 'seed': 20260829}
trial=07 batch=8 scale_mode=per_token_head modes=partial full merge
{'gpu': 'NVIDIA B300 SXM6 AC', 'batch': 8, 'num_heads': 16, 'num_kv_heads': 1, 'dtype': 'torch.float8_e4m3fn', 'scale_mode': 'per_token_head', 'num_chunks': 16, 'mode': 'partial', 'median_us': 10.048000141978264, 'p95_us': 10.304000228643417, 'stdev_us': 0.24728284630820152, 'iterations': 500, 'max_abs_error': 0.00048828125, 'cosine_similarity': 0.9999935626983643, 'seed': 20260829}
{'gpu': 'NVIDIA B300 SXM6 AC', 'batch': 8, 'num_heads': 16, 'num_kv_heads': 1, 'dtype': 'torch.float8_e4m3fn', 'scale_mode': 'per_token_head', 'num_chunks': 16, 'mode': 'full', 'median_us': 12.095999903976917, 'p95_us': 12.319999746978283, 'stdev_us': 0.16907725673522017, 'iterations': 500, 'max_abs_error': 0.00048828125, 'cosine_similarity': 0.9999935626983643, 'seed': 20260829}
{'gpu': 'NVIDIA B300 SXM6 AC', 'batch': 8, 'num_heads': 16, 'num_kv_heads': 1, 'dtype': 'torch.float8_e4m3fn', 'scale_mode': 'per_token_head', 'num_chunks': 16, 'mode': 'merge', 'median_us': 6.783999968320131, 'p95_us': 7.424000184983015, 'stdev_us': 0.7215594577996953, 'iterations': 500, 'max_abs_error': 0.00048828125, 'cosine_similarity': 0.9999935626983643, 'seed': 20260829}
trial=07 batch=16 scale_mode=per_token_head modes=partial full merge
{'gpu': 'NVIDIA B300 SXM6 AC', 'batch': 16, 'num_heads': 16, 'num_kv_heads': 1, 'dtype': 'torch.float8_e4m3fn', 'scale_mode': 'per_token_head', 'num_chunks': 16, 'mode': 'partial', 'median_us': 10.080000385642052, 'p95_us': 12.032000347971916, 'stdev_us': 0.799655791624078, 'iterations': 500, 'max_abs_error': 0.00048828125, 'cosine_similarity': 0.9999938011169434, 'seed': 20260829}
{'gpu': 'NVIDIA B300 SXM6 AC', 'batch': 16, 'num_heads': 16, 'num_kv_heads': 1, 'dtype': 'torch.float8_e4m3fn', 'scale_mode': 'per_token_head', 'num_chunks': 16, 'mode': 'full', 'median_us': 14.14399966597557, 'p95_us': 14.303999952971935, 'stdev_us': 0.2604592396221042, 'iterations': 500, 'max_abs_error': 0.00048828125, 'cosine_similarity': 0.9999938011169434, 'seed': 20260829}
{'gpu': 'NVIDIA B300 SXM6 AC', 'batch': 16, 'num_heads': 16, 'num_kv_heads': 1, 'dtype': 'torch.float8_e4m3fn', 'scale_mode': 'per_token_head', 'num_chunks': 16, 'mode': 'merge', 'median_us': 6.688000168651342, 'p95_us': 8.767999708652496, 'stdev_us': 0.9986194475471979, 'iterations': 500, 'max_abs_error': 0.00048828125, 'cosine_similarity': 0.9999938011169434, 'seed': 20260829}
trial=08 batch=16 scale_mode=per_token_head modes=full merge partial
{'gpu': 'NVIDIA B300 SXM6 AC', 'batch': 16, 'num_heads': 16, 'num_kv_heads': 1, 'dtype': 'torch.float8_e4m3fn', 'scale_mode': 'per_token_head', 'num_chunks': 16, 'mode': 'full', 'median_us': 14.14399966597557, 'p95_us': 14.431999996304512, 'stdev_us': 0.22742343871702472, 'iterations': 500, 'max_abs_error': 0.00048828125, 'cosine_similarity': 0.9999938011169434, 'seed': 20260829}
{'gpu': 'NVIDIA B300 SXM6 AC', 'batch': 16, 'num_heads': 16, 'num_kv_heads': 1, 'dtype': 'torch.float8_e4m3fn', 'scale_mode': 'per_token_head', 'num_chunks': 16, 'mode': 'merge', 'median_us': 6.84799998998642, 'p95_us': 7.424000184983015, 'stdev_us': 1.2996572997614435, 'iterations': 500, 'max_abs_error': 0.00048828125, 'cosine_similarity': 0.9999938011169434, 'seed': 20260829}
{'gpu': 'NVIDIA B300 SXM6 AC', 'batch': 16, 'num_heads': 16, 'num_kv_heads': 1, 'dtype': 'torch.float8_e4m3fn', 'scale_mode': 'per_token_head', 'num_chunks': 16, 'mode': 'partial', 'median_us': 10.080000385642052, 'p95_us': 12.000000104308128, 'stdev_us': 0.7724287839591072, 'iterations': 500, 'max_abs_error': 0.00048828125, 'cosine_similarity': 0.9999938011169434, 'seed': 20260829}
trial=08 batch=8 scale_mode=per_token_head modes=full merge partial
{'gpu': 'NVIDIA B300 SXM6 AC', 'batch': 8, 'num_heads': 16, 'num_kv_heads': 1, 'dtype': 'torch.float8_e4m3fn', 'scale_mode': 'per_token_head', 'num_chunks': 16, 'mode': 'full', 'median_us': 12.06399966031313, 'p95_us': 12.384000234305859, 'stdev_us': 0.2145940419504468, 'iterations': 500, 'max_abs_error': 0.00048828125, 'cosine_similarity': 0.9999935626983643, 'seed': 20260829}
{'gpu': 'NVIDIA B300 SXM6 AC', 'batch': 8, 'num_heads': 16, 'num_kv_heads': 1, 'dtype': 'torch.float8_e4m3fn', 'scale_mode': 'per_token_head', 'num_chunks': 16, 'mode': 'merge', 'median_us': 6.912000011652708, 'p95_us': 7.360000163316727, 'stdev_us': 2.7605846356994506, 'iterations': 500, 'max_abs_error': 0.00048828125, 'cosine_similarity': 0.9999935626983643, 'seed': 20260829}
{'gpu': 'NVIDIA B300 SXM6 AC', 'batch': 8, 'num_heads': 16, 'num_kv_heads': 1, 'dtype': 'torch.float8_e4m3fn', 'scale_mode': 'per_token_head', 'num_chunks': 16, 'mode': 'partial', 'median_us': 10.015999898314476, 'p95_us': 10.432000271975994, 'stdev_us': 0.25382085570006513, 'iterations': 500, 'max_abs_error': 0.00048828125, 'cosine_similarity': 0.9999935626983643, 'seed': 20260829}
trial=08 batch=1 scale_mode=per_token_head modes=full merge partial
{'gpu': 'NVIDIA B300 SXM6 AC', 'batch': 1, 'num_heads': 16, 'num_kv_heads': 1, 'dtype': 'torch.float8_e4m3fn', 'scale_mode': 'per_token_head', 'num_chunks': 16, 'mode': 'full', 'median_us': 10.080000385642052, 'p95_us': 12.000000104308128, 'stdev_us': 0.7289678370570236, 'iterations': 500, 'max_abs_error': 0.00048828125, 'cosine_similarity': 0.9999932050704956, 'seed': 20260829}
{'gpu': 'NVIDIA B300 SXM6 AC', 'batch': 1, 'num_heads': 16, 'num_kv_heads': 1, 'dtype': 'torch.float8_e4m3fn', 'scale_mode': 'per_token_head', 'num_chunks': 16, 'mode': 'merge', 'median_us': 6.84799998998642, 'p95_us': 7.296000141650438, 'stdev_us': 0.8847773865087817, 'iterations': 500, 'max_abs_error': 0.00048828125, 'cosine_similarity': 0.9999932050704956, 'seed': 20260829}
{'gpu': 'NVIDIA B300 SXM6 AC', 'batch': 1, 'num_heads': 16, 'num_kv_heads': 1, 'dtype': 'torch.float8_e4m3fn', 'scale_mode': 'per_token_head', 'num_chunks': 16, 'mode': 'partial', 'median_us': 8.063999935984612, 'p95_us': 10.015999898314476, 'stdev_us': 0.8559783960746625, 'iterations': 500, 'max_abs_error': 0.00048828125, 'cosine_similarity': 0.9999932050704956, 'seed': 20260829}
trial=08 batch=16 scale_mode=scalar modes=full merge partial
{'gpu': 'NVIDIA B300 SXM6 AC', 'batch': 16, 'num_heads': 16, 'num_kv_heads': 1, 'dtype': 'torch.float8_e4m3fn', 'scale_mode': 'scalar', 'num_chunks': 16, 'mode': 'full', 'median_us': 14.14399966597557, 'p95_us': 14.368000440299511, 'stdev_us': 0.2162660343049345, 'iterations': 500, 'max_abs_error': 0.00048828125, 'cosine_similarity': 0.9999955296516418, 'seed': 20260829}
{'gpu': 'NVIDIA B300 SXM6 AC', 'batch': 16, 'num_heads': 16, 'num_kv_heads': 1, 'dtype': 'torch.float8_e4m3fn', 'scale_mode': 'scalar', 'num_chunks': 16, 'mode': 'merge', 'median_us': 6.912000011652708, 'p95_us': 7.327999919652939, 'stdev_us': 0.8697891167315777, 'iterations': 500, 'max_abs_error': 0.00048828125, 'cosine_similarity': 0.9999955296516418, 'seed': 20260829}
{'gpu': 'NVIDIA B300 SXM6 AC', 'batch': 16, 'num_heads': 16, 'num_kv_heads': 1, 'dtype': 'torch.float8_e4m3fn', 'scale_mode': 'scalar', 'num_chunks': 16, 'mode': 'partial', 'median_us': 12.06399966031313, 'p95_us': 12.28800043463707, 'stdev_us': 0.3848864549627742, 'iterations': 500, 'max_abs_error': 0.00048828125, 'cosine_similarity': 0.9999955296516418, 'seed': 20260829}
trial=08 batch=8 scale_mode=scalar modes=full merge partial
{'gpu': 'NVIDIA B300 SXM6 AC', 'batch': 8, 'num_heads': 16, 'num_kv_heads': 1, 'dtype': 'torch.float8_e4m3fn', 'scale_mode': 'scalar', 'num_chunks': 16, 'mode': 'full', 'median_us': 12.095999903976917, 'p95_us': 12.319999746978283, 'stdev_us': 0.22399908499553958, 'iterations': 500, 'max_abs_error': 0.00048828125, 'cosine_similarity': 0.9999952912330627, 'seed': 20260829}
{'gpu': 'NVIDIA B300 SXM6 AC', 'batch': 8, 'num_heads': 16, 'num_kv_heads': 1, 'dtype': 'torch.float8_e4m3fn', 'scale_mode': 'scalar', 'num_chunks': 16, 'mode': 'merge', 'median_us': 6.84799998998642, 'p95_us': 7.296000141650438, 'stdev_us': 0.8819771253346892, 'iterations': 500, 'max_abs_error': 0.00048828125, 'cosine_similarity': 0.9999952912330627, 'seed': 20260829}
{'gpu': 'NVIDIA B300 SXM6 AC', 'batch': 8, 'num_heads': 16, 'num_kv_heads': 1, 'dtype': 'torch.float8_e4m3fn', 'scale_mode': 'scalar', 'num_chunks': 16, 'mode': 'partial', 'median_us': 10.015999898314476, 'p95_us': 10.33599954098463, 'stdev_us': 0.23377443557131644, 'iterations': 500, 'max_abs_error': 0.00048828125, 'cosine_similarity': 0.9999952912330627, 'seed': 20260829}
trial=08 batch=1 scale_mode=scalar modes=full merge partial
{'gpu': 'NVIDIA B300 SXM6 AC', 'batch': 1, 'num_heads': 16, 'num_kv_heads': 1, 'dtype': 'torch.float8_e4m3fn', 'scale_mode': 'scalar', 'num_chunks': 16, 'mode': 'full', 'median_us': 10.080000385642052, 'p95_us': 11.231999844312668, 'stdev_us': 0.5854536326393696, 'iterations': 500, 'max_abs_error': 0.00048828125, 'cosine_similarity': 0.9999946355819702, 'seed': 20260829}
{'gpu': 'NVIDIA B300 SXM6 AC', 'batch': 1, 'num_heads': 16, 'num_kv_heads': 1, 'dtype': 'torch.float8_e4m3fn', 'scale_mode': 'scalar', 'num_chunks': 16, 'mode': 'merge', 'median_us': 6.6559999249875546, 'p95_us': 7.2639998979866505, 'stdev_us': 0.8517217817441736, 'iterations': 500, 'max_abs_error': 0.00048828125, 'cosine_similarity': 0.9999946355819702, 'seed': 20260829}
{'gpu': 'NVIDIA B300 SXM6 AC', 'batch': 1, 'num_heads': 16, 'num_kv_heads': 1, 'dtype': 'torch.float8_e4m3fn', 'scale_mode': 'scalar', 'num_chunks': 16, 'mode': 'partial', 'median_us': 8.031999692320824, 'p95_us': 9.696000255644321, 'stdev_us': 0.5814727657972618, 'iterations': 500, 'max_abs_error': 0.00048828125, 'cosine_similarity': 0.9999946355819702, 'seed': 20260829}
trial=09 batch=1 scale_mode=scalar modes=merge partial full
{'gpu': 'NVIDIA B300 SXM6 AC', 'batch': 1, 'num_heads': 16, 'num_kv_heads': 1, 'dtype': 'torch.float8_e4m3fn', 'scale_mode': 'scalar', 'num_chunks': 16, 'mode': 'merge', 'median_us': 7.040000054985285, 'p95_us': 8.832000195980072, 'stdev_us': 1.3126069202692778, 'iterations': 500, 'max_abs_error': 0.00048828125, 'cosine_similarity': 0.9999946355819702, 'seed': 20260829}
{'gpu': 'NVIDIA B300 SXM6 AC', 'batch': 1, 'num_heads': 16, 'num_kv_heads': 1, 'dtype': 'torch.float8_e4m3fn', 'scale_mode': 'scalar', 'num_chunks': 16, 'mode': 'partial', 'median_us': 8.608000352978706, 'p95_us': 9.375999681651592, 'stdev_us': 0.5884498161854727, 'iterations': 500, 'max_abs_error': 0.00048828125, 'cosine_similarity': 0.9999946355819702, 'seed': 20260829}
{'gpu': 'NVIDIA B300 SXM6 AC', 'batch': 1, 'num_heads': 16, 'num_kv_heads': 1, 'dtype': 'torch.float8_e4m3fn', 'scale_mode': 'scalar', 'num_chunks': 16, 'mode': 'full', 'median_us': 10.048000141978264, 'p95_us': 11.680000461637974, 'stdev_us': 0.48949436109235817, 'iterations': 500, 'max_abs_error': 0.00048828125, 'cosine_similarity': 0.9999946355819702, 'seed': 20260829}
trial=09 batch=8 scale_mode=scalar modes=merge partial full
{'gpu': 'NVIDIA B300 SXM6 AC', 'batch': 8, 'num_heads': 16, 'num_kv_heads': 1, 'dtype': 'torch.float8_e4m3fn', 'scale_mode': 'scalar', 'num_chunks': 16, 'mode': 'merge', 'median_us': 6.912000011652708, 'p95_us': 7.424000184983015, 'stdev_us': 1.2026943429340105, 'iterations': 500, 'max_abs_error': 0.00048828125, 'cosine_similarity': 0.9999952912330627, 'seed': 20260829}
{'gpu': 'NVIDIA B300 SXM6 AC', 'batch': 8, 'num_heads': 16, 'num_kv_heads': 1, 'dtype': 'torch.float8_e4m3fn', 'scale_mode': 'scalar', 'num_chunks': 16, 'mode': 'partial', 'median_us': 10.015999898314476, 'p95_us': 10.27199998497963, 'stdev_us': 0.3042066422808638, 'iterations': 500, 'max_abs_error': 0.00048828125, 'cosine_similarity': 0.9999952912330627, 'seed': 20260829}
{'gpu': 'NVIDIA B300 SXM6 AC', 'batch': 8, 'num_heads': 16, 'num_kv_heads': 1, 'dtype': 'torch.float8_e4m3fn', 'scale_mode': 'scalar', 'num_chunks': 16, 'mode': 'full', 'median_us': 12.095999903976917, 'p95_us': 12.319999746978283, 'stdev_us': 0.1969128898016072, 'iterations': 500, 'max_abs_error': 0.00048828125, 'cosine_similarity': 0.9999952912330627, 'seed': 20260829}
trial=09 batch=16 scale_mode=scalar modes=merge partial full
{'gpu': 'NVIDIA B300 SXM6 AC', 'batch': 16, 'num_heads': 16, 'num_kv_heads': 1, 'dtype': 'torch.float8_e4m3fn', 'scale_mode': 'scalar', 'num_chunks': 16, 'mode': 'merge', 'median_us': 6.943999789655209, 'p95_us': 9.119999594986439, 'stdev_us': 1.2897850308678815, 'iterations': 500, 'max_abs_error': 0.00048828125, 'cosine_similarity': 0.9999955296516418, 'seed': 20260829}
{'gpu': 'NVIDIA B300 SXM6 AC', 'batch': 16, 'num_heads': 16, 'num_kv_heads': 1, 'dtype': 'torch.float8_e4m3fn', 'scale_mode': 'scalar', 'num_chunks': 16, 'mode': 'partial', 'median_us': 12.032000347971916, 'p95_us': 12.256000190973282, 'stdev_us': 0.5733205849981982, 'iterations': 500, 'max_abs_error': 0.00048828125, 'cosine_similarity': 0.9999955296516418, 'seed': 20260829}
{'gpu': 'NVIDIA B300 SXM6 AC', 'batch': 16, 'num_heads': 16, 'num_kv_heads': 1, 'dtype': 'torch.float8_e4m3fn', 'scale_mode': 'scalar', 'num_chunks': 16, 'mode': 'full', 'median_us': 14.14399966597557, 'p95_us': 14.431999996304512, 'stdev_us': 0.20229076359649842, 'iterations': 500, 'max_abs_error': 0.00048828125, 'cosine_similarity': 0.9999955296516418, 'seed': 20260829}
trial=09 batch=1 scale_mode=per_token_head modes=merge partial full
{'gpu': 'NVIDIA B300 SXM6 AC', 'batch': 1, 'num_heads': 16, 'num_kv_heads': 1, 'dtype': 'torch.float8_e4m3fn', 'scale_mode': 'per_token_head', 'num_chunks': 16, 'mode': 'merge', 'median_us': 6.84799998998642, 'p95_us': 7.455999962985516, 'stdev_us': 0.9012165812264419, 'iterations': 500, 'max_abs_error': 0.00048828125, 'cosine_similarity': 0.9999932050704956, 'seed': 20260829}
{'gpu': 'NVIDIA B300 SXM6 AC', 'batch': 1, 'num_heads': 16, 'num_kv_heads': 1, 'dtype': 'torch.float8_e4m3fn', 'scale_mode': 'per_token_head', 'num_chunks': 16, 'mode': 'partial', 'median_us': 8.0960001796484, 'p95_us': 10.015999898314476, 'stdev_us': 0.8344445518495094, 'iterations': 500, 'max_abs_error': 0.00048828125, 'cosine_similarity': 0.9999932050704956, 'seed': 20260829}
{'gpu': 'NVIDIA B300 SXM6 AC', 'batch': 1, 'num_heads': 16, 'num_kv_heads': 1, 'dtype': 'torch.float8_e4m3fn', 'scale_mode': 'per_token_head', 'num_chunks': 16, 'mode': 'full', 'median_us': 10.080000385642052, 'p95_us': 12.000000104308128, 'stdev_us': 0.8174761750790397, 'iterations': 500, 'max_abs_error': 0.00048828125, 'cosine_similarity': 0.9999932050704956, 'seed': 20260829}
trial=09 batch=8 scale_mode=per_token_head modes=merge partial full
{'gpu': 'NVIDIA B300 SXM6 AC', 'batch': 8, 'num_heads': 16, 'num_kv_heads': 1, 'dtype': 'torch.float8_e4m3fn', 'scale_mode': 'per_token_head', 'num_chunks': 16, 'mode': 'merge', 'median_us': 6.87999976798892, 'p95_us': 7.296000141650438, 'stdev_us': 0.9721864677682843, 'iterations': 500, 'max_abs_error': 0.00048828125, 'cosine_similarity': 0.9999935626983643, 'seed': 20260829}
{'gpu': 'NVIDIA B300 SXM6 AC', 'batch': 8, 'num_heads': 16, 'num_kv_heads': 1, 'dtype': 'torch.float8_e4m3fn', 'scale_mode': 'per_token_head', 'num_chunks': 16, 'mode': 'partial', 'median_us': 10.015999898314476, 'p95_us': 10.400000028312206, 'stdev_us': 0.22524750904770363, 'iterations': 500, 'max_abs_error': 0.00048828125, 'cosine_similarity': 0.9999935626983643, 'seed': 20260829}
{'gpu': 'NVIDIA B300 SXM6 AC', 'batch': 8, 'num_heads': 16, 'num_kv_heads': 1, 'dtype': 'torch.float8_e4m3fn', 'scale_mode': 'per_token_head', 'num_chunks': 16, 'mode': 'full', 'median_us': 12.06399966031313, 'p95_us': 12.35199999064207, 'stdev_us': 0.1874978876329547, 'iterations': 500, 'max_abs_error': 0.00048828125, 'cosine_similarity': 0.9999935626983643, 'seed': 20260829}
trial=09 batch=16 scale_mode=per_token_head modes=merge partial full
{'gpu': 'NVIDIA B300 SXM6 AC', 'batch': 16, 'num_heads': 16, 'num_kv_heads': 1, 'dtype': 'torch.float8_e4m3fn', 'scale_mode': 'per_token_head', 'num_chunks': 16, 'mode': 'merge', 'median_us': 6.816000211983919, 'p95_us': 7.519999984651804, 'stdev_us': 0.8527191773956967, 'iterations': 500, 'max_abs_error': 0.00048828125, 'cosine_similarity': 0.9999938011169434, 'seed': 20260829}
{'gpu': 'NVIDIA B300 SXM6 AC', 'batch': 16, 'num_heads': 16, 'num_kv_heads': 1, 'dtype': 'torch.float8_e4m3fn', 'scale_mode': 'per_token_head', 'num_chunks': 16, 'mode': 'partial', 'median_us': 10.080000385642052, 'p95_us': 12.000000104308128, 'stdev_us': 0.7918858751382939, 'iterations': 500, 'max_abs_error': 0.00048828125, 'cosine_similarity': 0.9999938011169434, 'seed': 20260829}
{'gpu': 'NVIDIA B300 SXM6 AC', 'batch': 16, 'num_heads': 16, 'num_kv_heads': 1, 'dtype': 'torch.float8_e4m3fn', 'scale_mode': 'per_token_head', 'num_chunks': 16, 'mode': 'full', 'median_us': 14.14399966597557, 'p95_us': 14.368000440299511, 'stdev_us': 0.1818146830922272, 'iterations': 500, 'max_abs_error': 0.00048828125, 'cosine_similarity': 0.9999938011169434, 'seed': 20260829}
trial=10 batch=16 scale_mode=per_token_head modes=partial full merge
{'gpu': 'NVIDIA B300 SXM6 AC', 'batch': 16, 'num_heads': 16, 'num_kv_heads': 1, 'dtype': 'torch.float8_e4m3fn', 'scale_mode': 'per_token_head', 'num_chunks': 16, 'mode': 'partial', 'median_us': 10.080000385642052, 'p95_us': 11.96799986064434, 'stdev_us': 0.7126281405302383, 'iterations': 500, 'max_abs_error': 0.00048828125, 'cosine_similarity': 0.9999938011169434, 'seed': 20260829}
{'gpu': 'NVIDIA B300 SXM6 AC', 'batch': 16, 'num_heads': 16, 'num_kv_heads': 1, 'dtype': 'torch.float8_e4m3fn', 'scale_mode': 'per_token_head', 'num_chunks': 16, 'mode': 'full', 'median_us': 14.14399966597557, 'p95_us': 14.368000440299511, 'stdev_us': 0.17547017675540505, 'iterations': 500, 'max_abs_error': 0.00048828125, 'cosine_similarity': 0.9999938011169434, 'seed': 20260829}
{'gpu': 'NVIDIA B300 SXM6 AC', 'batch': 16, 'num_heads': 16, 'num_kv_heads': 1, 'dtype': 'torch.float8_e4m3fn', 'scale_mode': 'per_token_head', 'num_chunks': 16, 'mode': 'merge', 'median_us': 6.87999976798892, 'p95_us': 7.391999941319227, 'stdev_us': 0.6211153081304633, 'iterations': 500, 'max_abs_error': 0.00048828125, 'cosine_similarity': 0.9999938011169434, 'seed': 20260829}
trial=10 batch=8 scale_mode=per_token_head modes=partial full merge
{'gpu': 'NVIDIA B300 SXM6 AC', 'batch': 8, 'num_heads': 16, 'num_kv_heads': 1, 'dtype': 'torch.float8_e4m3fn', 'scale_mode': 'per_token_head', 'num_chunks': 16, 'mode': 'partial', 'median_us': 10.048000141978264, 'p95_us': 10.367999784648418, 'stdev_us': 0.2618608939932708, 'iterations': 500, 'max_abs_error': 0.00048828125, 'cosine_similarity': 0.9999935626983643, 'seed': 20260829}
{'gpu': 'NVIDIA B300 SXM6 AC', 'batch': 8, 'num_heads': 16, 'num_kv_heads': 1, 'dtype': 'torch.float8_e4m3fn', 'scale_mode': 'per_token_head', 'num_chunks': 16, 'mode': 'full', 'median_us': 12.095999903976917, 'p95_us': 12.415999546647072, 'stdev_us': 0.23498357304260092, 'iterations': 500, 'max_abs_error': 0.00048828125, 'cosine_similarity': 0.9999935626983643, 'seed': 20260829}
{'gpu': 'NVIDIA B300 SXM6 AC', 'batch': 8, 'num_heads': 16, 'num_kv_heads': 1, 'dtype': 'torch.float8_e4m3fn', 'scale_mode': 'per_token_head', 'num_chunks': 16, 'mode': 'merge', 'median_us': 6.84799998998642, 'p95_us': 8.895999751985073, 'stdev_us': 2.491042428918645, 'iterations': 500, 'max_abs_error': 0.00048828125, 'cosine_similarity': 0.9999935626983643, 'seed': 20260829}
trial=10 batch=1 scale_mode=per_token_head modes=partial full merge
{'gpu': 'NVIDIA B300 SXM6 AC', 'batch': 1, 'num_heads': 16, 'num_kv_heads': 1, 'dtype': 'torch.float8_e4m3fn', 'scale_mode': 'per_token_head', 'num_chunks': 16, 'mode': 'partial', 'median_us': 8.895999751985073, 'p95_us': 9.983999654650688, 'stdev_us': 0.8745050287989415, 'iterations': 500, 'max_abs_error': 0.00048828125, 'cosine_similarity': 0.9999932050704956, 'seed': 20260829}
{'gpu': 'NVIDIA B300 SXM6 AC', 'batch': 1, 'num_heads': 16, 'num_kv_heads': 1, 'dtype': 'torch.float8_e4m3fn', 'scale_mode': 'per_token_head', 'num_chunks': 16, 'mode': 'full', 'median_us': 10.080000385642052, 'p95_us': 12.095999903976917, 'stdev_us': 0.8456577543056455, 'iterations': 500, 'max_abs_error': 0.00048828125, 'cosine_similarity': 0.9999932050704956, 'seed': 20260829}
{'gpu': 'NVIDIA B300 SXM6 AC', 'batch': 1, 'num_heads': 16, 'num_kv_heads': 1, 'dtype': 'torch.float8_e4m3fn', 'scale_mode': 'per_token_head', 'num_chunks': 16, 'mode': 'merge', 'median_us': 6.912000011652708, 'p95_us': 8.352000266313553, 'stdev_us': 1.0907381603184898, 'iterations': 500, 'max_abs_error': 0.00048828125, 'cosine_similarity': 0.9999932050704956, 'seed': 20260829}
trial=10 batch=16 scale_mode=scalar modes=partial full merge
{'gpu': 'NVIDIA B300 SXM6 AC', 'batch': 16, 'num_heads': 16, 'num_kv_heads': 1, 'dtype': 'torch.float8_e4m3fn', 'scale_mode': 'scalar', 'num_chunks': 16, 'mode': 'partial', 'median_us': 12.032000347971916, 'p95_us': 12.256000190973282, 'stdev_us': 0.5015228132034182, 'iterations': 500, 'max_abs_error': 0.00048828125, 'cosine_similarity': 0.9999955296516418, 'seed': 20260829}
{'gpu': 'NVIDIA B300 SXM6 AC', 'batch': 16, 'num_heads': 16, 'num_kv_heads': 1, 'dtype': 'torch.float8_e4m3fn', 'scale_mode': 'scalar', 'num_chunks': 16, 'mode': 'full', 'median_us': 14.14399966597557, 'p95_us': 14.336000196635723, 'stdev_us': 0.1635087278501837, 'iterations': 500, 'max_abs_error': 0.00048828125, 'cosine_similarity': 0.9999955296516418, 'seed': 20260829}
{'gpu': 'NVIDIA B300 SXM6 AC', 'batch': 16, 'num_heads': 16, 'num_kv_heads': 1, 'dtype': 'torch.float8_e4m3fn', 'scale_mode': 'scalar', 'num_chunks': 16, 'mode': 'merge', 'median_us': 6.943999789655209, 'p95_us': 9.119999594986439, 'stdev_us': 1.1886805480380902, 'iterations': 500, 'max_abs_error': 0.00048828125, 'cosine_similarity': 0.9999955296516418, 'seed': 20260829}
trial=10 batch=8 scale_mode=scalar modes=partial full merge
{'gpu': 'NVIDIA B300 SXM6 AC', 'batch': 8, 'num_heads': 16, 'num_kv_heads': 1, 'dtype': 'torch.float8_e4m3fn', 'scale_mode': 'scalar', 'num_chunks': 16, 'mode': 'partial', 'median_us': 10.015999898314476, 'p95_us': 10.27199998497963, 'stdev_us': 1.6260829036871782, 'iterations': 500, 'max_abs_error': 0.00048828125, 'cosine_similarity': 0.9999952912330627, 'seed': 20260829}
{'gpu': 'NVIDIA B300 SXM6 AC', 'batch': 8, 'num_heads': 16, 'num_kv_heads': 1, 'dtype': 'torch.float8_e4m3fn', 'scale_mode': 'scalar', 'num_chunks': 16, 'mode': 'full', 'median_us': 12.095999903976917, 'p95_us': 12.319999746978283, 'stdev_us': 0.18799113831382214, 'iterations': 500, 'max_abs_error': 0.00048828125, 'cosine_similarity': 0.9999952912330627, 'seed': 20260829}
{'gpu': 'NVIDIA B300 SXM6 AC', 'batch': 8, 'num_heads': 16, 'num_kv_heads': 1, 'dtype': 'torch.float8_e4m3fn', 'scale_mode': 'scalar', 'num_chunks': 16, 'mode': 'merge', 'median_us': 6.87999976798892, 'p95_us': 7.455999962985516, 'stdev_us': 0.8544445811554149, 'iterations': 500, 'max_abs_error': 0.00048828125, 'cosine_similarity': 0.9999952912330627, 'seed': 20260829}
trial=10 batch=1 scale_mode=scalar modes=partial full merge
{'gpu': 'NVIDIA B300 SXM6 AC', 'batch': 1, 'num_heads': 16, 'num_kv_heads': 1, 'dtype': 'torch.float8_e4m3fn', 'scale_mode': 'scalar', 'num_chunks': 16, 'mode': 'partial', 'median_us': 8.608000352978706, 'p95_us': 9.472000412642956, 'stdev_us': 1.010037731096193, 'iterations': 500, 'max_abs_error': 0.00048828125, 'cosine_similarity': 0.9999946355819702, 'seed': 20260829}
{'gpu': 'NVIDIA B300 SXM6 AC', 'batch': 1, 'num_heads': 16, 'num_kv_heads': 1, 'dtype': 'torch.float8_e4m3fn', 'scale_mode': 'scalar', 'num_chunks': 16, 'mode': 'full', 'median_us': 10.048000141978264, 'p95_us': 11.680000461637974, 'stdev_us': 0.4788076878568578, 'iterations': 500, 'max_abs_error': 0.00048828125, 'cosine_similarity': 0.9999946355819702, 'seed': 20260829}
{'gpu': 'NVIDIA B300 SXM6 AC', 'batch': 1, 'num_heads': 16, 'num_kv_heads': 1, 'dtype': 'torch.float8_e4m3fn', 'scale_mode': 'scalar', 'num_chunks': 16, 'mode': 'merge', 'median_us': 6.816000211983919, 'p95_us': 7.2639998979866505, 'stdev_us': 0.49792353669672207, 'iterations': 500, 'max_abs_error': 0.00048828125, 'cosine_similarity': 0.9999946355819702, 'seed': 20260829}
{'gpu': 'NVIDIA B300 SXM6 AC', 'batch': 1, 'num_heads': 16, 'num_kv_heads': 1, 'dtype': 'torch.float8_e4m3fn', 'scale_mode': 'scalar', 'num_chunks': 16, 'runs': 10, 'iterations_per_mode_per_run': 500, 'mean_partial_us': 8.408000087365508, 'mean_merge_only_us': 6.85119996778667, 'mean_full_us': 10.051200166344643, 'mean_incremental_merge_us': 1.6432000789791346, 'sample_std_incremental_merge_us': 0.3604680073482382, 'mean_eliminate_merge_upper_bound_pct': 16.347033159771925, 'sample_std_upper_bound_pct': 3.5794358460611946, 'min_upper_bound_pct': 11.78343636150961, 'max_upper_bound_pct': 20.31746641833863}
{'gpu': 'NVIDIA B300 SXM6 AC', 'batch': 8, 'num_heads': 16, 'num_kv_heads': 1, 'dtype': 'torch.float8_e4m3fn', 'scale_mode': 'scalar', 'num_chunks': 16, 'runs': 10, 'iterations_per_mode_per_run': 500, 'mean_partial_us': 10.011199954897165, 'mean_merge_only_us': 7.017599977552891, 'mean_full_us': 12.039999896660447, 'mean_incremental_merge_us': 2.028799941763282, 'sample_std_incremental_merge_us': 0.1180100462559052, 'mean_eliminate_merge_upper_bound_pct': 16.840974503504906, 'sample_std_upper_bound_pct': 0.7763001534719717, 'min_upper_bound_pct': 14.66113701942401, 'max_upper_bound_pct': 17.195767379086863}
{'gpu': 'NVIDIA B300 SXM6 AC', 'batch': 16, 'num_heads': 16, 'num_kv_heads': 1, 'dtype': 'torch.float8_e4m3fn', 'scale_mode': 'scalar', 'num_chunks': 16, 'runs': 10, 'iterations_per_mode_per_run': 500, 'mean_partial_us': 12.060799822211266, 'mean_merge_only_us': 7.033599866554141, 'mean_full_us': 14.14399966597557, 'mean_incremental_merge_us': 2.083199843764305, 'sample_std_incremental_merge_us': 0.018164488971560352, 'mean_eliminate_merge_upper_bound_pct': 14.728506030550857, 'sample_std_upper_bound_pct': 0.12842540582955747, 'min_upper_bound_pct': 14.479636668298763, 'max_upper_bound_pct': 14.932122227662546}
summary=results/raw/graph-ab-1410e42aaeac-h16-kv1-sscalar-11897.csv
{'gpu': 'NVIDIA B300 SXM6 AC', 'batch': 1, 'num_heads': 16, 'num_kv_heads': 1, 'dtype': 'torch.float8_e4m3fn', 'scale_mode': 'per_token_head', 'num_chunks': 16, 'runs': 10, 'iterations_per_mode_per_run': 500, 'mean_partial_us': 8.438399992883205, 'mean_merge_only_us': 6.8671999499201775, 'mean_full_us': 10.080000385642052, 'mean_incremental_merge_us': 1.6416003927588463, 'sample_std_incremental_merge_us': 0.3783434379626225, 'mean_eliminate_merge_upper_bound_pct': 16.285717559070147, 'sample_std_upper_bound_pct': 3.7534069790466944, 'min_upper_bound_pct': 11.746037582929745, 'max_upper_bound_pct': 20.31746641833863}
{'gpu': 'NVIDIA B300 SXM6 AC', 'batch': 8, 'num_heads': 16, 'num_kv_heads': 1, 'dtype': 'torch.float8_e4m3fn', 'scale_mode': 'per_token_head', 'num_chunks': 16, 'runs': 10, 'iterations_per_mode_per_run': 500, 'mean_partial_us': 10.03200002014637, 'mean_merge_only_us': 6.832000007852912, 'mean_full_us': 12.079999782145023, 'mean_incremental_merge_us': 2.0479997619986534, 'sample_std_incremental_merge_us': 0.015085059529524155, 'mean_eliminate_merge_upper_bound_pct': 16.953600288519965, 'sample_std_upper_bound_pct': 0.11623539366713101, 'min_upper_bound_pct': 16.710871809511797, 'max_upper_bound_pct': 17.195767379086863}
{'gpu': 'NVIDIA B300 SXM6 AC', 'batch': 16, 'num_heads': 16, 'num_kv_heads': 1, 'dtype': 'torch.float8_e4m3fn', 'scale_mode': 'per_token_head', 'num_chunks': 16, 'runs': 10, 'iterations_per_mode_per_run': 500, 'mean_partial_us': 10.080000385642052, 'mean_merge_only_us': 6.825600052252412, 'mean_full_us': 14.14399966597557, 'mean_incremental_merge_us': 4.063999280333519, 'sample_std_incremental_merge_us': 0.0, 'mean_eliminate_merge_upper_bound_pct': 28.733027264627047, 'sample_std_upper_bound_pct': 0.0, 'min_upper_bound_pct': 28.733027264627047, 'max_upper_bound_pct': 28.733027264627047}
summary=results/raw/graph-ab-1410e42aaeac-h16-kv1-sper_token_head-11897.csv
name, uuid, temperature.gpu, clocks.current.sm [MHz], power.draw [W]
NVIDIA B300 SXM6 AC, GPU-3924bd78-8b2f-8e85-3f20-8b0687d0bb0a, 34, 2032 MHz, 244.63 W
